<html>
<body>
<pre>
<h1>µVision Build Log</h1>
<h2>Tool Versions:</h2>
IDE-Version: ¦ÌVision V5.38.0.0
Copyright (C) 2022 ARM Ltd and ARM Germany GmbH. All rights reserved.
License Information: ty Administrator, t, LIC=EXJT4-F9NPU-Y8GFK-ZQJJC-EEBB3-W6HMH
 
Tool Versions:
Toolchain:       MDK-ARM Plus  Version: 5.38.0.0
Toolchain Path:  D:\keil5\ARM\ARMCC\Bin
C Compiler:      Armcc.exe V5.06 update 6 (build 750)
Assembler:       Armasm.exe V5.06 update 6 (build 750)
Linker/Locator:  ArmLink.exe V5.06 update 6 (build 750)
Library Manager: ArmAr.exe V5.06 update 6 (build 750)
Hex Converter:   FromElf.exe V5.06 update 6 (build 750)
CPU DLL:         SARMCM3.DLL V5.38.0.0
Dialog DLL:      DCM.DLL V1.17.5.0
Target DLL:      STLink\ST-LINKIII-KEIL_SWO.dll V3.1.0.0
Dialog DLL:      TCM.DLL V1.56.4.0
 
<h2>Project:</h2>
C:\Users\Administrator\Documents\GitHub\Kinco_Steering_Chassis\MDK-ARM\can.uvprojx
Project File Date:  04/07/2025

<h2>Output:</h2>
*** Using Compiler 'V5.06 update 6 (build 750)', folder: 'D:\keil5\ARM\ARMCC\Bin'
Build target 'can'
compiling object_dictionary_example.c...
..\application\object_dictionary_example.c(13): warning:  #223-D: function "malloc" declared implicitly
     OD_Entry* entry1 = (OD_Entry*)malloc(sizeof(OD_Entry));
..\application\object_dictionary_example.c(32): warning:  #223-D: function "free" declared implicitly
         free(entry1);
..\application\object_dictionary_example.c(39): warning:  #223-D: function "free" declared implicitly
         free(entry2);
..\application\object_dictionary_example.c(84): warning:  #1-D: last line of file ends without a newline
  }
..\application\object_dictionary_example.c: 4 warnings, 0 errors
compiling object_dictionary.c...
..\application\object_dictionary.c(223): warning:  #1-D: last line of file ends without a newline
  } 
..\application\object_dictionary.c: 1 warning, 0 errors
compiling main.c...
compiling CAN_receive.c...
..\application\packet_param.h(10): warning:  #47-D: incompatible redefinition of macro "CONTROL_WORD_ENABLE"  (declared at line 34 of "..\application\CAN_receive.h")
  #define CONTROL_WORD_ENABLE 0x000F
..\application\packet_param.h(11): warning:  #47-D: incompatible redefinition of macro "CONTROL_WORD_ABSOLUTE_POSITION_ENABLE"  (declared at line 36 of "..\application\CAN_receive.h")
  #define CONTROL_WORD_ABSOLUTE_POSITION_ENABLE 0x103F
..\application\CAN_receive.c(72): warning:  #1182-D: a declaration cannot have a label
              SDO_FRAME_t frame;
..\application\CAN_receive.c(80): warning:  #550-D: variable "data_length"  was set but never used
                  uint8_t data_length = 0;
..\application\CAN_receive.c(97): warning:  #550-D: variable "recv_data"  was set but never used
                  uint8_t *recv_data = NULL;
..\application\CAN_receive.c(32): warning:  #177-D: variable "gimbal_tx_message"  was declared but never referenced
  static CAN_TxHeaderTypeDef  gimbal_tx_message;
..\application\CAN_receive.c(33): warning:  #177-D: variable "gimbal_can_send_data"  was declared but never referenced
  static uint8_t              gimbal_can_send_data[8];
..\application\CAN_receive.c: 7 warnings, 0 errors
linking...
Program Size: Code=8734 RO-data=450 RW-data=40 ZI-data=1760  
FromELF: creating hex file...
"can\can.axf" - 0 Error(s), 12 Warning(s).

<h2>Software Packages used:</h2>

Package Vendor: ARM
                http://www.keil.com/pack/ARM.CMSIS.5.9.0.pack
                ARM.CMSIS.5.9.0
                CMSIS (Common Microcontroller Software Interface Standard)
   * Component: CORE Version: 5.6.0

Package Vendor: Keil
                https://www.keil.com/pack/Keil.STM32F4xx_DFP.3.0.0.pack
                Keil.STM32F4xx_DFP.3.0.0
                STMicroelectronics STM32F4 Series Device Support

<h2>Collection of Component include folders:</h2>
  ./RTE/_can
  D:/keil5/ARM/CMSIS/5.9.0/CMSIS/Core/Include

<h2>Collection of Component Files used:</h2>

   * Component: ARM::CMSIS:CORE:5.6.0
      Include file:  CMSIS/Core/Include/tz_context.h
Build Time Elapsed:  00:00:01
</pre>
</body>
</html>
