Component: ARM Compiler 5.06 update 7 (build 960) Tool: armlink [4d3601]

==============================================================================

Section Cross References

    startup_stm32f407xx.o(STACK) refers (Special) to heapauxi.o(.text) for __use_two_region_memory
    startup_stm32f407xx.o(HEAP) refers (Special) to heapauxi.o(.text) for __use_two_region_memory
    startup_stm32f407xx.o(RESET) refers (Special) to heapauxi.o(.text) for __use_two_region_memory
    startup_stm32f407xx.o(RESET) refers to startup_stm32f407xx.o(STACK) for __initial_sp
    startup_stm32f407xx.o(RESET) refers to startup_stm32f407xx.o(.text) for Reset_Handler
    startup_stm32f407xx.o(RESET) refers to stm32f4xx_it.o(i.NMI_Handler) for NMI_Handler
    startup_stm32f407xx.o(RESET) refers to stm32f4xx_it.o(i.HardFault_Handler) for HardFault_Handler
    startup_stm32f407xx.o(RESET) refers to stm32f4xx_it.o(i.MemManage_Handler) for MemManage_Handler
    startup_stm32f407xx.o(RESET) refers to stm32f4xx_it.o(i.BusFault_Handler) for BusFault_Handler
    startup_stm32f407xx.o(RESET) refers to stm32f4xx_it.o(i.UsageFault_Handler) for UsageFault_Handler
    startup_stm32f407xx.o(RESET) refers to stm32f4xx_it.o(i.SVC_Handler) for SVC_Handler
    startup_stm32f407xx.o(RESET) refers to stm32f4xx_it.o(i.DebugMon_Handler) for DebugMon_Handler
    startup_stm32f407xx.o(RESET) refers to stm32f4xx_it.o(i.PendSV_Handler) for PendSV_Handler
    startup_stm32f407xx.o(RESET) refers to stm32f4xx_it.o(i.SysTick_Handler) for SysTick_Handler
    startup_stm32f407xx.o(RESET) refers to stm32f4xx_it.o(i.CAN1_RX0_IRQHandler) for CAN1_RX0_IRQHandler
    startup_stm32f407xx.o(RESET) refers to stm32f4xx_it.o(i.USART1_IRQHandler) for USART1_IRQHandler
    startup_stm32f407xx.o(RESET) refers to stm32f4xx_it.o(i.CAN2_RX0_IRQHandler) for CAN2_RX0_IRQHandler
    startup_stm32f407xx.o(RESET) refers to stm32f4xx_it.o(i.USART6_IRQHandler) for USART6_IRQHandler
    startup_stm32f407xx.o(.text) refers (Special) to heapauxi.o(.text) for __use_two_region_memory
    startup_stm32f407xx.o(.text) refers to system_stm32f4xx.o(i.SystemInit) for SystemInit
    startup_stm32f407xx.o(.text) refers to __main.o(!!!main) for __main
    startup_stm32f407xx.o(.text) refers to startup_stm32f407xx.o(HEAP) for Heap_Mem
    startup_stm32f407xx.o(.text) refers to startup_stm32f407xx.o(STACK) for Stack_Mem
    main.o(i.SystemClock_Config) refers to rt_memclr_w.o(.text) for __aeabi_memclr4
    main.o(i.SystemClock_Config) refers to stm32f4xx_hal_rcc.o(i.HAL_RCC_OscConfig) for HAL_RCC_OscConfig
    main.o(i.SystemClock_Config) refers to main.o(i.Error_Handler) for Error_Handler
    main.o(i.SystemClock_Config) refers to stm32f4xx_hal_rcc.o(i.HAL_RCC_ClockConfig) for HAL_RCC_ClockConfig
    main.o(i.main) refers to stm32f4xx_hal.o(i.HAL_Init) for HAL_Init
    main.o(i.main) refers to main.o(i.SystemClock_Config) for SystemClock_Config
    main.o(i.main) refers to gpio.o(i.MX_GPIO_Init) for MX_GPIO_Init
    main.o(i.main) refers to can.o(i.MX_CAN1_Init) for MX_CAN1_Init
    main.o(i.main) refers to can.o(i.MX_CAN2_Init) for MX_CAN2_Init
    main.o(i.main) refers to usart.o(i.MX_USART1_UART_Init) for MX_USART1_UART_Init
    main.o(i.main) refers to usart.o(i.MX_USART6_UART_Init) for MX_USART6_UART_Init
    main.o(i.main) refers to lora.o(i.LoRa_T_V_Attach) for LoRa_T_V_Attach
    main.o(i.main) refers to stm32f4xx_hal_gpio.o(i.HAL_GPIO_WritePin) for HAL_GPIO_WritePin
    main.o(i.main) refers to bsp_can.o(i.can_filter_init) for can_filter_init
    main.o(i.main) refers to object_dictionary.o(i.OD_Create) for OD_Create
    main.o(i.main) refers to object_dictionary.o(i.OD_User_Init) for OD_User_Init
    main.o(i.main) refers to can_receive.o(i.CAN_motor_mode) for CAN_motor_mode
    main.o(i.main) refers to can_receive.o(i.CAN_motor_setProfileSpeed) for CAN_motor_setProfileSpeed
    main.o(i.main) refers to can_receive.o(i.CAN_motor_enable) for CAN_motor_enable
    main.o(i.main) refers to can_receive.o(i.CAN_motor_setPos) for CAN_motor_setPos
    main.o(i.main) refers to stm32f4xx_hal.o(i.HAL_Delay) for HAL_Delay
    main.o(i.main) refers to main.o(.data) for od
    main.o(i.main) refers to stm32f4xx_it.o(.data) for target_pos
    gpio.o(i.MX_GPIO_Init) refers to rt_memclr_w.o(.text) for __aeabi_memclr4
    gpio.o(i.MX_GPIO_Init) refers to stm32f4xx_hal_gpio.o(i.HAL_GPIO_WritePin) for HAL_GPIO_WritePin
    gpio.o(i.MX_GPIO_Init) refers to stm32f4xx_hal_gpio.o(i.HAL_GPIO_Init) for HAL_GPIO_Init
    can.o(i.HAL_CAN_MspDeInit) refers to stm32f4xx_hal_gpio.o(i.HAL_GPIO_DeInit) for HAL_GPIO_DeInit
    can.o(i.HAL_CAN_MspDeInit) refers to stm32f4xx_hal_cortex.o(i.HAL_NVIC_DisableIRQ) for HAL_NVIC_DisableIRQ
    can.o(i.HAL_CAN_MspDeInit) refers to can.o(.data) for HAL_RCC_CAN1_CLK_ENABLED
    can.o(i.HAL_CAN_MspInit) refers to rt_memclr_w.o(.text) for __aeabi_memclr4
    can.o(i.HAL_CAN_MspInit) refers to stm32f4xx_hal_gpio.o(i.HAL_GPIO_Init) for HAL_GPIO_Init
[...]
    ../clib/signal.c                         0x00000000   Number         0  defsig_cppl_inner.o ABSOLUTE
    ../clib/signal.c                         0x00000000   Number         0  defsig_pvfn_inner.o ABSOLUTE
    ../clib/signal.c                         0x00000000   Number         0  defsig_abrt_inner.o ABSOLUTE
    ../clib/signal.c                         0x00000000   Number         0  defsig_rtred_outer.o ABSOLUTE
    ../clib/signal.c                         0x00000000   Number         0  defsig_exit.o ABSOLUTE
    ../clib/signal.c                         0x00000000   Number         0  defsig_fpe_outer.o ABSOLUTE
    ../clib/signal.c                         0x00000000   Number         0  defsig_fpe_formal.o ABSOLUTE
    ../clib/signal.c                         0x00000000   Number         0  defsig_rtmem_formal.o ABSOLUTE
    ../clib/signal.c                         0x00000000   Number         0  defsig_rtred_formal.o ABSOLUTE
    ../clib/signal.c                         0x00000000   Number         0  defsig_rtmem_outer.o ABSOLUTE
    ../clib/signal.c                         0x00000000   Number         0  defsig_rtmem_inner.o ABSOLUTE
    ../clib/signal.c                         0x00000000   Number         0  __raise.o ABSOLUTE
    ../clib/signal.c                         0x00000000   Number         0  defsig_general.o ABSOLUTE
    ../clib/signal.s                         0x00000000   Number         0  defsig.o ABSOLUTE
    ../clib/stdio.c                          0x00000000   Number         0  fwritefast.o ABSOLUTE
    ../clib/stdio.c                          0x00000000   Number         0  stdio.o ABSOLUTE
    ../clib/stdio.c                          0x00000000   Number         0  ferror_locked.o ABSOLUTE
    ../clib/stdio.c                          0x00000000   Number         0  initio_locked.o ABSOLUTE
    ../clib/stdio.c                          0x00000000   Number         0  setvbuf_locked.o ABSOLUTE
    ../clib/stdio.c                          0x00000000   Number         0  fputc.o ABSOLUTE
    ../clib/stdio.c                          0x00000000   Number         0  fwritefast_locked.o ABSOLUTE
    ../clib/stdio.c                          0x00000000   Number         0  ferror.o ABSOLUTE
    ../clib/stdio.c                          0x00000000   Number         0  fputc_locked.o ABSOLUTE
    ../clib/stdio.c                          0x00000000   Number         0  fopen_locked.o ABSOLUTE
    ../clib/stdio.c                          0x00000000   Number         0  fopen.o ABSOLUTE
    ../clib/stdio.c                          0x00000000   Number         0  fflush.o ABSOLUTE
    ../clib/stdio.c                          0x00000000   Number         0  fclose.o ABSOLUTE
    ../clib/stdio.c                          0x00000000   Number         0  fputs.o ABSOLUTE
    ../clib/stdio.c                          0x00000000   Number         0  ftell.o ABSOLUTE
    ../clib/stdio.c                          0x00000000   Number         0  fputs_locked.o ABSOLUTE
    ../clib/stdio.c                          0x00000000   Number         0  fflush_locked.o ABSOLUTE
    ../clib/stdio.c                          0x00000000   Number         0  stdio_streams.o ABSOLUTE
    ../clib/stdio.c                          0x00000000   Number         0  initio.o ABSOLUTE
    ../clib/stdio.c                          0x00000000   Number         0  setvbuf.o ABSOLUTE
    ../clib/stdio.c                          0x00000000   Number         0  flsbuf.o ABSOLUTE
    ../clib/stdio.c                          0x00000000   Number         0  fseek.o ABSOLUTE
    ../clib/stdio.c                          0x00000000   Number         0  streamlock.o ABSOLUTE
    ../clib/stdlib.c                         0x00000000   Number         0  exit.o ABSOLUTE
    ../clib/string.c                         0x00000000   Number         0  strlen.o ABSOLUTE
    ../clib/string.c                         0x00000000   Number         0  strstr.o ABSOLUTE
    ../clib/wchar.c                          0x00000000   Number         0  flsbuf_fwide.o ABSOLUTE
    ../fplib/fpinit.s                        0x00000000   Number         0  fpinit.o ABSOLUTE
    ..\Drivers\STM32F4xx_HAL_Driver\Src\stm32f4xx_hal.c 0x00000000   Number         0  stm32f4xx_hal.o ABSOLUTE
    ..\Drivers\STM32F4xx_HAL_Driver\Src\stm32f4xx_hal_can.c 0x00000000   Number         0  stm32f4xx_hal_can.o ABSOLUTE
    ..\Drivers\STM32F4xx_HAL_Driver\Src\stm32f4xx_hal_cortex.c 0x00000000   Number         0  stm32f4xx_hal_cortex.o ABSOLUTE
    ..\Drivers\STM32F4xx_HAL_Driver\Src\stm32f4xx_hal_dma.c 0x00000000   Number         0  stm32f4xx_hal_dma.o ABSOLUTE
    ..\Drivers\STM32F4xx_HAL_Driver\Src\stm32f4xx_hal_dma_ex.c 0x00000000   Number         0  stm32f4xx_hal_dma_ex.o ABSOLUTE
    ..\Drivers\STM32F4xx_HAL_Driver\Src\stm32f4xx_hal_exti.c 0x00000000   Number         0  stm32f4xx_hal_exti.o ABSOLUTE
    ..\Drivers\STM32F4xx_HAL_Driver\Src\stm32f4xx_hal_flash.c 0x00000000   Number         0  stm32f4xx_hal_flash.o ABSOLUTE
    ..\Drivers\STM32F4xx_HAL_Driver\Src\stm32f4xx_hal_flash_ex.c 0x00000000   Number         0  stm32f4xx_hal_flash_ex.o ABSOLUTE
    ..\Drivers\STM32F4xx_HAL_Driver\Src\stm32f4xx_hal_flash_ramfunc.c 0x00000000   Number         0  stm32f4xx_hal_flash_ramfunc.o ABSOLUTE
    ..\Drivers\STM32F4xx_HAL_Driver\Src\stm32f4xx_hal_gpio.c 0x00000000   Number         0  stm32f4xx_hal_gpio.o ABSOLUTE
    ..\Drivers\STM32F4xx_HAL_Driver\Src\stm32f4xx_hal_pwr.c 0x00000000   Number         0  stm32f4xx_hal_pwr.o ABSOLUTE
    ..\Drivers\STM32F4xx_HAL_Driver\Src\stm32f4xx_hal_pwr_ex.c 0x00000000   Number         0  stm32f4xx_hal_pwr_ex.o ABSOLUTE
    ..\Drivers\STM32F4xx_HAL_Driver\Src\stm32f4xx_hal_rcc.c 0x00000000   Number         0  stm32f4xx_hal_rcc.o ABSOLUTE
    ..\Drivers\STM32F4xx_HAL_Driver\Src\stm32f4xx_hal_rcc_ex.c 0x00000000   Number         0  stm32f4xx_hal_rcc_ex.o ABSOLUTE
    ..\Drivers\STM32F4xx_HAL_Driver\Src\stm32f4xx_hal_tim.c 0x00000000   Number         0  stm32f4xx_hal_tim.o ABSOLUTE
    ..\Drivers\STM32F4xx_HAL_Driver\Src\stm32f4xx_hal_tim_ex.c 0x00000000   Number         0  stm32f4xx_hal_tim_ex.o ABSOLUTE
    ..\Drivers\STM32F4xx_HAL_Driver\Src\stm32f4xx_hal_uart.c 0x00000000   Number         0  stm32f4xx_hal_uart.o ABSOLUTE
    ..\Src\can.c                             0x00000000   Number         0  can.o ABSOLUTE
    ..\Src\gpio.c                            0x00000000   Number         0  gpio.o ABSOLUTE
    ..\Src\main.c                            0x00000000   Number         0  main.o ABSOLUTE
    ..\Src\stm32f4xx_hal_msp.c               0x00000000   Number         0  stm32f4xx_hal_msp.o ABSOLUTE
    ..\Src\stm32f4xx_it.c                    0x00000000   Number         0  stm32f4xx_it.o ABSOLUTE
    ..\Src\system_stm32f4xx.c                0x00000000   Number         0  system_stm32f4xx.o ABSOLUTE
    ..\Src\usart.c                           0x00000000   Number         0  usart.o ABSOLUTE
    ..\\application\\CAN_receive.c           0x00000000   Number         0  can_receive.o ABSOLUTE
    ..\\bsp\\boards\\Lora.c                  0x00000000   Number         0  lora.o ABSOLUTE
    ..\\bsp\\boards\\bsp_can.c               0x00000000   Number         0  bsp_can.o ABSOLUTE
    ..\application\CAN_receive.c             0x00000000   Number         0  can_receive.o ABSOLUTE
    ..\application\object_dictionary.c       0x00000000   Number         0  object_dictionary.o ABSOLUTE
    ..\bsp\boards\Lora.c                     0x00000000   Number         0  lora.o ABSOLUTE
    ..\bsp\boards\bsp_can.c                  0x00000000   Number         0  bsp_can.o ABSOLUTE
    dc.s                                     0x00000000   Number         0  dc.o ABSOLUTE
    startup_stm32f407xx.s                    0x00000000   Number         0  startup_stm32f407xx.o ABSOLUTE
    RESET                                    0x08000000   Section      392  startup_stm32f407xx.o(RESET)
    !!!main                                  0x08000188   Section        8  __main.o(!!!main)
    !!!scatter                               0x08000190   Section       52  __scatter.o(!!!scatter)
    !!handler_copy                           0x080001c4   Section       26  __scatter_copy.o(!!handler_copy)
    !!handler_zi                             0x080001e0   Section       28  __scatter_zi.o(!!handler_zi)
    .ARM.Collect$$libinit$$00000000          0x080001fc   Section        2  libinit.o(.ARM.Collect$$libinit$$00000000)
    .ARM.Collect$$libinit$$00000001          0x080001fe   Section        4  libinit2.o(.ARM.Collect$$libinit$$00000001)
    .ARM.Collect$$libinit$$00000004          0x08000202   Section        0  libinit2.o(.ARM.Collect$$libinit$$00000004)
    .ARM.Collect$$libinit$$00000005          0x08000202   Section        8  libinit2.o(.ARM.Collect$$libinit$$00000005)
    .ARM.Collect$$libinit$$0000000A          0x0800020a   Section        0  libinit2.o(.ARM.Collect$$libinit$$0000000A)
    .ARM.Collect$$libinit$$0000000C          0x0800020a   Section        0  libinit2.o(.ARM.Collect$$libinit$$0000000C)
    .ARM.Collect$$libinit$$0000000E          0x0800020a   Section        0  libinit2.o(.ARM.Collect$$libinit$$0000000E)
    .ARM.Collect$$libinit$$00000011          0x0800020a   Section        0  libinit2.o(.ARM.Collect$$libinit$$00000011)
    .ARM.Collect$$libinit$$00000013          0x0800020a   Section        0  libinit2.o(.ARM.Collect$$libinit$$00000013)
    .ARM.Collect$$libinit$$00000015          0x0800020a   Section        0  libinit2.o(.ARM.Collect$$libinit$$00000015)
    .ARM.Collect$$libinit$$00000017          0x0800020a   Section        0  libinit2.o(.ARM.Collect$$libinit$$00000017)
    .ARM.Collect$$libinit$$00000019          0x0800020a   Section        0  libinit2.o(.ARM.Collect$$libinit$$00000019)
    .ARM.Collect$$libinit$$0000001B          0x0800020a   Section        0  libinit2.o(.ARM.Collect$$libinit$$0000001B)
    .ARM.Collect$$libinit$$0000001D          0x0800020a   Section        0  libinit2.o(.ARM.Collect$$libinit$$0000001D)
    .ARM.Collect$$libinit$$0000001F          0x0800020a   Section        0  libinit2.o(.ARM.Collect$$libinit$$0000001F)
    .ARM.Collect$$libinit$$00000021          0x0800020a   Section        0  libinit2.o(.ARM.Collect$$libinit$$00000021)
    .ARM.Collect$$libinit$$00000023          0x0800020a   Section        0  libinit2.o(.ARM.Collect$$libinit$$00000023)
    .ARM.Collect$$libinit$$00000025          0x0800020a   Section        0  libinit2.o(.ARM.Collect$$libinit$$00000025)
    .ARM.Collect$$libinit$$0000002C          0x0800020a   Section        0  libinit2.o(.ARM.Collect$$libinit$$0000002C)
    .ARM.Collect$$libinit$$0000002E          0x0800020a   Section        0  libinit2.o(.ARM.Collect$$libinit$$0000002E)
    .ARM.Collect$$libinit$$00000030          0x0800020a   Section        0  libinit2.o(.ARM.Collect$$libinit$$00000030)
    .ARM.Collect$$libinit$$00000032          0x0800020a   Section        0  libinit2.o(.ARM.Collect$$libinit$$00000032)
    .ARM.Collect$$libinit$$00000033          0x0800020a   Section        2  libinit2.o(.ARM.Collect$$libinit$$00000033)
    .ARM.Collect$$libshutdown$$00000000      0x0800020c   Section        2  libshutdown.o(.ARM.Collect$$libshutdown$$00000000)
    .ARM.Collect$$libshutdown$$00000002      0x0800020e   Section        0  libshutdown2.o(.ARM.Collect$$libshutdown$$00000002)
    .ARM.Collect$$libshutdown$$00000004      0x0800020e   Section        0  libshutdown2.o(.ARM.Collect$$libshutdown$$00000004)
    .ARM.Collect$$libshutdown$$00000006      0x0800020e   Section        0  libshutdown2.o(.ARM.Collect$$libshutdown$$00000006)
    .ARM.Collect$$libshutdown$$00000009      0x0800020e   Section        0  libshutdown2.o(.ARM.Collect$$libshutdown$$00000009)
    .ARM.Collect$$libshutdown$$0000000C      0x0800020e   Section        0  libshutdown2.o(.ARM.Collect$$libshutdown$$0000000C)
    .ARM.Collect$$libshutdown$$0000000E      0x0800020e   Section        0  libshutdown2.o(.ARM.Collect$$libshutdown$$0000000E)
    .ARM.Collect$$libshutdown$$00000011      0x0800020e   Section        0  libshutdown2.o(.ARM.Collect$$libshutdown$$00000011)
    .ARM.Collect$$libshutdown$$00000012      0x0800020e   Section        2  libshutdown2.o(.ARM.Collect$$libshutdown$$00000012)
    .ARM.Collect$$rtentry$$00000000          0x08000210   Section        0  __rtentry.o(.ARM.Collect$$rtentry$$00000000)
    .ARM.Collect$$rtentry$$00000002          0x08000210   Section        0  __rtentry2.o(.ARM.Collect$$rtentry$$00000002)
    .ARM.Collect$$rtentry$$00000004          0x08000210   Section        6  __rtentry4.o(.ARM.Collect$$rtentry$$00000004)
    .ARM.Collect$$rtentry$$00000009          0x08000216   Section        0  __rtentry2.o(.ARM.Collect$$rtentry$$00000009)
    .ARM.Collect$$rtentry$$0000000A          0x08000216   Section        4  __rtentry2.o(.ARM.Collect$$rtentry$$0000000A)
    .ARM.Collect$$rtentry$$0000000C          0x0800021a   Section        0  __rtentry2.o(.ARM.Collect$$rtentry$$0000000C)
    .ARM.Collect$$rtentry$$0000000D          0x0800021a   Section        8  __rtentry2.o(.ARM.Collect$$rtentry$$0000000D)
    .ARM.Collect$$rtexit$$00000000           0x08000222   Section        2  rtexit.o(.ARM.Collect$$rtexit$$00000000)
    .ARM.Collect$$rtexit$$00000002           0x08000224   Section        0  rtexit2.o(.ARM.Collect$$rtexit$$00000002)
    .ARM.Collect$$rtexit$$00000003           0x08000224   Section        4  rtexit2.o(.ARM.Collect$$rtexit$$00000003)
    .ARM.Collect$$rtexit$$00000004           0x08000228   Section        6  rtexit2.o(.ARM.Collect$$rtexit$$00000004)
    .emb_text                                0x08000230   Section        0  maybetermalloc1.o(.emb_text)
    .text                                    0x08000230   Section       64  startup_stm32f407xx.o(.text)
    $v0                                      0x08000230   Number         0  startup_stm32f407xx.o(.text)
    .text                                    0x08000270   Section        0  h1_alloc.o(.text)
    .text                                    0x080002ce   Section        0  h1_free.o(.text)
    .text                                    0x0800031c   Section      238  lludivv7m.o(.text)
    .text                                    0x0800040a   Section        0  strstr.o(.text)
    .text                                    0x0800042e   Section        0  strlen.o(.text)
    .text                                    0x0800046c   Section      138  rt_memcpy_v6.o(.text)
    .text                                    0x080004f6   Section       68  rt_memclr.o(.text)
    .text                                    0x0800053a   Section       78  rt_memclr_w.o(.text)
    .text                                    0x08000588   Section        0  heapauxi.o(.text)
    .text                                    0x08000590   Section        8  rt_heap_descriptor_intlibspace.o(.text)
    .text                                    0x08000598   Section        0  hguard.o(.text)
    .text                                    0x0800059c   Section        0  init_alloc.o(.text)
    .text                                    0x08000626   Section        0  h1_init.o(.text)
    .text                                    0x08000634   Section      100  rt_memcpy_w.o(.text)
    .text                                    0x08000698   Section        8  libspace.o(.text)
    .text                                    0x080006a0   Section        0  h1_extend.o(.text)
    .text                                    0x080006d4   Section        0  defsig_rtmem_outer.o(.text)
    .text                                    0x080006e2   Section        2  use_no_semi.o(.text)
    .text                                    0x080006e4   Section        0  indicate_semi.o(.text)
    .text                                    0x080006e4   Section       74  sys_stackheap_outer.o(.text)
    .text                                    0x0800072e   Section        0  exit.o(.text)
    .text                                    0x08000740   Section        0  defsig_exit.o(.text)
    .text                                    0x0800074c   Section        0  defsig_rtmem_inner.o(.text)
    .text                                    0x0800079c   Section        0  sys_exit.o(.text)
    .text                                    0x080007a8   Section        0  defsig_general.o(.text)
    .text                                    0x080007da   Section        0  sys_wrch.o(.text)
    i.BusFault_Handler                       0x080007e8   Section        0  stm32f4xx_it.o(i.BusFault_Handler)
    i.CAN1_RX0_IRQHandler                    0x080007ec   Section        0  stm32f4xx_it.o(i.CAN1_RX0_IRQHandler)
    i.CAN2_RX0_IRQHandler                    0x080007fc   Section        0  stm32f4xx_it.o(i.CAN2_RX0_IRQHandler)
    i.CAN_SDO_Send                           0x0800080c   Section        0  can_receive.o(i.CAN_SDO_Send)
    i.CAN_motor_enable                       0x080008c4   Section        0  can_receive.o(i.CAN_motor_enable)
    i.CAN_motor_mode                         0x080008f2   Section        0  can_receive.o(i.CAN_motor_mode)
    i.CAN_motor_setPos                       0x0800090c   Section        0  can_receive.o(i.CAN_motor_setPos)
    i.CAN_motor_setProfileSpeed              0x08000928   Section        0  can_receive.o(i.CAN_motor_setProfileSpeed)
    i.DebugMon_Handler                       0x0800098c   Section        0  stm32f4xx_it.o(i.DebugMon_Handler)
    i.Error_Handler                          0x0800098e   Section        0  main.o(i.Error_Handler)
    i.HAL_CAN_ActivateNotification           0x08000990   Section        0  stm32f4xx_hal_can.o(i.HAL_CAN_ActivateNotification)
    i.HAL_CAN_AddTxMessage                   0x080009ba   Section        0  stm32f4xx_hal_can.o(i.HAL_CAN_AddTxMessage)
    i.HAL_CAN_ConfigFilter                   0x08000b04   Section        0  stm32f4xx_hal_can.o(i.HAL_CAN_ConfigFilter)
    i.HAL_CAN_ErrorCallback                  0x08000c24   Section        0  stm32f4xx_hal_can.o(i.HAL_CAN_ErrorCallback)
    i.HAL_CAN_GetRxMessage                   0x08000c26   Section        0  stm32f4xx_hal_can.o(i.HAL_CAN_GetRxMessage)
    i.HAL_CAN_IRQHandler                     0x08000dba   Section        0  stm32f4xx_hal_can.o(i.HAL_CAN_IRQHandler)
    i.HAL_CAN_Init                           0x08001008   Section        0  stm32f4xx_hal_can.o(i.HAL_CAN_Init)
    i.HAL_CAN_MspInit                        0x0800117c   Section        0  can.o(i.HAL_CAN_MspInit)
    i.HAL_CAN_RxFifo0FullCallback            0x080012dc   Section        0  stm32f4xx_hal_can.o(i.HAL_CAN_RxFifo0FullCallback)
    i.HAL_CAN_RxFifo0MsgPendingCallback      0x080012de   Section        0  can_receive.o(i.HAL_CAN_RxFifo0MsgPendingCallback)
    i.HAL_CAN_RxFifo1FullCallback            0x080012fa   Section        0  stm32f4xx_hal_can.o(i.HAL_CAN_RxFifo1FullCallback)
    i.HAL_CAN_RxFifo1MsgPendingCallback      0x080012fc   Section        0  stm32f4xx_hal_can.o(i.HAL_CAN_RxFifo1MsgPendingCallback)
    i.HAL_CAN_SleepCallback                  0x080012fe   Section        0  stm32f4xx_hal_can.o(i.HAL_CAN_SleepCallback)
    i.HAL_CAN_Start                          0x08001300   Section        0  stm32f4xx_hal_can.o(i.HAL_CAN_Start)
    i.HAL_CAN_TxMailbox0AbortCallback        0x0800135e   Section        0  stm32f4xx_hal_can.o(i.HAL_CAN_TxMailbox0AbortCallback)
    i.HAL_CAN_TxMailbox0CompleteCallback     0x08001360   Section        0  stm32f4xx_hal_can.o(i.HAL_CAN_TxMailbox0CompleteCallback)
    i.HAL_CAN_TxMailbox1AbortCallback        0x08001362   Section        0  stm32f4xx_hal_can.o(i.HAL_CAN_TxMailbox1AbortCallback)
    i.HAL_CAN_TxMailbox1CompleteCallback     0x08001364   Section        0  stm32f4xx_hal_can.o(i.HAL_CAN_TxMailbox1CompleteCallback)
    i.HAL_CAN_TxMailbox2AbortCallback        0x08001366   Section        0  stm32f4xx_hal_can.o(i.HAL_CAN_TxMailbox2AbortCallback)
    i.HAL_CAN_TxMailbox2CompleteCallback     0x08001368   Section        0  stm32f4xx_hal_can.o(i.HAL_CAN_TxMailbox2CompleteCallback)
    i.HAL_CAN_WakeUpFromRxMsgCallback        0x0800136a   Section        0  stm32f4xx_hal_can.o(i.HAL_CAN_WakeUpFromRxMsgCallback)
    i.HAL_DMA_Abort                          0x0800136c   Section        0  stm32f4xx_hal_dma.o(i.HAL_DMA_Abort)
    i.HAL_DMA_Abort_IT                       0x08001418   Section        0  stm32f4xx_hal_dma.o(i.HAL_DMA_Abort_IT)
    i.HAL_Delay                              0x08001440   Section        0  stm32f4xx_hal.o(i.HAL_Delay)
    i.HAL_GPIO_Init                          0x08001468   Section        0  stm32f4xx_hal_gpio.o(i.HAL_GPIO_Init)
    i.HAL_GPIO_WritePin                      0x0800165c   Section        0  stm32f4xx_hal_gpio.o(i.HAL_GPIO_WritePin)
    i.HAL_GetTick                            0x08001668   Section        0  stm32f4xx_hal.o(i.HAL_GetTick)
    i.HAL_IncTick                            0x08001674   Section        0  stm32f4xx_hal.o(i.HAL_IncTick)
    i.HAL_Init                               0x0800168c   Section        0  stm32f4xx_hal.o(i.HAL_Init)
    i.HAL_InitTick                           0x080016c8   Section        0  stm32f4xx_hal.o(i.HAL_InitTick)
    i.HAL_MspInit                            0x08001714   Section        0  stm32f4xx_hal_msp.o(i.HAL_MspInit)
    i.HAL_NVIC_EnableIRQ                     0x0800175c   Section        0  stm32f4xx_hal_cortex.o(i.HAL_NVIC_EnableIRQ)
    i.HAL_NVIC_SetPriority                   0x08001784   Section        0  stm32f4xx_hal_cortex.o(i.HAL_NVIC_SetPriority)
    i.HAL_NVIC_SetPriorityGrouping           0x08001800   Section        0  stm32f4xx_hal_cortex.o(i.HAL_NVIC_SetPriorityGrouping)
    i.HAL_RCC_ClockConfig                    0x08001828   Section        0  stm32f4xx_hal_rcc.o(i.HAL_RCC_ClockConfig)
    i.HAL_RCC_GetHCLKFreq                    0x080019ac   Section        0  stm32f4xx_hal_rcc.o(i.HAL_RCC_GetHCLKFreq)
    i.HAL_RCC_GetPCLK1Freq                   0x080019b8   Section        0  stm32f4xx_hal_rcc.o(i.HAL_RCC_GetPCLK1Freq)
    i.HAL_RCC_GetPCLK2Freq                   0x080019d8   Section        0  stm32f4xx_hal_rcc.o(i.HAL_RCC_GetPCLK2Freq)
    i.HAL_RCC_GetSysClockFreq                0x080019f8   Section        0  stm32f4xx_hal_rcc.o(i.HAL_RCC_GetSysClockFreq)
    i.HAL_RCC_OscConfig                      0x08001aa8   Section        0  stm32f4xx_hal_rcc.o(i.HAL_RCC_OscConfig)
    i.HAL_SYSTICK_Config                     0x08001f44   Section        0  stm32f4xx_hal_cortex.o(i.HAL_SYSTICK_Config)
    i.HAL_UARTEx_RxEventCallback             0x08001f78   Section        0  stm32f4xx_hal_uart.o(i.HAL_UARTEx_RxEventCallback)
    i.HAL_UART_ErrorCallback                 0x08001f7a   Section        0  stm32f4xx_hal_uart.o(i.HAL_UART_ErrorCallback)
    i.HAL_UART_IRQHandler                    0x08001f7c   Section        0  stm32f4xx_hal_uart.o(i.HAL_UART_IRQHandler)
    i.HAL_UART_Init                          0x08002284   Section        0  stm32f4xx_hal_uart.o(i.HAL_UART_Init)
    i.HAL_UART_MspInit                       0x080022fc   Section        0  usart.o(i.HAL_UART_MspInit)
    i.HAL_UART_Receive_IT                    0x08002458   Section        0  stm32f4xx_hal_uart.o(i.HAL_UART_Receive_IT)
    i.HAL_UART_RxCpltCallback                0x08002484   Section        0  stm32f4xx_it.o(i.HAL_UART_RxCpltCallback)
    i.HAL_UART_Transmit                      0x080025c8   Section        0  stm32f4xx_hal_uart.o(i.HAL_UART_Transmit)
    i.HAL_UART_TxCpltCallback                0x08002686   Section        0  stm32f4xx_hal_uart.o(i.HAL_UART_TxCpltCallback)
    i.HardFault_Handler                      0x08002688   Section        0  stm32f4xx_it.o(i.HardFault_Handler)
    i.LoRa_SendCmd                           0x0800268c   Section        0  lora.o(i.LoRa_SendCmd)
    i.LoRa_T_V_Attach                        0x08002738   Section        0  lora.o(i.LoRa_T_V_Attach)
    i.MX_CAN1_Init                           0x08002860   Section        0  can.o(i.MX_CAN1_Init)
    i.MX_CAN2_Init                           0x080028a4   Section        0  can.o(i.MX_CAN2_Init)
    i.MX_GPIO_Init                           0x080028e8   Section        0  gpio.o(i.MX_GPIO_Init)
    i.MX_USART1_UART_Init                    0x080029bc   Section        0  usart.o(i.MX_USART1_UART_Init)
    i.MX_USART6_UART_Init                    0x080029f4   Section        0  usart.o(i.MX_USART6_UART_Init)
    i.MemManage_Handler                      0x08002a2c   Section        0  stm32f4xx_it.o(i.MemManage_Handler)
    i.NMI_Handler                            0x08002a30   Section        0  stm32f4xx_it.o(i.NMI_Handler)
    i.OD_AddEntry                            0x08002a34   Section        0  object_dictionary.o(i.OD_AddEntry)
    i.OD_Create                              0x08002a7c   Section        0  object_dictionary.o(i.OD_Create)
    i.OD_FindEntry                           0x08002a96   Section        0  object_dictionary.o(i.OD_FindEntry)
    OD_FindEntry                             0x08002a97   Thumb Code    56  object_dictionary.o(i.OD_FindEntry)
    i.OD_GetDataTypeSize                     0x08002ace   Section        0  object_dictionary.o(i.OD_GetDataTypeSize)
    OD_GetDataTypeSize                       0x08002acf   Thumb Code    52  object_dictionary.o(i.OD_GetDataTypeSize)
    i.OD_User_AddEntry                       0x08002b02   Section        0  object_dictionary.o(i.OD_User_AddEntry)
    i.OD_User_Init                           0x08002b72   Section        0  object_dictionary.o(i.OD_User_Init)
    i.PendSV_Handler                         0x08002d1a   Section        0  stm32f4xx_it.o(i.PendSV_Handler)
    i.SVC_Handler                            0x08002d1c   Section        0  stm32f4xx_it.o(i.SVC_Handler)
    i.SysTick_Handler                        0x08002d1e   Section        0  stm32f4xx_it.o(i.SysTick_Handler)
    i.SystemClock_Config                     0x08002d28   Section        0  main.o(i.SystemClock_Config)
    i.SystemInit                             0x08002ddc   Section        0  system_stm32f4xx.o(i.SystemInit)
    i.UART_DMAAbortOnError                   0x08002df0   Section        0  stm32f4xx_hal_uart.o(i.UART_DMAAbortOnError)
    UART_DMAAbortOnError                     0x08002df1   Thumb Code    18  stm32f4xx_hal_uart.o(i.UART_DMAAbortOnError)
    i.UART_EndRxTransfer                     0x08002e02   Section        0  stm32f4xx_hal_uart.o(i.UART_EndRxTransfer)
    UART_EndRxTransfer                       0x08002e03   Thumb Code   108  stm32f4xx_hal_uart.o(i.UART_EndRxTransfer)
    i.UART_EndTransmit_IT                    0x08002e6e   Section        0  stm32f4xx_hal_uart.o(i.UART_EndTransmit_IT)
    UART_EndTransmit_IT                      0x08002e6f   Thumb Code    32  stm32f4xx_hal_uart.o(i.UART_EndTransmit_IT)
    i.UART_Receive_IT                        0x08002e8e   Section        0  stm32f4xx_hal_uart.o(i.UART_Receive_IT)
    UART_Receive_IT                          0x08002e8f   Thumb Code   252  stm32f4xx_hal_uart.o(i.UART_Receive_IT)
    i.UART_SetConfig                         0x08002f8c   Section        0  stm32f4xx_hal_uart.o(i.UART_SetConfig)
    UART_SetConfig                           0x08002f8d   Thumb Code   546  stm32f4xx_hal_uart.o(i.UART_SetConfig)
    i.UART_Start_Receive_IT                  0x080031b8   Section        0  stm32f4xx_hal_uart.o(i.UART_Start_Receive_IT)
    i.UART_Transmit_IT                       0x080031f8   Section        0  stm32f4xx_hal_uart.o(i.UART_Transmit_IT)
    UART_Transmit_IT                         0x080031f9   Thumb Code    96  stm32f4xx_hal_uart.o(i.UART_Transmit_IT)
    i.UART_WaitOnFlagUntilTimeout            0x08003258   Section        0  stm32f4xx_hal_uart.o(i.UART_WaitOnFlagUntilTimeout)
    UART_WaitOnFlagUntilTimeout              0x08003259   Thumb Code   140  stm32f4xx_hal_uart.o(i.UART_WaitOnFlagUntilTimeout)
    i.USART1_IRQHandler                      0x080032e4   Section        0  stm32f4xx_it.o(i.USART1_IRQHandler)
    i.USART6_IRQHandler                      0x080032f4   Section        0  stm32f4xx_it.o(i.USART6_IRQHandler)
    i.UsageFault_Handler                     0x08003304   Section        0  stm32f4xx_it.o(i.UsageFault_Handler)
    i.__NVIC_GetPriorityGrouping             0x08003308   Section        0  stm32f4xx_hal_cortex.o(i.__NVIC_GetPriorityGrouping)
    __NVIC_GetPriorityGrouping               0x08003309   Thumb Code    10  stm32f4xx_hal_cortex.o(i.__NVIC_GetPriorityGrouping)
    i.__NVIC_SetPriority                     0x08003318   Section        0  stm32f4xx_hal_cortex.o(i.__NVIC_SetPriority)
    __NVIC_SetPriority                       0x08003319   Thumb Code    32  stm32f4xx_hal_cortex.o(i.__NVIC_SetPriority)
    i.can_filter_init                        0x08003340   Section        0  bsp_can.o(i.can_filter_init)
    i.main                                   0x0800339c   Section        0  main.o(i.main)
    x$fpl$fpinit                             0x08003424   Section       10  fpinit.o(x$fpl$fpinit)
    $v0                                      0x08003424   Number         0  fpinit.o(x$fpl$fpinit)
    .constdata                               0x0800342e   Section       24  system_stm32f4xx.o(.constdata)
    .data                                    0x20000000   Section        4  main.o(.data)
    .data                                    0x20000004   Section        4  can.o(.data)
    HAL_RCC_CAN1_CLK_ENABLED                 0x20000004   Data           4  can.o(.data)
    .data                                    0x20000008   Section       20  stm32f4xx_it.o(.data)
    .data                                    0x2000001c   Section        9  stm32f4xx_hal.o(.data)
    .data                                    0x20000028   Section        4  system_stm32f4xx.o(.data)
    .data                                    0x2000002c   Section       16  can_receive.o(.data)
    gimbal_can_send_data                     0x2000002c   Data           8  can_receive.o(.data)
    chassis_can_send_data                    0x20000034   Data           8  can_receive.o(.data)
    .data                                    0x2000003c   Section        8  lora.o(.data)
    .bss                                     0x20000044   Section       80  can.o(.bss)
    .bss                                     0x20000094   Section      144  usart.o(.bss)
    .bss                                     0x20000124   Section       48  can_receive.o(.bss)
    gimbal_tx_message                        0x20000124   Data          24  can_receive.o(.bss)
    chassis_tx_message                       0x2000013c   Data          24  can_receive.o(.bss)
    .bss                                     0x20000154   Section     1024  lora.o(.bss)
    .bss                                     0x20000554   Section       96  libspace.o(.bss)
    HEAP                                     0x200005b8   Section      512  startup_stm32f407xx.o(HEAP)
    Heap_Mem                                 0x200005b8   Data         512  startup_stm32f407xx.o(HEAP)
    STACK                                    0x200007b8   Section     2048  startup_stm32f407xx.o(STACK)
    Stack_Mem                                0x200007b8   Data        2048  startup_stm32f407xx.o(STACK)
    __initial_sp                             0x20000fb8   Data           0  startup_stm32f407xx.o(STACK)

    Global Symbols

    Symbol Name                              Value     Ov Type        Size  Object(Section)

    BuildAttributes$$THM_ISAv4$E$P$D$K$B$S$7EM$VFPi3$EXTD16$VFPS$VFMA$PE$A:L22UL41UL21$X:L11$S22US41US21$IEEE1$IW$USESV6$~STKCKD$USESV7$~SHL$OTIME$ROPI$EBA8$UX$STANDARDLIB$REQ8$PRES8$EABIv2 0x00000000   Number         0  anon$$obj.o ABSOLUTE
    __ARM_use_no_argv                        0x00000000   Number         0  main.o ABSOLUTE
    __ARM_exceptions_init                     - Undefined Weak Reference
    __alloca_initialize                       - Undefined Weak Reference
    __arm_fini_                               - Undefined Weak Reference
    __arm_preinit_                            - Undefined Weak Reference
    __cpp_initialize__aeabi_                  - Undefined Weak Reference
    __cxa_finalize                            - Undefined Weak Reference
    __rt_locale                               - Undefined Weak Reference
    __sigvec_lookup                           - Undefined Weak Reference
    __user_heap_extent                        - Undefined Weak Reference
    _atexit_init                              - Undefined Weak Reference
    _call_atexit_fns                          - Undefined Weak Reference
    _clock_init                               - Undefined Weak Reference
    _fp_trap_init                             - Undefined Weak Reference
    _fp_trap_shutdown                         - Undefined Weak Reference
    _get_lc_collate                           - Undefined Weak Reference
    _get_lc_ctype                             - Undefined Weak Reference
    _get_lc_monetary                          - Undefined Weak Reference
    _get_lc_numeric                           - Undefined Weak Reference
    _get_lc_time                              - Undefined Weak Reference
    _getenv_init                              - Undefined Weak Reference
    _handle_redirection                       - Undefined Weak Reference
    _mutex_acquire                            - Undefined Weak Reference
    _mutex_free                               - Undefined Weak Reference
    _mutex_release                            - Undefined Weak Reference
    _rand_init                                - Undefined Weak Reference
    _signal_finish                            - Undefined Weak Reference
    _signal_init                              - Undefined Weak Reference
    __Vectors_Size                           0x00000188   Number         0  startup_stm32f407xx.o ABSOLUTE
    __Vectors                                0x08000000   Data           4  startup_stm32f407xx.o(RESET)
    __Vectors_End                            0x08000188   Data           0  startup_stm32f407xx.o(RESET)
    __main                                   0x08000189   Thumb Code     8  __main.o(!!!main)
    __scatterload                            0x08000191   Thumb Code     0  __scatter.o(!!!scatter)
    __scatterload_rt2                        0x08000191   Thumb Code    44  __scatter.o(!!!scatter)
    __scatterload_rt2_thumb_only             0x08000191   Thumb Code     0  __scatter.o(!!!scatter)
    __scatterload_null                       0x0800019f   Thumb Code     0  __scatter.o(!!!scatter)
    __scatterload_copy                       0x080001c5   Thumb Code    26  __scatter_copy.o(!!handler_copy)
    __scatterload_zeroinit                   0x080001e1   Thumb Code    28  __scatter_zi.o(!!handler_zi)
    __rt_lib_init                            0x080001fd   Thumb Code     0  libinit.o(.ARM.Collect$$libinit$$00000000)
    __rt_lib_init_fp_1                       0x080001ff   Thumb Code     0  libinit2.o(.ARM.Collect$$libinit$$00000001)
    __rt_lib_init_heap_2                     0x08000203   Thumb Code     0  libinit2.o(.ARM.Collect$$libinit$$00000005)
    __rt_lib_init_preinit_1                  0x08000203   Thumb Code     0  libinit2.o(.ARM.Collect$$libinit$$00000004)
    __rt_lib_init_alloca_1                   0x0800020b   Thumb Code     0  libinit2.o(.ARM.Collect$$libinit$$0000002E)
    __rt_lib_init_argv_1                     0x0800020b   Thumb Code     0  libinit2.o(.ARM.Collect$$libinit$$0000002C)
    __rt_lib_init_atexit_1                   0x0800020b   Thumb Code     0  libinit2.o(.ARM.Collect$$libinit$$0000001B)
    __rt_lib_init_clock_1                    0x0800020b   Thumb Code     0  libinit2.o(.ARM.Collect$$libinit$$00000021)
    __rt_lib_init_cpp_1                      0x0800020b   Thumb Code     0  libinit2.o(.ARM.Collect$$libinit$$00000032)
    __rt_lib_init_exceptions_1               0x0800020b   Thumb Code     0  libinit2.o(.ARM.Collect$$libinit$$00000030)
    __rt_lib_init_fp_trap_1                  0x0800020b   Thumb Code     0  libinit2.o(.ARM.Collect$$libinit$$0000001F)
    __rt_lib_init_getenv_1                   0x0800020b   Thumb Code     0  libinit2.o(.ARM.Collect$$libinit$$00000023)
    __rt_lib_init_heap_1                     0x0800020b   Thumb Code     0  libinit2.o(.ARM.Collect$$libinit$$0000000A)
    __rt_lib_init_lc_collate_1               0x0800020b   Thumb Code     0  libinit2.o(.ARM.Collect$$libinit$$00000011)
    __rt_lib_init_lc_ctype_1                 0x0800020b   Thumb Code     0  libinit2.o(.ARM.Collect$$libinit$$00000013)
    __rt_lib_init_lc_monetary_1              0x0800020b   Thumb Code     0  libinit2.o(.ARM.Collect$$libinit$$00000015)
    __rt_lib_init_lc_numeric_1               0x0800020b   Thumb Code     0  libinit2.o(.ARM.Collect$$libinit$$00000017)
    __rt_lib_init_lc_time_1                  0x0800020b   Thumb Code     0  libinit2.o(.ARM.Collect$$libinit$$00000019)
    __rt_lib_init_rand_1                     0x0800020b   Thumb Code     0  libinit2.o(.ARM.Collect$$libinit$$0000000E)
    __rt_lib_init_return                     0x0800020b   Thumb Code     0  libinit2.o(.ARM.Collect$$libinit$$00000033)
    __rt_lib_init_signal_1                   0x0800020b   Thumb Code     0  libinit2.o(.ARM.Collect$$libinit$$0000001D)
    __rt_lib_init_stdio_1                    0x0800020b   Thumb Code     0  libinit2.o(.ARM.Collect$$libinit$$00000025)
    __rt_lib_init_user_alloc_1               0x0800020b   Thumb Code     0  libinit2.o(.ARM.Collect$$libinit$$0000000C)
    __rt_lib_shutdown                        0x0800020d   Thumb Code     0  libshutdown.o(.ARM.Collect$$libshutdown$$00000000)
    __rt_lib_shutdown_cpp_1                  0x0800020f   Thumb Code     0  libshutdown2.o(.ARM.Collect$$libshutdown$$00000004)
    __rt_lib_shutdown_fini_1                 0x0800020f   Thumb Code     0  libshutdown2.o(.ARM.Collect$$libshutdown$$00000002)
    __rt_lib_shutdown_fp_trap_1              0x0800020f   Thumb Code     0  libshutdown2.o(.ARM.Collect$$libshutdown$$00000009)
    __rt_lib_shutdown_heap_1                 0x0800020f   Thumb Code     0  libshutdown2.o(.ARM.Collect$$libshutdown$$00000011)
    __rt_lib_shutdown_return                 0x0800020f   Thumb Code     0  libshutdown2.o(.ARM.Collect$$libshutdown$$00000012)
    __rt_lib_shutdown_signal_1               0x0800020f   Thumb Code     0  libshutdown2.o(.ARM.Collect$$libshutdown$$0000000C)
    __rt_lib_shutdown_stdio_1                0x0800020f   Thumb Code     0  libshutdown2.o(.ARM.Collect$$libshutdown$$00000006)
    __rt_lib_shutdown_user_alloc_1           0x0800020f   Thumb Code     0  libshutdown2.o(.ARM.Collect$$libshutdown$$0000000E)
    __rt_entry                               0x08000211   Thumb Code     0  __rtentry.o(.ARM.Collect$$rtentry$$00000000)
    __rt_entry_presh_1                       0x08000211   Thumb Code     0  __rtentry2.o(.ARM.Collect$$rtentry$$00000002)
    __rt_entry_sh                            0x08000211   Thumb Code     0  __rtentry4.o(.ARM.Collect$$rtentry$$00000004)
    __rt_entry_li                            0x08000217   Thumb Code     0  __rtentry2.o(.ARM.Collect$$rtentry$$0000000A)
    __rt_entry_postsh_1                      0x08000217   Thumb Code     0  __rtentry2.o(.ARM.Collect$$rtentry$$00000009)
    __rt_entry_main                          0x0800021b   Thumb Code     0  __rtentry2.o(.ARM.Collect$$rtentry$$0000000D)
    __rt_entry_postli_1                      0x0800021b   Thumb Code     0  __rtentry2.o(.ARM.Collect$$rtentry$$0000000C)
    __rt_exit                                0x08000223   Thumb Code     0  rtexit.o(.ARM.Collect$$rtexit$$00000000)
    __rt_exit_ls                             0x08000225   Thumb Code     0  rtexit2.o(.ARM.Collect$$rtexit$$00000003)
    __rt_exit_prels_1                        0x08000225   Thumb Code     0  rtexit2.o(.ARM.Collect$$rtexit$$00000002)
    __rt_exit_exit                           0x08000229   Thumb Code     0  rtexit2.o(.ARM.Collect$$rtexit$$00000004)
    Reset_Handler                            0x08000231   Thumb Code     8  startup_stm32f407xx.o(.text)
    _maybe_terminate_alloc                   0x08000231   Thumb Code     0  maybetermalloc1.o(.emb_text)
    ADC_IRQHandler                           0x0800024b   Thumb Code     0  startup_stm32f407xx.o(.text)
    CAN1_RX1_IRQHandler                      0x0800024b   Thumb Code     0  startup_stm32f407xx.o(.text)
    CAN1_SCE_IRQHandler                      0x0800024b   Thumb Code     0  startup_stm32f407xx.o(.text)
    CAN1_TX_IRQHandler                       0x0800024b   Thumb Code     0  startup_stm32f407xx.o(.text)
    CAN2_RX1_IRQHandler                      0x0800024b   Thumb Code     0  startup_stm32f407xx.o(.text)
    CAN2_SCE_IRQHandler                      0x0800024b   Thumb Code     0  startup_stm32f407xx.o(.text)
    CAN2_TX_IRQHandler                       0x0800024b   Thumb Code     0  startup_stm32f407xx.o(.text)
    DCMI_IRQHandler                          0x0800024b   Thumb Code     0  startup_stm32f407xx.o(.text)
    DMA1_Stream0_IRQHandler                  0x0800024b   Thumb Code     0  startup_stm32f407xx.o(.text)
    DMA1_Stream1_IRQHandler                  0x0800024b   Thumb Code     0  startup_stm32f407xx.o(.text)
    DMA1_Stream2_IRQHandler                  0x0800024b   Thumb Code     0  startup_stm32f407xx.o(.text)
    DMA1_Stream3_IRQHandler                  0x0800024b   Thumb Code     0  startup_stm32f407xx.o(.text)
    DMA1_Stream4_IRQHandler                  0x0800024b   Thumb Code     0  startup_stm32f407xx.o(.text)
    DMA1_Stream5_IRQHandler                  0x0800024b   Thumb Code     0  startup_stm32f407xx.o(.text)
    DMA1_Stream6_IRQHandler                  0x0800024b   Thumb Code     0  startup_stm32f407xx.o(.text)
    DMA1_Stream7_IRQHandler                  0x0800024b   Thumb Code     0  startup_stm32f407xx.o(.text)
    DMA2_Stream0_IRQHandler                  0x0800024b   Thumb Code     0  startup_stm32f407xx.o(.text)
    DMA2_Stream1_IRQHandler                  0x0800024b   Thumb Code     0  startup_stm32f407xx.o(.text)
    DMA2_Stream2_IRQHandler                  0x0800024b   Thumb Code     0  startup_stm32f407xx.o(.text)
    DMA2_Stream3_IRQHandler                  0x0800024b   Thumb Code     0  startup_stm32f407xx.o(.text)
    DMA2_Stream4_IRQHandler                  0x0800024b   Thumb Code     0  startup_stm32f407xx.o(.text)
    DMA2_Stream5_IRQHandler                  0x0800024b   Thumb Code     0  startup_stm32f407xx.o(.text)
    DMA2_Stream6_IRQHandler                  0x0800024b   Thumb Code     0  startup_stm32f407xx.o(.text)
    DMA2_Stream7_IRQHandler                  0x0800024b   Thumb Code     0  startup_stm32f407xx.o(.text)
    ETH_IRQHandler                           0x0800024b   Thumb Code     0  startup_stm32f407xx.o(.text)
    ETH_WKUP_IRQHandler                      0x0800024b   Thumb Code     0  startup_stm32f407xx.o(.text)
    EXTI0_IRQHandler                         0x0800024b   Thumb Code     0  startup_stm32f407xx.o(.text)
    EXTI15_10_IRQHandler                     0x0800024b   Thumb Code     0  startup_stm32f407xx.o(.text)
    EXTI1_IRQHandler                         0x0800024b   Thumb Code     0  startup_stm32f407xx.o(.text)
    EXTI2_IRQHandler                         0x0800024b   Thumb Code     0  startup_stm32f407xx.o(.text)
    EXTI3_IRQHandler                         0x0800024b   Thumb Code     0  startup_stm32f407xx.o(.text)
    EXTI4_IRQHandler                         0x0800024b   Thumb Code     0  startup_stm32f407xx.o(.text)
    EXTI9_5_IRQHandler                       0x0800024b   Thumb Code     0  startup_stm32f407xx.o(.text)
    FLASH_IRQHandler                         0x0800024b   Thumb Code     0  startup_stm32f407xx.o(.text)
    FMC_IRQHandler                           0x0800024b   Thumb Code     0  startup_stm32f407xx.o(.text)
    FPU_IRQHandler                           0x0800024b   Thumb Code     0  startup_stm32f407xx.o(.text)
    HASH_RNG_IRQHandler                      0x0800024b   Thumb Code     0  startup_stm32f407xx.o(.text)
    I2C1_ER_IRQHandler                       0x0800024b   Thumb Code     0  startup_stm32f407xx.o(.text)
    I2C1_EV_IRQHandler                       0x0800024b   Thumb Code     0  startup_stm32f407xx.o(.text)
    I2C2_ER_IRQHandler                       0x0800024b   Thumb Code     0  startup_stm32f407xx.o(.text)
    I2C2_EV_IRQHandler                       0x0800024b   Thumb Code     0  startup_stm32f407xx.o(.text)
    I2C3_ER_IRQHandler                       0x0800024b   Thumb Code     0  startup_stm32f407xx.o(.text)
    I2C3_EV_IRQHandler                       0x0800024b   Thumb Code     0  startup_stm32f407xx.o(.text)
    OTG_FS_IRQHandler                        0x0800024b   Thumb Code     0  startup_stm32f407xx.o(.text)
    OTG_FS_WKUP_IRQHandler                   0x0800024b   Thumb Code     0  startup_stm32f407xx.o(.text)
    OTG_HS_EP1_IN_IRQHandler                 0x0800024b   Thumb Code     0  startup_stm32f407xx.o(.text)
    OTG_HS_EP1_OUT_IRQHandler                0x0800024b   Thumb Code     0  startup_stm32f407xx.o(.text)
    OTG_HS_IRQHandler                        0x0800024b   Thumb Code     0  startup_stm32f407xx.o(.text)
    OTG_HS_WKUP_IRQHandler                   0x0800024b   Thumb Code     0  startup_stm32f407xx.o(.text)
    PVD_IRQHandler                           0x0800024b   Thumb Code     0  startup_stm32f407xx.o(.text)
    RCC_IRQHandler                           0x0800024b   Thumb Code     0  startup_stm32f407xx.o(.text)
    RTC_Alarm_IRQHandler                     0x0800024b   Thumb Code     0  startup_stm32f407xx.o(.text)
    RTC_WKUP_IRQHandler                      0x0800024b   Thumb Code     0  startup_stm32f407xx.o(.text)
    SDIO_IRQHandler                          0x0800024b   Thumb Code     0  startup_stm32f407xx.o(.text)
    SPI1_IRQHandler                          0x0800024b   Thumb Code     0  startup_stm32f407xx.o(.text)
    SPI2_IRQHandler                          0x0800024b   Thumb Code     0  startup_stm32f407xx.o(.text)
    SPI3_IRQHandler                          0x0800024b   Thumb Code     0  startup_stm32f407xx.o(.text)
    TAMP_STAMP_IRQHandler                    0x0800024b   Thumb Code     0  startup_stm32f407xx.o(.text)
    TIM1_BRK_TIM9_IRQHandler                 0x0800024b   Thumb Code     0  startup_stm32f407xx.o(.text)
    TIM1_CC_IRQHandler                       0x0800024b   Thumb Code     0  startup_stm32f407xx.o(.text)
    TIM1_TRG_COM_TIM11_IRQHandler            0x0800024b   Thumb Code     0  startup_stm32f407xx.o(.text)
    TIM1_UP_TIM10_IRQHandler                 0x0800024b   Thumb Code     0  startup_stm32f407xx.o(.text)
    TIM2_IRQHandler                          0x0800024b   Thumb Code     0  startup_stm32f407xx.o(.text)
    TIM3_IRQHandler                          0x0800024b   Thumb Code     0  startup_stm32f407xx.o(.text)
    TIM4_IRQHandler                          0x0800024b   Thumb Code     0  startup_stm32f407xx.o(.text)
    TIM5_IRQHandler                          0x0800024b   Thumb Code     0  startup_stm32f407xx.o(.text)
    TIM6_DAC_IRQHandler                      0x0800024b   Thumb Code     0  startup_stm32f407xx.o(.text)
    TIM7_IRQHandler                          0x0800024b   Thumb Code     0  startup_stm32f407xx.o(.text)
    TIM8_BRK_TIM12_IRQHandler                0x0800024b   Thumb Code     0  startup_stm32f407xx.o(.text)
    TIM8_CC_IRQHandler                       0x0800024b   Thumb Code     0  startup_stm32f407xx.o(.text)
    TIM8_TRG_COM_TIM14_IRQHandler            0x0800024b   Thumb Code     0  startup_stm32f407xx.o(.text)
    TIM8_UP_TIM13_IRQHandler                 0x0800024b   Thumb Code     0  startup_stm32f407xx.o(.text)
    UART4_IRQHandler                         0x0800024b   Thumb Code     0  startup_stm32f407xx.o(.text)
    UART5_IRQHandler                         0x0800024b   Thumb Code     0  startup_stm32f407xx.o(.text)
    USART2_IRQHandler                        0x0800024b   Thumb Code     0  startup_stm32f407xx.o(.text)
    USART3_IRQHandler                        0x0800024b   Thumb Code     0  startup_stm32f407xx.o(.text)
    WWDG_IRQHandler                          0x0800024b   Thumb Code     0  startup_stm32f407xx.o(.text)
    __user_initial_stackheap                 0x0800024d   Thumb Code     0  startup_stm32f407xx.o(.text)
    malloc                                   0x08000271   Thumb Code    94  h1_alloc.o(.text)
    free                                     0x080002cf   Thumb Code    78  h1_free.o(.text)
    __aeabi_uldivmod                         0x0800031d   Thumb Code     0  lludivv7m.o(.text)
    _ll_udiv                                 0x0800031d   Thumb Code   238  lludivv7m.o(.text)
    strstr                                   0x0800040b   Thumb Code    36  strstr.o(.text)
    strlen                                   0x0800042f   Thumb Code    62  strlen.o(.text)
    __aeabi_memcpy                           0x0800046d   Thumb Code     0  rt_memcpy_v6.o(.text)
    __rt_memcpy                              0x0800046d   Thumb Code   138  rt_memcpy_v6.o(.text)
    _memcpy_lastbytes                        0x080004d3   Thumb Code     0  rt_memcpy_v6.o(.text)
    __aeabi_memclr                           0x080004f7   Thumb Code     0  rt_memclr.o(.text)
    __rt_memclr                              0x080004f7   Thumb Code    68  rt_memclr.o(.text)
    _memset                                  0x080004fb   Thumb Code     0  rt_memclr.o(.text)
    __aeabi_memclr4                          0x0800053b   Thumb Code     0  rt_memclr_w.o(.text)
    __aeabi_memclr8                          0x0800053b   Thumb Code     0  rt_memclr_w.o(.text)
    __rt_memclr_w                            0x0800053b   Thumb Code    78  rt_memclr_w.o(.text)
    _memset_w                                0x0800053f   Thumb Code     0  rt_memclr_w.o(.text)
    __use_two_region_memory                  0x08000589   Thumb Code     2  heapauxi.o(.text)
    __rt_heap_escrow                         0x0800058b   Thumb Code     2  heapauxi.o(.text)
    __rt_heap_expand                         0x0800058d   Thumb Code     2  heapauxi.o(.text)
    __rt_heap_descriptor                     0x08000591   Thumb Code     8  rt_heap_descriptor_intlibspace.o(.text)
    __use_no_heap                            0x08000599   Thumb Code     2  hguard.o(.text)
    __heap$guard                             0x0800059b   Thumb Code     2  hguard.o(.text)
    _terminate_user_alloc                    0x0800059d   Thumb Code     2  init_alloc.o(.text)
    _init_user_alloc                         0x0800059f   Thumb Code     2  init_alloc.o(.text)
    __Heap_Full                              0x080005a1   Thumb Code    34  init_alloc.o(.text)
    __Heap_Broken                            0x080005c3   Thumb Code     6  init_alloc.o(.text)
    _init_alloc                              0x080005c9   Thumb Code    94  init_alloc.o(.text)
    __Heap_Initialize                        0x08000627   Thumb Code    10  h1_init.o(.text)
    __Heap_DescSize                          0x08000631   Thumb Code     4  h1_init.o(.text)
    __aeabi_memcpy4                          0x08000635   Thumb Code     0  rt_memcpy_w.o(.text)
    __aeabi_memcpy8                          0x08000635   Thumb Code     0  rt_memcpy_w.o(.text)
    __rt_memcpy_w                            0x08000635   Thumb Code   100  rt_memcpy_w.o(.text)
    _memcpy_lastbytes_aligned                0x0800067d   Thumb Code     0  rt_memcpy_w.o(.text)
    __user_libspace                          0x08000699   Thumb Code     8  libspace.o(.text)
    __user_perproc_libspace                  0x08000699   Thumb Code     0  libspace.o(.text)
    __user_perthread_libspace                0x08000699   Thumb Code     0  libspace.o(.text)
    __Heap_ProvideMemory                     0x080006a1   Thumb Code    52  h1_extend.o(.text)
    __rt_SIGRTMEM                            0x080006d5   Thumb Code    14  defsig_rtmem_outer.o(.text)
    __I$use$semihosting                      0x080006e3   Thumb Code     0  use_no_semi.o(.text)
    __use_no_semihosting_swi                 0x080006e3   Thumb Code     2  use_no_semi.o(.text)
    __semihosting_library_function           0x080006e5   Thumb Code     0  indicate_semi.o(.text)
    __user_setup_stackheap                   0x080006e5   Thumb Code    74  sys_stackheap_outer.o(.text)
    exit                                     0x0800072f   Thumb Code    18  exit.o(.text)
    __sig_exit                               0x08000741   Thumb Code    10  defsig_exit.o(.text)
    __rt_SIGRTMEM_inner                      0x0800074d   Thumb Code    22  defsig_rtmem_inner.o(.text)
    _sys_exit                                0x0800079d   Thumb Code     8  sys_exit.o(.text)
    __default_signal_display                 0x080007a9   Thumb Code    50  defsig_general.o(.text)
    _ttywrch                                 0x080007db   Thumb Code    14  sys_wrch.o(.text)
    BusFault_Handler                         0x080007e9   Thumb Code     4  stm32f4xx_it.o(i.BusFault_Handler)
    CAN1_RX0_IRQHandler                      0x080007ed   Thumb Code    10  stm32f4xx_it.o(i.CAN1_RX0_IRQHandler)
    CAN2_RX0_IRQHandler                      0x080007fd   Thumb Code    10  stm32f4xx_it.o(i.CAN2_RX0_IRQHandler)
    CAN_SDO_Send                             0x0800080d   Thumb Code   172  can_receive.o(i.CAN_SDO_Send)
    CAN_motor_enable                         0x080008c5   Thumb Code    46  can_receive.o(i.CAN_motor_enable)
    CAN_motor_mode                           0x080008f3   Thumb Code    26  can_receive.o(i.CAN_motor_mode)
    CAN_motor_setPos                         0x0800090d   Thumb Code    26  can_receive.o(i.CAN_motor_setPos)
    CAN_motor_setProfileSpeed                0x08000929   Thumb Code    86  can_receive.o(i.CAN_motor_setProfileSpeed)
    DebugMon_Handler                         0x0800098d   Thumb Code     2  stm32f4xx_it.o(i.DebugMon_Handler)
    Error_Handler                            0x0800098f   Thumb Code     2  main.o(i.Error_Handler)
    HAL_CAN_ActivateNotification             0x08000991   Thumb Code    42  stm32f4xx_hal_can.o(i.HAL_CAN_ActivateNotification)
    HAL_CAN_AddTxMessage                     0x080009bb   Thumb Code   330  stm32f4xx_hal_can.o(i.HAL_CAN_AddTxMessage)
    HAL_CAN_ConfigFilter                     0x08000b05   Thumb Code   284  stm32f4xx_hal_can.o(i.HAL_CAN_ConfigFilter)
    HAL_CAN_ErrorCallback                    0x08000c25   Thumb Code     2  stm32f4xx_hal_can.o(i.HAL_CAN_ErrorCallback)
    HAL_CAN_GetRxMessage                     0x08000c27   Thumb Code   404  stm32f4xx_hal_can.o(i.HAL_CAN_GetRxMessage)
    HAL_CAN_IRQHandler                       0x08000dbb   Thumb Code   590  stm32f4xx_hal_can.o(i.HAL_CAN_IRQHandler)
    HAL_CAN_Init                             0x08001009   Thumb Code   372  stm32f4xx_hal_can.o(i.HAL_CAN_Init)
    HAL_CAN_MspInit                          0x0800117d   Thumb Code   328  can.o(i.HAL_CAN_MspInit)
    HAL_CAN_RxFifo0FullCallback              0x080012dd   Thumb Code     2  stm32f4xx_hal_can.o(i.HAL_CAN_RxFifo0FullCallback)
    HAL_CAN_RxFifo0MsgPendingCallback        0x080012df   Thumb Code    28  can_receive.o(i.HAL_CAN_RxFifo0MsgPendingCallback)
    HAL_CAN_RxFifo1FullCallback              0x080012fb   Thumb Code     2  stm32f4xx_hal_can.o(i.HAL_CAN_RxFifo1FullCallback)
    HAL_CAN_RxFifo1MsgPendingCallback        0x080012fd   Thumb Code     2  stm32f4xx_hal_can.o(i.HAL_CAN_RxFifo1MsgPendingCallback)
    HAL_CAN_SleepCallback                    0x080012ff   Thumb Code     2  stm32f4xx_hal_can.o(i.HAL_CAN_SleepCallback)
    HAL_CAN_Start                            0x08001301   Thumb Code    94  stm32f4xx_hal_can.o(i.HAL_CAN_Start)
    HAL_CAN_TxMailbox0AbortCallback          0x0800135f   Thumb Code     2  stm32f4xx_hal_can.o(i.HAL_CAN_TxMailbox0AbortCallback)
    HAL_CAN_TxMailbox0CompleteCallback       0x08001361   Thumb Code     2  stm32f4xx_hal_can.o(i.HAL_CAN_TxMailbox0CompleteCallback)
    HAL_CAN_TxMailbox1AbortCallback          0x08001363   Thumb Code     2  stm32f4xx_hal_can.o(i.HAL_CAN_TxMailbox1AbortCallback)
    HAL_CAN_TxMailbox1CompleteCallback       0x08001365   Thumb Code     2  stm32f4xx_hal_can.o(i.HAL_CAN_TxMailbox1CompleteCallback)
    HAL_CAN_TxMailbox2AbortCallback          0x08001367   Thumb Code     2  stm32f4xx_hal_can.o(i.HAL_CAN_TxMailbox2AbortCallback)
    HAL_CAN_TxMailbox2CompleteCallback       0x08001369   Thumb Code     2  stm32f4xx_hal_can.o(i.HAL_CAN_TxMailbox2CompleteCallback)
    HAL_CAN_WakeUpFromRxMsgCallback          0x0800136b   Thumb Code     2  stm32f4xx_hal_can.o(i.HAL_CAN_WakeUpFromRxMsgCallback)
    HAL_DMA_Abort                            0x0800136d   Thumb Code   172  stm32f4xx_hal_dma.o(i.HAL_DMA_Abort)
    HAL_DMA_Abort_IT                         0x08001419   Thumb Code    40  stm32f4xx_hal_dma.o(i.HAL_DMA_Abort_IT)
    HAL_Delay                                0x08001441   Thumb Code    36  stm32f4xx_hal.o(i.HAL_Delay)
    HAL_GPIO_Init                            0x08001469   Thumb Code   454  stm32f4xx_hal_gpio.o(i.HAL_GPIO_Init)
    HAL_GPIO_WritePin                        0x0800165d   Thumb Code    12  stm32f4xx_hal_gpio.o(i.HAL_GPIO_WritePin)
    HAL_GetTick                              0x08001669   Thumb Code     6  stm32f4xx_hal.o(i.HAL_GetTick)
    HAL_IncTick                              0x08001675   Thumb Code    16  stm32f4xx_hal.o(i.HAL_IncTick)
    HAL_Init                                 0x0800168d   Thumb Code    54  stm32f4xx_hal.o(i.HAL_Init)
    HAL_InitTick                             0x080016c9   Thumb Code    64  stm32f4xx_hal.o(i.HAL_InitTick)
    HAL_MspInit                              0x08001715   Thumb Code    68  stm32f4xx_hal_msp.o(i.HAL_MspInit)
    HAL_NVIC_EnableIRQ                       0x0800175d   Thumb Code    40  stm32f4xx_hal_cortex.o(i.HAL_NVIC_EnableIRQ)
    HAL_NVIC_SetPriority                     0x08001785   Thumb Code   124  stm32f4xx_hal_cortex.o(i.HAL_NVIC_SetPriority)
    HAL_NVIC_SetPriorityGrouping             0x08001801   Thumb Code    32  stm32f4xx_hal_cortex.o(i.HAL_NVIC_SetPriorityGrouping)
    HAL_RCC_ClockConfig                      0x08001829   Thumb Code   368  stm32f4xx_hal_rcc.o(i.HAL_RCC_ClockConfig)
    HAL_RCC_GetHCLKFreq                      0x080019ad   Thumb Code     6  stm32f4xx_hal_rcc.o(i.HAL_RCC_GetHCLKFreq)
    HAL_RCC_GetPCLK1Freq                     0x080019b9   Thumb Code    22  stm32f4xx_hal_rcc.o(i.HAL_RCC_GetPCLK1Freq)
    HAL_RCC_GetPCLK2Freq                     0x080019d9   Thumb Code    22  stm32f4xx_hal_rcc.o(i.HAL_RCC_GetPCLK2Freq)
    HAL_RCC_GetSysClockFreq                  0x080019f9   Thumb Code   162  stm32f4xx_hal_rcc.o(i.HAL_RCC_GetSysClockFreq)
    HAL_RCC_OscConfig                        0x08001aa9   Thumb Code  1172  stm32f4xx_hal_rcc.o(i.HAL_RCC_OscConfig)
    HAL_SYSTICK_Config                       0x08001f45   Thumb Code    52  stm32f4xx_hal_cortex.o(i.HAL_SYSTICK_Config)
    HAL_UARTEx_RxEventCallback               0x08001f79   Thumb Code     2  stm32f4xx_hal_uart.o(i.HAL_UARTEx_RxEventCallback)
    HAL_UART_ErrorCallback                   0x08001f7b   Thumb Code     2  stm32f4xx_hal_uart.o(i.HAL_UART_ErrorCallback)
    HAL_UART_IRQHandler                      0x08001f7d   Thumb Code   772  stm32f4xx_hal_uart.o(i.HAL_UART_IRQHandler)
    HAL_UART_Init                            0x08002285   Thumb Code   118  stm32f4xx_hal_uart.o(i.HAL_UART_Init)
    HAL_UART_MspInit                         0x080022fd   Thumb Code   322  usart.o(i.HAL_UART_MspInit)
    HAL_UART_Receive_IT                      0x08002459   Thumb Code    44  stm32f4xx_hal_uart.o(i.HAL_UART_Receive_IT)
    HAL_UART_RxCpltCallback                  0x08002485   Thumb Code   278  stm32f4xx_it.o(i.HAL_UART_RxCpltCallback)
    HAL_UART_Transmit                        0x080025c9   Thumb Code   190  stm32f4xx_hal_uart.o(i.HAL_UART_Transmit)
    HAL_UART_TxCpltCallback                  0x08002687   Thumb Code     2  stm32f4xx_hal_uart.o(i.HAL_UART_TxCpltCallback)
    HardFault_Handler                        0x08002689   Thumb Code     4  stm32f4xx_it.o(i.HardFault_Handler)
    LoRa_SendCmd                             0x0800268d   Thumb Code   156  lora.o(i.LoRa_SendCmd)
    LoRa_T_V_Attach                          0x08002739   Thumb Code   152  lora.o(i.LoRa_T_V_Attach)
    MX_CAN1_Init                             0x08002861   Thumb Code    58  can.o(i.MX_CAN1_Init)
    MX_CAN2_Init                             0x080028a5   Thumb Code    58  can.o(i.MX_CAN2_Init)
    MX_GPIO_Init                             0x080028e9   Thumb Code   204  gpio.o(i.MX_GPIO_Init)
    MX_USART1_UART_Init                      0x080029bd   Thumb Code    46  usart.o(i.MX_USART1_UART_Init)
    MX_USART6_UART_Init                      0x080029f5   Thumb Code    46  usart.o(i.MX_USART6_UART_Init)
    MemManage_Handler                        0x08002a2d   Thumb Code     4  stm32f4xx_it.o(i.MemManage_Handler)
    NMI_Handler                              0x08002a31   Thumb Code     4  stm32f4xx_it.o(i.NMI_Handler)
    OD_AddEntry                              0x08002a35   Thumb Code    72  object_dictionary.o(i.OD_AddEntry)
    OD_Create                                0x08002a7d   Thumb Code    26  object_dictionary.o(i.OD_Create)
    OD_User_AddEntry                         0x08002b03   Thumb Code   112  object_dictionary.o(i.OD_User_AddEntry)
    OD_User_Init                             0x08002b73   Thumb Code   424  object_dictionary.o(i.OD_User_Init)
    PendSV_Handler                           0x08002d1b   Thumb Code     2  stm32f4xx_it.o(i.PendSV_Handler)
    SVC_Handler                              0x08002d1d   Thumb Code     2  stm32f4xx_it.o(i.SVC_Handler)
    SysTick_Handler                          0x08002d1f   Thumb Code     8  stm32f4xx_it.o(i.SysTick_Handler)
    SystemClock_Config                       0x08002d29   Thumb Code   170  main.o(i.SystemClock_Config)
    SystemInit                               0x08002ddd   Thumb Code    14  system_stm32f4xx.o(i.SystemInit)
    UART_Start_Receive_IT                    0x080031b9   Thumb Code    64  stm32f4xx_hal_uart.o(i.UART_Start_Receive_IT)
    USART1_IRQHandler                        0x080032e5   Thumb Code    10  stm32f4xx_it.o(i.USART1_IRQHandler)
    USART6_IRQHandler                        0x080032f5   Thumb Code    10  stm32f4xx_it.o(i.USART6_IRQHandler)
    UsageFault_Handler                       0x08003305   Thumb Code     4  stm32f4xx_it.o(i.UsageFault_Handler)
    can_filter_init                          0x08003341   Thumb Code    84  bsp_can.o(i.can_filter_init)
    main                                     0x0800339d   Thumb Code   122  main.o(i.main)
    _fp_init                                 0x08003425   Thumb Code    10  fpinit.o(x$fpl$fpinit)
    __fplib_config_fpu_vfp                   0x0800342d   Thumb Code     0  fpinit.o(x$fpl$fpinit)
    __fplib_config_pureend_doubles           0x0800342d   Thumb Code     0  fpinit.o(x$fpl$fpinit)
    AHBPrescTable                            0x0800342e   Data          16  system_stm32f4xx.o(.constdata)
    APBPrescTable                            0x0800343e   Data           8  system_stm32f4xx.o(.constdata)
    Region$$Table$$Base                      0x08003448   Number         0  anon$$obj.o(Region$$Table)
    Region$$Table$$Limit                     0x08003468   Number         0  anon$$obj.o(Region$$Table)
    od                                       0x20000000   Data           4  main.o(.data)
    wasdLR                                   0x20000008   Data           7  stm32f4xx_it.o(.data)
    num                                      0x2000000f   Data           1  stm32f4xx_it.o(.data)
    target_pos                               0x20000010   Data           4  stm32f4xx_it.o(.data)
    step                                     0x20000014   Data           4  stm32f4xx_it.o(.data)
    sequence_num                             0x20000018   Data           4  stm32f4xx_it.o(.data)
    uwTick                                   0x2000001c   Data           4  stm32f4xx_hal.o(.data)
    uwTickPrio                               0x20000020   Data           4  stm32f4xx_hal.o(.data)
    uwTickFreq                               0x20000024   Data           1  stm32f4xx_hal.o(.data)
    SystemCoreClock                          0x20000028   Data           4  system_stm32f4xx.o(.data)
    bRxBufferUart1                           0x2000003c   Data           1  lora.o(.data)
    LPUART1_RX_LEN                           0x2000003e   Data           2  lora.o(.data)
    DefaultTimeout                           0x20000040   Data           4  lora.o(.data)
    hcan1                                    0x20000044   Data          40  can.o(.bss)
    hcan2                                    0x2000006c   Data          40  can.o(.bss)
    huart1                                   0x20000094   Data          72  usart.o(.bss)
    huart6                                   0x200000dc   Data          72  usart.o(.bss)
    LPUART1_RX_BUF                           0x20000154   Data        1024  lora.o(.bss)
    __libspace_start                         0x20000554   Data          96  libspace.o(.bss)
    __temporary_stack_top$libspace           0x200005b4   Data           0  libspace.o(.bss)



==============================================================================

Memory Map of the image

  Image Entry point : 0x08000189

  Load Region LR_IROM1 (Base: 0x08000000, Size: 0x000034ac, Max: 0x00100000, ABSOLUTE)

    Execution Region ER_IROM1 (Exec base: 0x08000000, Load base: 0x08000000, Size: 0x00003468, Max: 0x00100000, ABSOLUTE)

    Exec Addr    Load Addr    Size         Type   Attr      Idx    E Section Name        Object

    0x08000000   0x08000000   0x00000188   Data   RO            3    RESET               startup_stm32f407xx.o
    0x08000188   0x08000188   0x00000008   Code   RO         2663  * !!!main             c_w.l(__main.o)
    0x08000190   0x08000190   0x00000034   Code   RO         2955    !!!scatter          c_w.l(__scatter.o)
    0x080001c4   0x080001c4   0x0000001a   Code   RO         2957    !!handler_copy      c_w.l(__scatter_copy.o)
    0x080001de   0x080001de   0x00000002   PAD
    0x080001e0   0x080001e0   0x0000001c   Code   RO         2959    !!handler_zi        c_w.l(__scatter_zi.o)
    0x080001fc   0x080001fc   0x00000002   Code   RO         2863    .ARM.Collect$$libinit$$00000000  c_w.l(libinit.o)
    0x080001fe   0x080001fe   0x00000004   Code   RO         2709    .ARM.Collect$$libinit$$00000001  c_w.l(libinit2.o)
    0x08000202   0x08000202   0x00000000   Code   RO         2712    .ARM.Collect$$libinit$$00000004  c_w.l(libinit2.o)
    0x08000202   0x08000202   0x00000008   Code   RO         2713    .ARM.Collect$$libinit$$00000005  c_w.l(libinit2.o)
    0x0800020a   0x0800020a   0x00000000   Code   RO         2715    .ARM.Collect$$libinit$$0000000A  c_w.l(libinit2.o)
    0x0800020a   0x0800020a   0x00000000   Code   RO         2717    .ARM.Collect$$libinit$$0000000C  c_w.l(libinit2.o)
    0x0800020a   0x0800020a   0x00000000   Code   RO         2719    .ARM.Collect$$libinit$$0000000E  c_w.l(libinit2.o)
    0x0800020a   0x0800020a   0x00000000   Code   RO         2722    .ARM.Collect$$libinit$$00000011  c_w.l(libinit2.o)
    0x0800020a   0x0800020a   0x00000000   Code   RO         2724    .ARM.Collect$$libinit$$00000013  c_w.l(libinit2.o)
    0x0800020a   0x0800020a   0x00000000   Code   RO         2726    .ARM.Collect$$libinit$$00000015  c_w.l(libinit2.o)
    0x0800020a   0x0800020a   0x00000000   Code   RO         2728    .ARM.Collect$$libinit$$00000017  c_w.l(libinit2.o)
    0x0800020a   0x0800020a   0x00000000   Code   RO         2730    .ARM.Collect$$libinit$$00000019  c_w.l(libinit2.o)
    0x0800020a   0x0800020a   0x00000000   Code   RO         2732    .ARM.Collect$$libinit$$0000001B  c_w.l(libinit2.o)
    0x0800020a   0x0800020a   0x00000000   Code   RO         2734    .ARM.Collect$$libinit$$0000001D  c_w.l(libinit2.o)
    0x0800020a   0x0800020a   0x00000000   Code   RO         2736    .ARM.Collect$$libinit$$0000001F  c_w.l(libinit2.o)
    0x0800020a   0x0800020a   0x00000000   Code   RO         2738    .ARM.Collect$$libinit$$00000021  c_w.l(libinit2.o)
    0x0800020a   0x0800020a   0x00000000   Code   RO         2740    .ARM.Collect$$libinit$$00000023  c_w.l(libinit2.o)
    0x0800020a   0x0800020a   0x00000000   Code   RO         2742    .ARM.Collect$$libinit$$00000025  c_w.l(libinit2.o)
    0x0800020a   0x0800020a   0x00000000   Code   RO         2746    .ARM.Collect$$libinit$$0000002C  c_w.l(libinit2.o)
    0x0800020a   0x0800020a   0x00000000   Code   RO         2748    .ARM.Collect$$libinit$$0000002E  c_w.l(libinit2.o)
    0x0800020a   0x0800020a   0x00000000   Code   RO         2750    .ARM.Collect$$libinit$$00000030  c_w.l(libinit2.o)
    0x0800020a   0x0800020a   0x00000000   Code   RO         2752    .ARM.Collect$$libinit$$00000032  c_w.l(libinit2.o)
    0x0800020a   0x0800020a   0x00000002   Code   RO         2753    .ARM.Collect$$libinit$$00000033  c_w.l(libinit2.o)
    0x0800020c   0x0800020c   0x00000002   Code   RO         2952    .ARM.Collect$$libshutdown$$00000000  c_w.l(libshutdown.o)
    0x0800020e   0x0800020e   0x00000000   Code   RO         2865    .ARM.Collect$$libshutdown$$00000002  c_w.l(libshutdown2.o)
    0x0800020e   0x0800020e   0x00000000   Code   RO         2867    .ARM.Collect$$libshutdown$$00000004  c_w.l(libshutdown2.o)
    0x0800020e   0x0800020e   0x00000000   Code   RO         2869    .ARM.Collect$$libshutdown$$00000006  c_w.l(libshutdown2.o)
    0x0800020e   0x0800020e   0x00000000   Code   RO         2872    .ARM.Collect$$libshutdown$$00000009  c_w.l(libshutdown2.o)
    0x0800020e   0x0800020e   0x00000000   Code   RO         2875    .ARM.Collect$$libshutdown$$0000000C  c_w.l(libshutdown2.o)
    0x0800020e   0x0800020e   0x00000000   Code   RO         2877    .ARM.Collect$$libshutdown$$0000000E  c_w.l(libshutdown2.o)
    0x0800020e   0x0800020e   0x00000000   Code   RO         2880    .ARM.Collect$$libshutdown$$00000011  c_w.l(libshutdown2.o)
    0x0800020e   0x0800020e   0x00000002   Code   RO         2881    .ARM.Collect$$libshutdown$$00000012  c_w.l(libshutdown2.o)
    0x08000210   0x08000210   0x00000000   Code   RO         2667    .ARM.Collect$$rtentry$$00000000  c_w.l(__rtentry.o)
    0x08000210   0x08000210   0x00000000   Code   RO         2760    .ARM.Collect$$rtentry$$00000002  c_w.l(__rtentry2.o)
    0x08000210   0x08000210   0x00000006   Code   RO         2772    .ARM.Collect$$rtentry$$00000004  c_w.l(__rtentry4.o)
    0x08000216   0x08000216   0x00000000   Code   RO         2762    .ARM.Collect$$rtentry$$00000009  c_w.l(__rtentry2.o)
    0x08000216   0x08000216   0x00000004   Code   RO         2763    .ARM.Collect$$rtentry$$0000000A  c_w.l(__rtentry2.o)
    0x0800021a   0x0800021a   0x00000000   Code   RO         2765    .ARM.Collect$$rtentry$$0000000C  c_w.l(__rtentry2.o)
    0x0800021a   0x0800021a   0x00000008   Code   RO         2766    .ARM.Collect$$rtentry$$0000000D  c_w.l(__rtentry2.o)
    0x08000222   0x08000222   0x00000002   Code   RO         2886    .ARM.Collect$$rtexit$$00000000  c_w.l(rtexit.o)
    0x08000224   0x08000224   0x00000000   Code   RO         2915    .ARM.Collect$$rtexit$$00000002  c_w.l(rtexit2.o)
    0x08000224   0x08000224   0x00000004   Code   RO         2916    .ARM.Collect$$rtexit$$00000003  c_w.l(rtexit2.o)
    0x08000228   0x08000228   0x00000006   Code   RO         2917    .ARM.Collect$$rtexit$$00000004  c_w.l(rtexit2.o)
    0x0800022e   0x0800022e   0x00000002   PAD
    0x08000230   0x08000230   0x00000000   Code   RO         2778    .emb_text           c_w.l(maybetermalloc1.o)
    0x08000230   0x08000230   0x00000040   Code   RO            4    .text               startup_stm32f407xx.o
    0x08000270   0x08000270   0x0000005e   Code   RO         2587    .text               c_w.l(h1_alloc.o)
    0x080002ce   0x080002ce   0x0000004e   Code   RO         2589    .text               c_w.l(h1_free.o)
    0x0800031c   0x0800031c   0x000000ee   Code   RO         2645    .text               c_w.l(lludivv7m.o)
    0x0800040a   0x0800040a   0x00000024   Code   RO         2651    .text               c_w.l(strstr.o)
    0x0800042e   0x0800042e   0x0000003e   Code   RO         2653    .text               c_w.l(strlen.o)
    0x0800046c   0x0800046c   0x0000008a   Code   RO         2655    .text               c_w.l(rt_memcpy_v6.o)
    0x080004f6   0x080004f6   0x00000044   Code   RO         2657    .text               c_w.l(rt_memclr.o)
    0x0800053a   0x0800053a   0x0000004e   Code   RO         2659    .text               c_w.l(rt_memclr_w.o)
    0x08000588   0x08000588   0x00000006   Code   RO         2661    .text               c_w.l(heapauxi.o)
    0x0800058e   0x0800058e   0x00000002   PAD
    0x08000590   0x08000590   0x00000008   Code   RO         2675    .text               c_w.l(rt_heap_descriptor_intlibspace.o)
    0x08000598   0x08000598   0x00000004   Code   RO         2677    .text               c_w.l(hguard.o)
    0x0800059c   0x0800059c   0x0000008a   Code   RO         2679    .text               c_w.l(init_alloc.o)
    0x08000626   0x08000626   0x0000000e   Code   RO         2683    .text               c_w.l(h1_init.o)
    0x08000634   0x08000634   0x00000064   Code   RO         2705    .text               c_w.l(rt_memcpy_w.o)
    0x08000698   0x08000698   0x00000008   Code   RO         2756    .text               c_w.l(libspace.o)
    0x080006a0   0x080006a0   0x00000034   Code   RO         2780    .text               c_w.l(h1_extend.o)
    0x080006d4   0x080006d4   0x0000000e   Code   RO         2800    .text               c_w.l(defsig_rtmem_outer.o)
    0x080006e2   0x080006e2   0x00000002   Code   RO         2816    .text               c_w.l(use_no_semi.o)
    0x080006e4   0x080006e4   0x00000000   Code   RO         2818    .text               c_w.l(indicate_semi.o)
    0x080006e4   0x080006e4   0x0000004a   Code   RO         2819    .text               c_w.l(sys_stackheap_outer.o)
    0x0800072e   0x0800072e   0x00000012   Code   RO         2840    .text               c_w.l(exit.o)
    0x08000740   0x08000740   0x0000000a   Code   RO         2842    .text               c_w.l(defsig_exit.o)
    0x0800074a   0x0800074a   0x00000002   PAD
    0x0800074c   0x0800074c   0x00000050   Code   RO         2852    .text               c_w.l(defsig_rtmem_inner.o)
    0x0800079c   0x0800079c   0x0000000c   Code   RO         2884    .text               c_w.l(sys_exit.o)
    0x080007a8   0x080007a8   0x00000032   Code   RO         2904    .text               c_w.l(defsig_general.o)
    0x080007da   0x080007da   0x0000000e   Code   RO         2912    .text               c_w.l(sys_wrch.o)
    0x080007e8   0x080007e8   0x00000004   Code   RO          297    i.BusFault_Handler  stm32f4xx_it.o
    0x080007ec   0x080007ec   0x00000010   Code   RO          298    i.CAN1_RX0_IRQHandler  stm32f4xx_it.o
    0x080007fc   0x080007fc   0x00000010   Code   RO          299    i.CAN2_RX0_IRQHandler  stm32f4xx_it.o
    0x0800080c   0x0800080c   0x000000b8   Code   RO         2312    i.CAN_SDO_Send      can_receive.o
    0x080008c4   0x080008c4   0x0000002e   Code   RO         2315    i.CAN_motor_enable  can_receive.o
    0x080008f2   0x080008f2   0x0000001a   Code   RO         2317    i.CAN_motor_mode    can_receive.o
    0x0800090c   0x0800090c   0x0000001a   Code   RO         2318    i.CAN_motor_setPos  can_receive.o
    0x08000926   0x08000926   0x00000002   PAD
    0x08000928   0x08000928   0x00000064   Code   RO         2319    i.CAN_motor_setProfileSpeed  can_receive.o
    0x0800098c   0x0800098c   0x00000002   Code   RO          300    i.DebugMon_Handler  stm32f4xx_it.o
    0x0800098e   0x0800098e   0x00000002   Code   RO           13    i.Error_Handler     main.o
    0x08000990   0x08000990   0x0000002a   Code   RO          432    i.HAL_CAN_ActivateNotification  stm32f4xx_hal_can.o
    0x080009ba   0x080009ba   0x0000014a   Code   RO          433    i.HAL_CAN_AddTxMessage  stm32f4xx_hal_can.o
    0x08000b04   0x08000b04   0x00000120   Code   RO          434    i.HAL_CAN_ConfigFilter  stm32f4xx_hal_can.o
    0x08000c24   0x08000c24   0x00000002   Code   RO          437    i.HAL_CAN_ErrorCallback  stm32f4xx_hal_can.o
    0x08000c26   0x08000c26   0x00000194   Code   RO          440    i.HAL_CAN_GetRxMessage  stm32f4xx_hal_can.o
    0x08000dba   0x08000dba   0x0000024e   Code   RO          444    i.HAL_CAN_IRQHandler  stm32f4xx_hal_can.o
    0x08001008   0x08001008   0x00000174   Code   RO          445    i.HAL_CAN_Init      stm32f4xx_hal_can.o
    0x0800117c   0x0800117c   0x00000160   Code   RO          201    i.HAL_CAN_MspInit   can.o
    0x080012dc   0x080012dc   0x00000002   Code   RO          452    i.HAL_CAN_RxFifo0FullCallback  stm32f4xx_hal_can.o
    0x080012de   0x080012de   0x0000001c   Code   RO         2321    i.HAL_CAN_RxFifo0MsgPendingCallback  can_receive.o
    0x080012fa   0x080012fa   0x00000002   Code   RO          454    i.HAL_CAN_RxFifo1FullCallback  stm32f4xx_hal_can.o
    0x080012fc   0x080012fc   0x00000002   Code   RO          455    i.HAL_CAN_RxFifo1MsgPendingCallback  stm32f4xx_hal_can.o
    0x080012fe   0x080012fe   0x00000002   Code   RO          456    i.HAL_CAN_SleepCallback  stm32f4xx_hal_can.o
    0x08001300   0x08001300   0x0000005e   Code   RO          457    i.HAL_CAN_Start     stm32f4xx_hal_can.o
    0x0800135e   0x0800135e   0x00000002   Code   RO          459    i.HAL_CAN_TxMailbox0AbortCallback  stm32f4xx_hal_can.o
    0x08001360   0x08001360   0x00000002   Code   RO          460    i.HAL_CAN_TxMailbox0CompleteCallback  stm32f4xx_hal_can.o
    0x08001362   0x08001362   0x00000002   Code   RO          461    i.HAL_CAN_TxMailbox1AbortCallback  stm32f4xx_hal_can.o
    0x08001364   0x08001364   0x00000002   Code   RO          462    i.HAL_CAN_TxMailbox1CompleteCallback  stm32f4xx_hal_can.o
    0x08001366   0x08001366   0x00000002   Code   RO          463    i.HAL_CAN_TxMailbox2AbortCallback  stm32f4xx_hal_can.o
    0x08001368   0x08001368   0x00000002   Code   RO          464    i.HAL_CAN_TxMailbox2CompleteCallback  stm32f4xx_hal_can.o
    0x0800136a   0x0800136a   0x00000002   Code   RO          466    i.HAL_CAN_WakeUpFromRxMsgCallback  stm32f4xx_hal_can.o
    0x0800136c   0x0800136c   0x000000ac   Code   RO         1172    i.HAL_DMA_Abort     stm32f4xx_hal_dma.o
    0x08001418   0x08001418   0x00000028   Code   RO         1173    i.HAL_DMA_Abort_IT  stm32f4xx_hal_dma.o
    0x08001440   0x08001440   0x00000028   Code   RO         1614    i.HAL_Delay         stm32f4xx_hal.o
    0x08001468   0x08001468   0x000001f4   Code   RO         1065    i.HAL_GPIO_Init     stm32f4xx_hal_gpio.o
    0x0800165c   0x0800165c   0x0000000c   Code   RO         1069    i.HAL_GPIO_WritePin  stm32f4xx_hal_gpio.o
    0x08001668   0x08001668   0x0000000c   Code   RO         1620    i.HAL_GetTick       stm32f4xx_hal.o
    0x08001674   0x08001674   0x00000018   Code   RO         1626    i.HAL_IncTick       stm32f4xx_hal.o
    0x0800168c   0x0800168c   0x0000003c   Code   RO         1627    i.HAL_Init          stm32f4xx_hal.o
    0x080016c8   0x080016c8   0x0000004c   Code   RO         1628    i.HAL_InitTick      stm32f4xx_hal.o
    0x08001714   0x08001714   0x00000048   Code   RO          407    i.HAL_MspInit       stm32f4xx_hal_msp.o
    0x0800175c   0x0800175c   0x00000028   Code   RO         1457    i.HAL_NVIC_EnableIRQ  stm32f4xx_hal_cortex.o
    0x08001784   0x08001784   0x0000007c   Code   RO         1463    i.HAL_NVIC_SetPriority  stm32f4xx_hal_cortex.o
    0x08001800   0x08001800   0x00000028   Code   RO         1464    i.HAL_NVIC_SetPriorityGrouping  stm32f4xx_hal_cortex.o
    0x08001828   0x08001828   0x00000184   Code   RO          666    i.HAL_RCC_ClockConfig  stm32f4xx_hal_rcc.o
    0x080019ac   0x080019ac   0x0000000c   Code   RO          671    i.HAL_RCC_GetHCLKFreq  stm32f4xx_hal_rcc.o
    0x080019b8   0x080019b8   0x00000020   Code   RO          673    i.HAL_RCC_GetPCLK1Freq  stm32f4xx_hal_rcc.o
    0x080019d8   0x080019d8   0x00000020   Code   RO          674    i.HAL_RCC_GetPCLK2Freq  stm32f4xx_hal_rcc.o
    0x080019f8   0x080019f8   0x000000b0   Code   RO          675    i.HAL_RCC_GetSysClockFreq  stm32f4xx_hal_rcc.o
    0x08001aa8   0x08001aa8   0x0000049c   Code   RO          678    i.HAL_RCC_OscConfig  stm32f4xx_hal_rcc.o
    0x08001f44   0x08001f44   0x00000034   Code   RO         1468    i.HAL_SYSTICK_Config  stm32f4xx_hal_cortex.o
    0x08001f78   0x08001f78   0x00000002   Code   RO         1913    i.HAL_UARTEx_RxEventCallback  stm32f4xx_hal_uart.o
    0x08001f7a   0x08001f7a   0x00000002   Code   RO         1927    i.HAL_UART_ErrorCallback  stm32f4xx_hal_uart.o
    0x08001f7c   0x08001f7c   0x00000308   Code   RO         1930    i.HAL_UART_IRQHandler  stm32f4xx_hal_uart.o
    0x08002284   0x08002284   0x00000076   Code   RO         1931    i.HAL_UART_Init     stm32f4xx_hal_uart.o
    0x080022fa   0x080022fa   0x00000002   PAD
    0x080022fc   0x080022fc   0x0000015c   Code   RO          250    i.HAL_UART_MspInit  usart.o
    0x08002458   0x08002458   0x0000002c   Code   RO         1936    i.HAL_UART_Receive_IT  stm32f4xx_hal_uart.o
    0x08002484   0x08002484   0x00000144   Code   RO          301    i.HAL_UART_RxCpltCallback  stm32f4xx_it.o
    0x080025c8   0x080025c8   0x000000be   Code   RO         1939    i.HAL_UART_Transmit  stm32f4xx_hal_uart.o
    0x08002686   0x08002686   0x00000002   Code   RO         1942    i.HAL_UART_TxCpltCallback  stm32f4xx_hal_uart.o
    0x08002688   0x08002688   0x00000004   Code   RO          302    i.HardFault_Handler  stm32f4xx_it.o
    0x0800268c   0x0800268c   0x000000ac   Code   RO         2527    i.LoRa_SendCmd      lora.o
    0x08002738   0x08002738   0x00000128   Code   RO         2529    i.LoRa_T_V_Attach   lora.o
    0x08002860   0x08002860   0x00000044   Code   RO          202    i.MX_CAN1_Init      can.o
    0x080028a4   0x080028a4   0x00000044   Code   RO          203    i.MX_CAN2_Init      can.o
    0x080028e8   0x080028e8   0x000000d4   Code   RO          176    i.MX_GPIO_Init      gpio.o
    0x080029bc   0x080029bc   0x00000038   Code   RO          251    i.MX_USART1_UART_Init  usart.o
    0x080029f4   0x080029f4   0x00000038   Code   RO          252    i.MX_USART6_UART_Init  usart.o
    0x08002a2c   0x08002a2c   0x00000004   Code   RO          303    i.MemManage_Handler  stm32f4xx_it.o
    0x08002a30   0x08002a30   0x00000004   Code   RO          304    i.NMI_Handler       stm32f4xx_it.o
    0x08002a34   0x08002a34   0x00000048   Code   RO         2408    i.OD_AddEntry       object_dictionary.o
    0x08002a7c   0x08002a7c   0x0000001a   Code   RO         2409    i.OD_Create         object_dictionary.o
    0x08002a96   0x08002a96   0x00000038   Code   RO         2411    i.OD_FindEntry      object_dictionary.o
    0x08002ace   0x08002ace   0x00000034   Code   RO         2412    i.OD_GetDataTypeSize  object_dictionary.o
    0x08002b02   0x08002b02   0x00000070   Code   RO         2418    i.OD_User_AddEntry  object_dictionary.o
    0x08002b72   0x08002b72   0x000001a8   Code   RO         2419    i.OD_User_Init      object_dictionary.o
    0x08002d1a   0x08002d1a   0x00000002   Code   RO          305    i.PendSV_Handler    stm32f4xx_it.o
    0x08002d1c   0x08002d1c   0x00000002   Code   RO          306    i.SVC_Handler       stm32f4xx_it.o
    0x08002d1e   0x08002d1e   0x00000008   Code   RO          307    i.SysTick_Handler   stm32f4xx_it.o
    0x08002d26   0x08002d26   0x00000002   PAD
    0x08002d28   0x08002d28   0x000000b4   Code   RO           14    i.SystemClock_Config  main.o
    0x08002ddc   0x08002ddc   0x00000014   Code   RO         2275    i.SystemInit        system_stm32f4xx.o
    0x08002df0   0x08002df0   0x00000012   Code   RO         1944    i.UART_DMAAbortOnError  stm32f4xx_hal_uart.o
    0x08002e02   0x08002e02   0x0000006c   Code   RO         1954    i.UART_EndRxTransfer  stm32f4xx_hal_uart.o
    0x08002e6e   0x08002e6e   0x00000020   Code   RO         1955    i.UART_EndTransmit_IT  stm32f4xx_hal_uart.o
    0x08002e8e   0x08002e8e   0x000000fc   Code   RO         1957    i.UART_Receive_IT   stm32f4xx_hal_uart.o
    0x08002f8a   0x08002f8a   0x00000002   PAD
    0x08002f8c   0x08002f8c   0x0000022c   Code   RO         1958    i.UART_SetConfig    stm32f4xx_hal_uart.o
    0x080031b8   0x080031b8   0x00000040   Code   RO         1960    i.UART_Start_Receive_IT  stm32f4xx_hal_uart.o
    0x080031f8   0x080031f8   0x00000060   Code   RO         1961    i.UART_Transmit_IT  stm32f4xx_hal_uart.o
    0x08003258   0x08003258   0x0000008c   Code   RO         1962    i.UART_WaitOnFlagUntilTimeout  stm32f4xx_hal_uart.o
    0x080032e4   0x080032e4   0x00000010   Code   RO          308    i.USART1_IRQHandler  stm32f4xx_it.o
    0x080032f4   0x080032f4   0x00000010   Code   RO          309    i.USART6_IRQHandler  stm32f4xx_it.o
    0x08003304   0x08003304   0x00000004   Code   RO          310    i.UsageFault_Handler  stm32f4xx_it.o
    0x08003308   0x08003308   0x00000010   Code   RO         1470    i.__NVIC_GetPriorityGrouping  stm32f4xx_hal_cortex.o
    0x08003318   0x08003318   0x00000028   Code   RO         1471    i.__NVIC_SetPriority  stm32f4xx_hal_cortex.o
    0x08003340   0x08003340   0x0000005c   Code   RO         2497    i.can_filter_init   bsp_can.o
    0x0800339c   0x0800339c   0x00000088   Code   RO           15    i.main              main.o
    0x08003424   0x08003424   0x0000000a   Code   RO         2809    x$fpl$fpinit        fz_wm.l(fpinit.o)
    0x0800342e   0x0800342e   0x00000018   Data   RO         2276    .constdata          system_stm32f4xx.o
    0x08003446   0x08003446   0x00000002   PAD
    0x08003448   0x08003448   0x00000020   Data   RO         2953    Region$$Table       anon$$obj.o


    Execution Region RW_IRAM1 (Exec base: 0x20000000, Load base: 0x08003468, Size: 0x00000fb8, Max: 0x0001c000, ABSOLUTE)

    Exec Addr    Load Addr    Size         Type   Attr      Idx    E Section Name        Object

    0x20000000   0x08003468   0x00000004   Data   RW           16    .data               main.o
    0x20000004   0x0800346c   0x00000004   Data   RW          205    .data               can.o
    0x20000008   0x08003470   0x00000014   Data   RW          311    .data               stm32f4xx_it.o
    0x2000001c   0x08003484   0x00000009   Data   RW         1634    .data               stm32f4xx_hal.o
    0x20000025   0x0800348d   0x00000003   PAD
    0x20000028   0x08003490   0x00000004   Data   RW         2277    .data               system_stm32f4xx.o
    0x2000002c   0x08003494   0x00000010   Data   RW         2323    .data               can_receive.o
    0x2000003c   0x080034a4   0x00000008   Data   RW         2531    .data               lora.o
    0x20000044        -       0x00000050   Zero   RW          204    .bss                can.o
    0x20000094        -       0x00000090   Zero   RW          253    .bss                usart.o
    0x20000124        -       0x00000030   Zero   RW         2322    .bss                can_receive.o
    0x20000154        -       0x00000400   Zero   RW         2530    .bss                lora.o
    0x20000554        -       0x00000060   Zero   RW         2757    .bss                c_w.l(libspace.o)
    0x200005b4   0x080034ac   0x00000004   PAD
    0x200005b8        -       0x00000200   Zero   RW            2    HEAP                startup_stm32f407xx.o
    0x200007b8        -       0x00000800   Zero   RW            1    STACK               startup_stm32f407xx.o


    Execution Region RW_IRAM2 (Exec base: 0x2001c000, Load base: 0x080034ac, Size: 0x00000000, Max: 0x00004000, ABSOLUTE)

    **** No section assigned to this execution region ****


==============================================================================

Image component sizes


      Code (inc. data)   RO Data    RW Data    ZI Data      Debug   Object Name

        92          8          0          0          0        606   bsp_can.o
       488         44          0          4         80       2470   can.o
       410         34          0         16         48       7251   can_receive.o
       212          8          0          0          0       1019   gpio.o
       468        160          0          8       1024       2235   lora.o
       318         24          0          4          0     672718   main.o
       742         10          0          0          0       6528   object_dictionary.o
        64         26        392          0       2560        860   startup_stm32f407xx.o
       212         36          0          9          0       9525   stm32f4xx_hal.o
      2144          4          0          0          0      14727   stm32f4xx_hal_can.o
       312         22          0          0          0      34455   stm32f4xx_hal_cortex.o
       212          0          0          0          0       2003   stm32f4xx_hal_dma.o
       512         46          0          0          0       2164   stm32f4xx_hal_gpio.o
        72          4          0          0          0        870   stm32f4xx_hal_msp.o
      1820         84          0          0          0       5752   stm32f4xx_hal_rcc.o
      2400         14          0          0          0      12812   stm32f4xx_hal_uart.o
       422         70          0         20          0       7762   stm32f4xx_it.o
        20          6         24          4          0       1155   system_stm32f4xx.o
       460         46          0          0        144       2483   usart.o

    ----------------------------------------------------------------------
     11388        646        450         68       3856     787395   Object Totals
         0          0         32          0          0          0   (incl. Generated)
         8          0          2          3          0          0   (incl. Padding)

    ----------------------------------------------------------------------

      Code (inc. data)   RO Data    RW Data    ZI Data      Debug   Library Member Name

         8          0          0          0          0         68   __main.o
         0          0          0          0          0          0   __rtentry.o
        12          0          0          0          0          0   __rtentry2.o
         6          0          0          0          0          0   __rtentry4.o
        52          8          0          0          0          0   __scatter.o
        26          0          0          0          0          0   __scatter_copy.o
        28          0          0          0          0          0   __scatter_zi.o
        10          0          0          0          0         68   defsig_exit.o
        50          0          0          0          0         88   defsig_general.o
        80         58          0          0          0         76   defsig_rtmem_inner.o
        14          0          0          0          0         80   defsig_rtmem_outer.o
        18          0          0          0          0         80   exit.o
        94          0          0          0          0         80   h1_alloc.o
        52          0          0          0          0         68   h1_extend.o
        78          0          0          0          0         80   h1_free.o
        14          0          0          0          0         84   h1_init.o
         6          0          0          0          0        152   heapauxi.o
         4          0          0          0          0        136   hguard.o
         0          0          0          0          0          0   indicate_semi.o
       138          0          0          0          0        168   init_alloc.o
         2          0          0          0          0          0   libinit.o
        14          0          0          0          0          0   libinit2.o
         2          0          0          0          0          0   libshutdown.o
         2          0          0          0          0          0   libshutdown2.o
         8          4          0          0         96         68   libspace.o
       238          0          0          0          0        100   lludivv7m.o
         0          0          0          0          0          0   maybetermalloc1.o
         8          4          0          0          0         68   rt_heap_descriptor_intlibspace.o
        68          0          0          0          0         68   rt_memclr.o
        78          0          0          0          0         80   rt_memclr_w.o
       138          0          0          0          0         68   rt_memcpy_v6.o
       100          0          0          0          0         80   rt_memcpy_w.o
         2          0          0          0          0          0   rtexit.o
        10          0          0          0          0          0   rtexit2.o
        62          0          0          0          0         76   strlen.o
        36          0          0          0          0         80   strstr.o
        12          4          0          0          0         68   sys_exit.o
        74          0          0          0          0         80   sys_stackheap_outer.o
        14          0          0          0          0         76   sys_wrch.o
         2          0          0          0          0         68   use_no_semi.o
        10          0          0          0          0        116   fpinit.o

    ----------------------------------------------------------------------
      1578         78          0          0        100       2324   Library Totals
         8          0          0          0          4          0   (incl. Padding)

    ----------------------------------------------------------------------

      Code (inc. data)   RO Data    RW Data    ZI Data      Debug   Library Name

      1560         78          0          0         96       2208   c_w.l
        10          0          0          0          0        116   fz_wm.l

    ----------------------------------------------------------------------
      1578         78          0          0        100       2324   Library Totals

    ----------------------------------------------------------------------

==============================================================================


      Code (inc. data)   RO Data    RW Data    ZI Data      Debug   

     12966        724        450         68       3956     779623   Grand Totals
     12966        724        450         68       3956     779623   ELF Image Totals
     12966        724        450         68          0          0   ROM Totals

==============================================================================

    Total RO  Size (Code + RO Data)                13416 (  13.10kB)
    Total RW  Size (RW Data + ZI Data)              4024 (   3.93kB)
    Total ROM Size (Code + RO Data + RW Data)      13484 (  13.17kB)

==============================================================================

