Archive member included to satisfy reference by file (symbol)

c:/progra~2/armgnu~1/12977f~1.2mp/bin/../lib/gcc/arm-none-eabi/12.2.1/thumb/v7e-m+fp/hard\libgcc.a(_aeabi_uldivmod.o)
                              CMakeFiles/can.elf.dir/Drivers/STM32F4xx_HAL_Driver/Src/stm32f4xx_hal_rcc.c.obj (__aeabi_uldivmod)
c:/progra~2/armgnu~1/12977f~1.2mp/bin/../lib/gcc/arm-none-eabi/12.2.1/thumb/v7e-m+fp/hard\libgcc.a(_udivmoddi4.o)
                              c:/progra~2/armgnu~1/12977f~1.2mp/bin/../lib/gcc/arm-none-eabi/12.2.1/thumb/v7e-m+fp/hard\libgcc.a(_aeabi_uldivmod.o) (__udivmoddi4)
c:/progra~2/armgnu~1/12977f~1.2mp/bin/../lib/gcc/arm-none-eabi/12.2.1/thumb/v7e-m+fp/hard\libgcc.a(_dvmd_tls.o)
                              c:/progra~2/armgnu~1/12977f~1.2mp/bin/../lib/gcc/arm-none-eabi/12.2.1/thumb/v7e-m+fp/hard\libgcc.a(_aeabi_uldivmod.o) (__aeabi_ldiv0)
c:/progra~2/armgnu~1/12977f~1.2mp/bin/../lib/gcc/arm-none-eabi/12.2.1/thumb/v7e-m+fp/hard\libg.a(libc_a-exit.o)
                              c:/progra~2/armgnu~1/12977f~1.2mp/bin/../lib/gcc/arm-none-eabi/12.2.1/thumb/v7e-m+fp/hard/crt0.o (exit)
c:/progra~2/armgnu~1/12977f~1.2mp/bin/../lib/gcc/arm-none-eabi/12.2.1/thumb/v7e-m+fp/hard\libg.a(libc_a-malloc.o)
                              CMakeFiles/can.elf.dir/application/object_dictionary.c.obj (malloc)
c:/progra~2/armgnu~1/12977f~1.2mp/bin/../lib/gcc/arm-none-eabi/12.2.1/thumb/v7e-m+fp/hard\libg.a(libc_a-mallocr.o)
                              c:/progra~2/armgnu~1/12977f~1.2mp/bin/../lib/gcc/arm-none-eabi/12.2.1/thumb/v7e-m+fp/hard\libg.a(libc_a-malloc.o) (_malloc_r)
c:/progra~2/armgnu~1/12977f~1.2mp/bin/../lib/gcc/arm-none-eabi/12.2.1/thumb/v7e-m+fp/hard\libg.a(libc_a-mlock.o)
                              c:/progra~2/armgnu~1/12977f~1.2mp/bin/../lib/gcc/arm-none-eabi/12.2.1/thumb/v7e-m+fp/hard\libg.a(libc_a-mallocr.o) (__malloc_lock)
c:/progra~2/armgnu~1/12977f~1.2mp/bin/../lib/gcc/arm-none-eabi/12.2.1/thumb/v7e-m+fp/hard\libg.a(libc_a-findfp.o)
                              c:/progra~2/armgnu~1/12977f~1.2mp/bin/../lib/gcc/arm-none-eabi/12.2.1/thumb/v7e-m+fp/hard\libg.a(libc_a-exit.o) (__stdio_exit_handler)
c:/progra~2/armgnu~1/12977f~1.2mp/bin/../lib/gcc/arm-none-eabi/12.2.1/thumb/v7e-m+fp/hard\libg.a(libc_a-fwalk.o)
                              c:/progra~2/armgnu~1/12977f~1.2mp/bin/../lib/gcc/arm-none-eabi/12.2.1/thumb/v7e-m+fp/hard\libg.a(libc_a-findfp.o) (_fwalk_sglue)
c:/progra~2/armgnu~1/12977f~1.2mp/bin/../lib/gcc/arm-none-eabi/12.2.1/thumb/v7e-m+fp/hard\libg.a(libc_a-puts.o)
                              CMakeFiles/can.elf.dir/application/object_dictionary.c.obj (puts)
c:/progra~2/armgnu~1/12977f~1.2mp/bin/../lib/gcc/arm-none-eabi/12.2.1/thumb/v7e-m+fp/hard\libg.a(libc_a-stdio.o)
                              c:/progra~2/armgnu~1/12977f~1.2mp/bin/../lib/gcc/arm-none-eabi/12.2.1/thumb/v7e-m+fp/hard\libg.a(libc_a-findfp.o) (__sread)
c:/progra~2/armgnu~1/12977f~1.2mp/bin/../lib/gcc/arm-none-eabi/12.2.1/thumb/v7e-m+fp/hard\libg.a(libc_a-memset.o)
                              c:/progra~2/armgnu~1/12977f~1.2mp/bin/../lib/gcc/arm-none-eabi/12.2.1/thumb/v7e-m+fp/hard/crt0.o (memset)
c:/progra~2/armgnu~1/12977f~1.2mp/bin/../lib/gcc/arm-none-eabi/12.2.1/thumb/v7e-m+fp/hard\libg.a(libc_a-closer.o)
                              c:/progra~2/armgnu~1/12977f~1.2mp/bin/../lib/gcc/arm-none-eabi/12.2.1/thumb/v7e-m+fp/hard\libg.a(libc_a-stdio.o) (_close_r)
c:/progra~2/armgnu~1/12977f~1.2mp/bin/../lib/gcc/arm-none-eabi/12.2.1/thumb/v7e-m+fp/hard\libg.a(libc_a-reent.o)
                              c:/progra~2/armgnu~1/12977f~1.2mp/bin/../lib/gcc/arm-none-eabi/12.2.1/thumb/v7e-m+fp/hard\libg.a(libc_a-closer.o) (errno)
c:/progra~2/armgnu~1/12977f~1.2mp/bin/../lib/gcc/arm-none-eabi/12.2.1/thumb/v7e-m+fp/hard\libg.a(libc_a-impure.o)
                              c:/progra~2/armgnu~1/12977f~1.2mp/bin/../lib/gcc/arm-none-eabi/12.2.1/thumb/v7e-m+fp/hard\libg.a(libc_a-malloc.o) (_impure_ptr)
c:/progra~2/armgnu~1/12977f~1.2mp/bin/../lib/gcc/arm-none-eabi/12.2.1/thumb/v7e-m+fp/hard\libg.a(libc_a-lseekr.o)
                              c:/progra~2/armgnu~1/12977f~1.2mp/bin/../lib/gcc/arm-none-eabi/12.2.1/thumb/v7e-m+fp/hard\libg.a(libc_a-stdio.o) (_lseek_r)
c:/progra~2/armgnu~1/12977f~1.2mp/bin/../lib/gcc/arm-none-eabi/12.2.1/thumb/v7e-m+fp/hard\libg.a(libc_a-readr.o)
                              c:/progra~2/armgnu~1/12977f~1.2mp/bin/../lib/gcc/arm-none-eabi/12.2.1/thumb/v7e-m+fp/hard\libg.a(libc_a-stdio.o) (_read_r)
c:/progra~2/armgnu~1/12977f~1.2mp/bin/../lib/gcc/arm-none-eabi/12.2.1/thumb/v7e-m+fp/hard\libg.a(libc_a-sbrkr.o)
                              c:/progra~2/armgnu~1/12977f~1.2mp/bin/../lib/gcc/arm-none-eabi/12.2.1/thumb/v7e-m+fp/hard\libg.a(libc_a-mallocr.o) (_sbrk_r)
c:/progra~2/armgnu~1/12977f~1.2mp/bin/../lib/gcc/arm-none-eabi/12.2.1/thumb/v7e-m+fp/hard\libg.a(libc_a-writer.o)
[...]
Memory Configuration

Name             Origin             Length             Attributes
CCMRAM           0x10000000         0x00010000         xrw
RAM              0x20000000         0x00020000         xrw
FLASH            0x08000000         0x00100000         xr
*default*        0x00000000         0xffffffff

Linker script and memory map

LOAD c:/progra~2/armgnu~1/12977f~1.2mp/bin/../lib/gcc/arm-none-eabi/12.2.1/thumb/v7e-m+fp/hard/crti.o
LOAD c:/progra~2/armgnu~1/12977f~1.2mp/bin/../lib/gcc/arm-none-eabi/12.2.1/thumb/v7e-m+fp/hard/crtbegin.o
LOAD c:/progra~2/armgnu~1/12977f~1.2mp/bin/../lib/gcc/arm-none-eabi/12.2.1/thumb/v7e-m+fp/hard/crt0.o
LOAD CMakeFiles/can.elf.dir/Drivers/STM32F4xx_HAL_Driver/Src/stm32f4xx_hal.c.obj
LOAD CMakeFiles/can.elf.dir/Drivers/STM32F4xx_HAL_Driver/Src/stm32f4xx_hal_can.c.obj
LOAD CMakeFiles/can.elf.dir/Drivers/STM32F4xx_HAL_Driver/Src/stm32f4xx_hal_cortex.c.obj
LOAD CMakeFiles/can.elf.dir/Drivers/STM32F4xx_HAL_Driver/Src/stm32f4xx_hal_dma.c.obj
LOAD CMakeFiles/can.elf.dir/Drivers/STM32F4xx_HAL_Driver/Src/stm32f4xx_hal_dma_ex.c.obj
LOAD CMakeFiles/can.elf.dir/Drivers/STM32F4xx_HAL_Driver/Src/stm32f4xx_hal_exti.c.obj
LOAD CMakeFiles/can.elf.dir/Drivers/STM32F4xx_HAL_Driver/Src/stm32f4xx_hal_flash.c.obj
LOAD CMakeFiles/can.elf.dir/Drivers/STM32F4xx_HAL_Driver/Src/stm32f4xx_hal_flash_ex.c.obj
LOAD CMakeFiles/can.elf.dir/Drivers/STM32F4xx_HAL_Driver/Src/stm32f4xx_hal_flash_ramfunc.c.obj
LOAD CMakeFiles/can.elf.dir/Drivers/STM32F4xx_HAL_Driver/Src/stm32f4xx_hal_gpio.c.obj
LOAD CMakeFiles/can.elf.dir/Drivers/STM32F4xx_HAL_Driver/Src/stm32f4xx_hal_pwr.c.obj
LOAD CMakeFiles/can.elf.dir/Drivers/STM32F4xx_HAL_Driver/Src/stm32f4xx_hal_pwr_ex.c.obj
LOAD CMakeFiles/can.elf.dir/Drivers/STM32F4xx_HAL_Driver/Src/stm32f4xx_hal_rcc.c.obj
LOAD CMakeFiles/can.elf.dir/Drivers/STM32F4xx_HAL_Driver/Src/stm32f4xx_hal_rcc_ex.c.obj
LOAD CMakeFiles/can.elf.dir/Drivers/STM32F4xx_HAL_Driver/Src/stm32f4xx_hal_tim.c.obj
LOAD CMakeFiles/can.elf.dir/Drivers/STM32F4xx_HAL_Driver/Src/stm32f4xx_hal_tim_ex.c.obj
LOAD CMakeFiles/can.elf.dir/Src/can.c.obj
LOAD CMakeFiles/can.elf.dir/Src/gpio.c.obj
LOAD CMakeFiles/can.elf.dir/Src/main.c.obj
LOAD CMakeFiles/can.elf.dir/Src/stm32f4xx_hal_msp.c.obj
LOAD CMakeFiles/can.elf.dir/Src/stm32f4xx_it.c.obj
LOAD CMakeFiles/can.elf.dir/Src/syscalls.c.obj
LOAD CMakeFiles/can.elf.dir/Src/sysmem.c.obj
LOAD CMakeFiles/can.elf.dir/Src/system_stm32f4xx.c.obj
LOAD CMakeFiles/can.elf.dir/Startup/startup_stm32f407ighx.s.obj
LOAD CMakeFiles/can.elf.dir/application/CAN_receive.c.obj
LOAD CMakeFiles/can.elf.dir/application/object_dictionary.c.obj
LOAD CMakeFiles/can.elf.dir/application/object_dictionary_example.c.obj
LOAD CMakeFiles/can.elf.dir/bsp/boards/bsp_can.c.obj
START GROUP
LOAD c:/progra~2/armgnu~1/12977f~1.2mp/bin/../lib/gcc/arm-none-eabi/12.2.1/thumb/v7e-m+fp/hard\libgcc.a
LOAD c:/progra~2/armgnu~1/12977f~1.2mp/bin/../lib/gcc/arm-none-eabi/12.2.1/thumb/v7e-m+fp/hard\libg.a
LOAD c:/progra~2/armgnu~1/12977f~1.2mp/bin/../lib/gcc/arm-none-eabi/12.2.1/thumb/v7e-m+fp/hard\libc.a
END GROUP
LOAD c:/progra~2/armgnu~1/12977f~1.2mp/bin/../lib/gcc/arm-none-eabi/12.2.1/thumb/v7e-m+fp/hard/crtend.o
LOAD c:/progra~2/armgnu~1/12977f~1.2mp/bin/../lib/gcc/arm-none-eabi/12.2.1/thumb/v7e-m+fp/hard/crtn.o
                0x20020000                        _estack = (ORIGIN (RAM) + LENGTH (RAM))
                0x00000200                        _Min_Heap_Size = 0x200
                0x00000400                        _Min_Stack_Size = 0x400

.isr_vector     0x08000000      0x188
                0x08000000                        . = ALIGN (0x4)
 *(.isr_vector)
 .isr_vector    0x08000000      0x188 CMakeFiles/can.elf.dir/Startup/startup_stm32f407ighx.s.obj
                0x08000000                g_pfnVectors
                0x08000188                        . = ALIGN (0x4)

.text           0x08000188     0x2a54
                0x08000188                        . = ALIGN (0x4)
 *(.text)
 .text          0x08000188       0x30 c:/progra~2/armgnu~1/12977f~1.2mp/bin/../lib/gcc/arm-none-eabi/12.2.1/thumb/v7e-m+fp/hard\libgcc.a(_aeabi_uldivmod.o)
                0x08000188                __aeabi_uldivmod
 .text          0x080001b8        0x4 c:/progra~2/armgnu~1/12977f~1.2mp/bin/../lib/gcc/arm-none-eabi/12.2.1/thumb/v7e-m+fp/hard\libgcc.a(_dvmd_tls.o)
                0x080001b8                __aeabi_idiv0
                0x080001b8                __aeabi_ldiv0
 .text          0x080001bc      0x134 c:/progra~2/armgnu~1/12977f~1.2mp/bin/../lib/gcc/arm-none-eabi/12.2.1/thumb/v7e-m+fp/hard\libg.a(libc_a-memcpy.o)
                0x080001bc                memcpy
 *(.text*)
 .text.deregister_tm_clones
                0x080002f0       0x1c c:/progra~2/armgnu~1/12977f~1.2mp/bin/../lib/gcc/arm-none-eabi/12.2.1/thumb/v7e-m+fp/hard/crtbegin.o
 .text.register_tm_clones
                0x0800030c       0x24 c:/progra~2/armgnu~1/12977f~1.2mp/bin/../lib/gcc/arm-none-eabi/12.2.1/thumb/v7e-m+fp/hard/crtbegin.o
 .text.__do_global_dtors_aux
                0x08000330       0x28 c:/progra~2/armgnu~1/12977f~1.2mp/bin/../lib/gcc/arm-none-eabi/12.2.1/thumb/v7e-m+fp/hard/crtbegin.o
 .text.frame_dummy
                0x08000358       0x24 c:/progra~2/armgnu~1/12977f~1.2mp/bin/../lib/gcc/arm-none-eabi/12.2.1/thumb/v7e-m+fp/hard/crtbegin.o
 .text.HAL_InitTick
                0x0800037c       0x4c CMakeFiles/can.elf.dir/Drivers/STM32F4xx_HAL_Driver/Src/stm32f4xx_hal.c.obj
                0x0800037c                HAL_InitTick
 .text.HAL_Init
                0x080003c8       0x34 CMakeFiles/can.elf.dir/Drivers/STM32F4xx_HAL_Driver/Src/stm32f4xx_hal.c.obj
                0x080003c8                HAL_Init
 .text.HAL_IncTick
                0x080003fc       0x18 CMakeFiles/can.elf.dir/Drivers/STM32F4xx_HAL_Driver/Src/stm32f4xx_hal.c.obj
                0x080003fc                HAL_IncTick
 .text.HAL_GetTick
                0x08000414        0xc CMakeFiles/can.elf.dir/Drivers/STM32F4xx_HAL_Driver/Src/stm32f4xx_hal.c.obj
                0x08000414                HAL_GetTick
 .text.HAL_Delay
                0x08000420       0x28 CMakeFiles/can.elf.dir/Drivers/STM32F4xx_HAL_Driver/Src/stm32f4xx_hal.c.obj
                0x08000420                HAL_Delay
 .text.HAL_CAN_Init
                0x08000448      0x14c CMakeFiles/can.elf.dir/Drivers/STM32F4xx_HAL_Driver/Src/stm32f4xx_hal_can.c.obj
                0x08000448                HAL_CAN_Init
 .text.HAL_CAN_ConfigFilter
                0x08000594      0x138 CMakeFiles/can.elf.dir/Drivers/STM32F4xx_HAL_Driver/Src/stm32f4xx_hal_can.c.obj
                0x08000594                HAL_CAN_ConfigFilter
 .text.HAL_CAN_Start
                0x080006cc       0x5c CMakeFiles/can.elf.dir/Drivers/STM32F4xx_HAL_Driver/Src/stm32f4xx_hal_can.c.obj
                0x080006cc                HAL_CAN_Start
 .text.HAL_CAN_AddTxMessage
                0x08000728       0xfc CMakeFiles/can.elf.dir/Drivers/STM32F4xx_HAL_Driver/Src/stm32f4xx_hal_can.c.obj
                0x08000728                HAL_CAN_AddTxMessage
 .text.HAL_CAN_GetRxMessage
                0x08000824      0x14a CMakeFiles/can.elf.dir/Drivers/STM32F4xx_HAL_Driver/Src/stm32f4xx_hal_can.c.obj
                0x08000824                HAL_CAN_GetRxMessage
 .text.HAL_CAN_ActivateNotification
                0x0800096e       0x24 CMakeFiles/can.elf.dir/Drivers/STM32F4xx_HAL_Driver/Src/stm32f4xx_hal_can.c.obj
                0x0800096e                HAL_CAN_ActivateNotification
 .text.HAL_CAN_TxMailbox0CompleteCallback
                0x08000992        0x2 CMakeFiles/can.elf.dir/Drivers/STM32F4xx_HAL_Driver/Src/stm32f4xx_hal_can.c.obj
                0x08000992                HAL_CAN_TxMailbox0CompleteCallback
 .text.HAL_CAN_TxMailbox1CompleteCallback
                0x08000994        0x2 CMakeFiles/can.elf.dir/Drivers/STM32F4xx_HAL_Driver/Src/stm32f4xx_hal_can.c.obj
                0x08000994                HAL_CAN_TxMailbox1CompleteCallback
 .text.HAL_CAN_TxMailbox2CompleteCallback
                0x08000996        0x2 CMakeFiles/can.elf.dir/Drivers/STM32F4xx_HAL_Driver/Src/stm32f4xx_hal_can.c.obj
                0x08000996                HAL_CAN_TxMailbox2CompleteCallback
 .text.HAL_CAN_TxMailbox0AbortCallback
                0x08000998        0x2 CMakeFiles/can.elf.dir/Drivers/STM32F4xx_HAL_Driver/Src/stm32f4xx_hal_can.c.obj
                0x08000998                HAL_CAN_TxMailbox0AbortCallback
 .text.HAL_CAN_TxMailbox1AbortCallback
                0x0800099a        0x2 CMakeFiles/can.elf.dir/Drivers/STM32F4xx_HAL_Driver/Src/stm32f4xx_hal_can.c.obj
                0x0800099a                HAL_CAN_TxMailbox1AbortCallback
 .text.HAL_CAN_TxMailbox2AbortCallback
                0x0800099c        0x2 CMakeFiles/can.elf.dir/Drivers/STM32F4xx_HAL_Driver/Src/stm32f4xx_hal_can.c.obj
                0x0800099c                HAL_CAN_TxMailbox2AbortCallback
 .text.HAL_CAN_RxFifo0FullCallback
                0x0800099e        0x2 CMakeFiles/can.elf.dir/Drivers/STM32F4xx_HAL_Driver/Src/stm32f4xx_hal_can.c.obj
                0x0800099e                HAL_CAN_RxFifo0FullCallback
 .text.HAL_CAN_RxFifo1MsgPendingCallback
                0x080009a0        0x2 CMakeFiles/can.elf.dir/Drivers/STM32F4xx_HAL_Driver/Src/stm32f4xx_hal_can.c.obj
                0x080009a0                HAL_CAN_RxFifo1MsgPendingCallback
 .text.HAL_CAN_RxFifo1FullCallback
                0x080009a2        0x2 CMakeFiles/can.elf.dir/Drivers/STM32F4xx_HAL_Driver/Src/stm32f4xx_hal_can.c.obj
                0x080009a2                HAL_CAN_RxFifo1FullCallback
 .text.HAL_CAN_SleepCallback
                0x080009a4        0x2 CMakeFiles/can.elf.dir/Drivers/STM32F4xx_HAL_Driver/Src/stm32f4xx_hal_can.c.obj
                0x080009a4                HAL_CAN_SleepCallback
 .text.HAL_CAN_WakeUpFromRxMsgCallback
                0x080009a6        0x2 CMakeFiles/can.elf.dir/Drivers/STM32F4xx_HAL_Driver/Src/stm32f4xx_hal_can.c.obj
                0x080009a6                HAL_CAN_WakeUpFromRxMsgCallback
 .text.HAL_CAN_ErrorCallback
                0x080009a8        0x2 CMakeFiles/can.elf.dir/Drivers/STM32F4xx_HAL_Driver/Src/stm32f4xx_hal_can.c.obj
                0x080009a8                HAL_CAN_ErrorCallback
 .text.HAL_CAN_IRQHandler
                0x080009aa      0x24a CMakeFiles/can.elf.dir/Drivers/STM32F4xx_HAL_Driver/Src/stm32f4xx_hal_can.c.obj
                0x080009aa                HAL_CAN_IRQHandler
 .text.__NVIC_SetPriority
                0x08000bf4       0x28 CMakeFiles/can.elf.dir/Drivers/STM32F4xx_HAL_Driver/Src/stm32f4xx_hal_cortex.c.obj
 .text.NVIC_EncodePriority
                0x08000c1c       0x3e CMakeFiles/can.elf.dir/Drivers/STM32F4xx_HAL_Driver/Src/stm32f4xx_hal_cortex.c.obj
 *fill*         0x08000c5a        0x2 
 .text.HAL_NVIC_SetPriorityGrouping
                0x08000c5c       0x24 CMakeFiles/can.elf.dir/Drivers/STM32F4xx_HAL_Driver/Src/stm32f4xx_hal_cortex.c.obj
                0x08000c5c                HAL_NVIC_SetPriorityGrouping
 .text.HAL_NVIC_SetPriority
                0x08000c80       0x20 CMakeFiles/can.elf.dir/Drivers/STM32F4xx_HAL_Driver/Src/stm32f4xx_hal_cortex.c.obj
                0x08000c80                HAL_NVIC_SetPriority
 .text.HAL_NVIC_EnableIRQ
                0x08000ca0       0x1c CMakeFiles/can.elf.dir/Drivers/STM32F4xx_HAL_Driver/Src/stm32f4xx_hal_cortex.c.obj
                0x08000ca0                HAL_NVIC_EnableIRQ
 .text.HAL_SYSTICK_Config
                0x08000cbc       0x28 CMakeFiles/can.elf.dir/Drivers/STM32F4xx_HAL_Driver/Src/stm32f4xx_hal_cortex.c.obj
                0x08000cbc                HAL_SYSTICK_Config
 .text.HAL_GPIO_Init
                0x08000ce4      0x1ec CMakeFiles/can.elf.dir/Drivers/STM32F4xx_HAL_Driver/Src/stm32f4xx_hal_gpio.c.obj
                0x08000ce4                HAL_GPIO_Init
 .text.HAL_RCC_OscConfig
                0x08000ed0      0x3f8 CMakeFiles/can.elf.dir/Drivers/STM32F4xx_HAL_Driver/Src/stm32f4xx_hal_rcc.c.obj
                0x08000ed0                HAL_RCC_OscConfig
 .text.HAL_RCC_GetSysClockFreq
                0x080012c8       0xa8 CMakeFiles/can.elf.dir/Drivers/STM32F4xx_HAL_Driver/Src/stm32f4xx_hal_rcc.c.obj
                0x080012c8                HAL_RCC_GetSysClockFreq
 .text.HAL_RCC_ClockConfig
                0x08001370      0x160 CMakeFiles/can.elf.dir/Drivers/STM32F4xx_HAL_Driver/Src/stm32f4xx_hal_rcc.c.obj
                0x08001370                HAL_RCC_ClockConfig
 .text.MX_CAN1_Init
                0x080014d0       0x40 CMakeFiles/can.elf.dir/Src/can.c.obj
                0x080014d0                MX_CAN1_Init
 .text.MX_CAN2_Init
                0x08001510       0x40 CMakeFiles/can.elf.dir/Src/can.c.obj
                0x08001510                MX_CAN2_Init
 .text.HAL_CAN_MspInit
                0x08001550      0x120 CMakeFiles/can.elf.dir/Src/can.c.obj
                0x08001550                HAL_CAN_MspInit
 .text.MX_GPIO_Init
                0x08001670       0x60 CMakeFiles/can.elf.dir/Src/gpio.c.obj
                0x08001670                MX_GPIO_Init
 .text.SystemClock_Config
                0x080016d0       0x98 CMakeFiles/can.elf.dir/Src/main.c.obj
                0x080016d0                SystemClock_Config
 .text.main     0x08001768       0x50 CMakeFiles/can.elf.dir/Src/main.c.obj
                0x08001768                main
 .text.Error_Handler
                0x080017b8        0x2 CMakeFiles/can.elf.dir/Src/main.c.obj
                0x080017b8                Error_Handler
 *fill*         0x080017ba        0x2 
 .text.HAL_MspInit
                0x080017bc       0x38 CMakeFiles/can.elf.dir/Src/stm32f4xx_hal_msp.c.obj
                0x080017bc                HAL_MspInit
 .text.NMI_Handler
                0x080017f4        0x2 CMakeFiles/can.elf.dir/Src/stm32f4xx_it.c.obj
                0x080017f4                NMI_Handler
 .text.HardFault_Handler
                0x080017f6        0x2 CMakeFiles/can.elf.dir/Src/stm32f4xx_it.c.obj
                0x080017f6                HardFault_Handler
 .text.MemManage_Handler
                0x080017f8        0x2 CMakeFiles/can.elf.dir/Src/stm32f4xx_it.c.obj
                0x080017f8                MemManage_Handler
 .text.BusFault_Handler
                0x080017fa        0x2 CMakeFiles/can.elf.dir/Src/stm32f4xx_it.c.obj
                0x080017fa                BusFault_Handler
 .text.UsageFault_Handler
                0x080017fc        0x2 CMakeFiles/can.elf.dir/Src/stm32f4xx_it.c.obj
                0x080017fc                UsageFault_Handler
 .text.SVC_Handler
                0x080017fe        0x2 CMakeFiles/can.elf.dir/Src/stm32f4xx_it.c.obj
                0x080017fe                SVC_Handler
 .text.DebugMon_Handler
                0x08001800        0x2 CMakeFiles/can.elf.dir/Src/stm32f4xx_it.c.obj
                0x08001800                DebugMon_Handler
 .text.PendSV_Handler
                0x08001802        0x2 CMakeFiles/can.elf.dir/Src/stm32f4xx_it.c.obj
                0x08001802                PendSV_Handler
 .text.SysTick_Handler
                0x08001804        0x8 CMakeFiles/can.elf.dir/Src/stm32f4xx_it.c.obj
                0x08001804                SysTick_Handler
 .text.CAN1_RX0_IRQHandler
                0x0800180c       0x10 CMakeFiles/can.elf.dir/Src/stm32f4xx_it.c.obj
                0x0800180c                CAN1_RX0_IRQHandler
 .text.CAN2_RX0_IRQHandler
                0x0800181c       0x10 CMakeFiles/can.elf.dir/Src/stm32f4xx_it.c.obj
                0x0800181c                CAN2_RX0_IRQHandler
 .text._sbrk    0x0800182c       0x48 CMakeFiles/can.elf.dir/Src/sysmem.c.obj
                0x0800182c                _sbrk
 .text.SystemInit
                0x08001874       0x4c CMakeFiles/can.elf.dir/Src/system_stm32f4xx.c.obj
                0x08001874                SystemInit
 .text.Reset_Handler
                0x080018c0       0x50 CMakeFiles/can.elf.dir/Startup/startup_stm32f407ighx.s.obj
                0x080018c0                Reset_Handler
 .text.Default_Handler
                0x08001910        0x2 CMakeFiles/can.elf.dir/Startup/startup_stm32f407ighx.s.obj
                0x08001910                RTC_Alarm_IRQHandler
                0x08001910                HASH_RNG_IRQHandler
                0x08001910                EXTI2_IRQHandler
                0x08001910                TIM8_CC_IRQHandler
                0x08001910                TIM1_CC_IRQHandler
                0x08001910                DMA2_Stream5_IRQHandler
                0x08001910                DMA1_Stream5_IRQHandler
                0x08001910                PVD_IRQHandler
                0x08001910                SDIO_IRQHandler
                0x08001910                TAMP_STAMP_IRQHandler
                0x08001910                CAN2_RX1_IRQHandler
                0x08001910                EXTI3_IRQHandler
                0x08001910                TIM8_TRG_COM_TIM14_IRQHandler
                0x08001910                TIM1_UP_TIM10_IRQHandler
                0x08001910                TIM8_UP_TIM13_IRQHandler
                0x08001910                I2C3_ER_IRQHandler
                0x08001910                EXTI0_IRQHandler
                0x08001910                I2C2_EV_IRQHandler
                0x08001910                DMA1_Stream2_IRQHandler
                0x08001910                FPU_IRQHandler
                0x08001910                OTG_HS_WKUP_IRQHandler
                0x08001910                CAN2_SCE_IRQHandler
                0x08001910                DMA2_Stream2_IRQHandler
                0x08001910                SPI1_IRQHandler
                0x08001910                TIM6_DAC_IRQHandler
                0x08001910                TIM1_BRK_TIM9_IRQHandler
                0x08001910                DCMI_IRQHandler
                0x08001910                DMA2_Stream3_IRQHandler
                0x08001910                USART6_IRQHandler
                0x08001910                USART3_IRQHandler
                0x08001910                CAN1_RX1_IRQHandler
                0x08001910                UART5_IRQHandler
                0x08001910                DMA2_Stream0_IRQHandler
                0x08001910                TIM4_IRQHandler
                0x08001910                I2C1_EV_IRQHandler
                0x08001910                DMA1_Stream6_IRQHandler
                0x08001910                DMA1_Stream1_IRQHandler
                0x08001910                UART4_IRQHandler
                0x08001910                TIM3_IRQHandler
                0x08001910                RCC_IRQHandler
                0x08001910                TIM8_BRK_TIM12_IRQHandler
                0x08001910                Default_Handler
                0x08001910                EXTI15_10_IRQHandler
                0x08001910                ADC_IRQHandler
                0x08001910                DMA1_Stream7_IRQHandler
                0x08001910                TIM7_IRQHandler
                0x08001910                CAN2_TX_IRQHandler
                0x08001910                TIM5_IRQHandler
                0x08001910                DMA2_Stream7_IRQHandler
                0x08001910                I2C3_EV_IRQHandler
                0x08001910                EXTI9_5_IRQHandler
                0x08001910                RTC_WKUP_IRQHandler
                0x08001910                ETH_WKUP_IRQHandler
                0x08001910                SPI2_IRQHandler
                0x08001910                OTG_HS_EP1_IN_IRQHandler
                0x08001910                DMA1_Stream0_IRQHandler
                0x08001910                CAN1_TX_IRQHandler
                0x08001910                EXTI4_IRQHandler
                0x08001910                FSMC_IRQHandler
                0x08001910                ETH_IRQHandler
                0x08001910                OTG_HS_EP1_OUT_IRQHandler
                0x08001910                WWDG_IRQHandler
                0x08001910                TIM2_IRQHandler
                0x08001910                OTG_FS_WKUP_IRQHandler
                0x08001910                TIM1_TRG_COM_TIM11_IRQHandler
                0x08001910                OTG_HS_IRQHandler
                0x08001910                EXTI1_IRQHandler
                0x08001910                USART2_IRQHandler
                0x08001910                I2C2_ER_IRQHandler
                0x08001910                DMA2_Stream1_IRQHandler
                0x08001910                CAN1_SCE_IRQHandler
                0x08001910                FLASH_IRQHandler
                0x08001910                DMA2_Stream4_IRQHandler
                0x08001910                USART1_IRQHandler
                0x08001910                OTG_FS_IRQHandler
                0x08001910                SPI3_IRQHandler
                0x08001910                DMA1_Stream4_IRQHandler
                0x08001910                I2C1_ER_IRQHandler
                0x08001910                DMA2_Stream6_IRQHandler
                0x08001910                DMA1_Stream3_IRQHandler
 *fill*         0x08001912        0x2 
 .text.HAL_CAN_RxFifo0MsgPendingCallback
                0x08001914       0x90 CMakeFiles/can.elf.dir/application/CAN_receive.c.obj
                0x08001914                HAL_CAN_RxFifo0MsgPendingCallback
 .text.CAN_motor_enable
                0x080019a4       0xb4 CMakeFiles/can.elf.dir/application/CAN_receive.c.obj
                0x080019a4                CAN_motor_enable
 .text.CAN_motor_mode
                0x08001a58       0xb4 CMakeFiles/can.elf.dir/application/CAN_receive.c.obj
                0x08001a58                CAN_motor_mode
 .text.CAN_motor_setSpeed
                0x08001b0c       0xcc CMakeFiles/can.elf.dir/application/CAN_receive.c.obj
                0x08001b0c                CAN_motor_setSpeed
 .text.OD_FindEntry
                0x08001bd8       0x16 CMakeFiles/can.elf.dir/application/object_dictionary.c.obj
 .text.OD_GetDataTypeSize
                0x08001bee       0x28 CMakeFiles/can.elf.dir/application/object_dictionary.c.obj
 .text.OD_Create
                0x08001c16       0x16 CMakeFiles/can.elf.dir/application/object_dictionary.c.obj
                0x08001c16                OD_Create
 .text.OD_AddEntry
                0x08001c2c       0x48 CMakeFiles/can.elf.dir/application/object_dictionary.c.obj
                0x08001c2c                OD_AddEntry
 .text.OD_User_AddEntry
                0x08001c74       0x34 CMakeFiles/can.elf.dir/application/object_dictionary.c.obj
                0x08001c74                OD_User_AddEntry
 .text.OD_User_Init
                0x08001ca8      0x168 CMakeFiles/can.elf.dir/application/object_dictionary.c.obj
                0x08001ca8                OD_User_Init
 .text.OD_GetEntry
                0x08001e10        0x8 CMakeFiles/can.elf.dir/application/object_dictionary.c.obj
                0x08001e10                OD_GetEntry
 .text.OD_SetValue
                0x08001e18       0x34 CMakeFiles/can.elf.dir/application/object_dictionary.c.obj
                0x08001e18                OD_SetValue
 .text.can_filter_init
                0x08001e4c       0x5c CMakeFiles/can.elf.dir/bsp/boards/bsp_can.c.obj
                0x08001e4c                can_filter_init
 .text.__udivmoddi4
                0x08001ea8      0x2bc c:/progra~2/armgnu~1/12977f~1.2mp/bin/../lib/gcc/arm-none-eabi/12.2.1/thumb/v7e-m+fp/hard\libgcc.a(_udivmoddi4.o)
                0x08001ea8                __udivmoddi4
 .text.malloc   0x08002164       0x10 c:/progra~2/armgnu~1/12977f~1.2mp/bin/../lib/gcc/arm-none-eabi/12.2.1/thumb/v7e-m+fp/hard\libg.a(libc_a-malloc.o)
                0x08002164                malloc
 .text._malloc_r
                0x08002174      0x574 c:/progra~2/armgnu~1/12977f~1.2mp/bin/../lib/gcc/arm-none-eabi/12.2.1/thumb/v7e-m+fp/hard\libg.a(libc_a-mallocr.o)
                0x08002174                _malloc_r
 .text.__malloc_lock
                0x080026e8        0xc c:/progra~2/armgnu~1/12977f~1.2mp/bin/../lib/gcc/arm-none-eabi/12.2.1/thumb/v7e-m+fp/hard\libg.a(libc_a-mlock.o)
                0x080026e8                __malloc_lock
 .text.__malloc_unlock
                0x080026f4        0xc c:/progra~2/armgnu~1/12977f~1.2mp/bin/../lib/gcc/arm-none-eabi/12.2.1/thumb/v7e-m+fp/hard\libg.a(libc_a-mlock.o)
                0x080026f4                __malloc_unlock
 .text.memset   0x08002700       0xa4 c:/progra~2/armgnu~1/12977f~1.2mp/bin/../lib/gcc/arm-none-eabi/12.2.1/thumb/v7e-m+fp/hard\libg.a(libc_a-memset.o)
                0x08002700                memset
 .text._sbrk_r  0x080027a4       0x24 c:/progra~2/armgnu~1/12977f~1.2mp/bin/../lib/gcc/arm-none-eabi/12.2.1/thumb/v7e-m+fp/hard\libg.a(libc_a-sbrkr.o)
                0x080027a4                _sbrk_r
 .text.__errno  0x080027c8        0xc c:/progra~2/armgnu~1/12977f~1.2mp/bin/../lib/gcc/arm-none-eabi/12.2.1/thumb/v7e-m+fp/hard\libg.a(libc_a-errno.o)
                0x080027c8                __errno
 .text.__libc_init_array
                0x080027d4       0x50 c:/progra~2/armgnu~1/12977f~1.2mp/bin/../lib/gcc/arm-none-eabi/12.2.1/thumb/v7e-m+fp/hard\libg.a(libc_a-init.o)
                0x080027d4                __libc_init_array
 .text.__retarget_lock_acquire_recursive
                0x08002824        0x4 c:/progra~2/armgnu~1/12977f~1.2mp/bin/../lib/gcc/arm-none-eabi/12.2.1/thumb/v7e-m+fp/hard\libg.a(libc_a-lock.o)
                0x08002824                __retarget_lock_acquire_recursive
 .text.__retarget_lock_release_recursive
                0x08002828        0x4 c:/progra~2/armgnu~1/12977f~1.2mp/bin/../lib/gcc/arm-none-eabi/12.2.1/thumb/v7e-m+fp/hard\libg.a(libc_a-lock.o)
                0x08002828                __retarget_lock_release_recursive
 .text.sysconf  0x0800282c       0x1c c:/progra~2/armgnu~1/12977f~1.2mp/bin/../lib/gcc/arm-none-eabi/12.2.1/thumb/v7e-m+fp/hard\libg.a(libc_a-sysconf.o)
                0x0800282c                sysconf
 .text.startup.register_fini
                0x08002848       0x14 c:/progra~2/armgnu~1/12977f~1.2mp/bin/../lib/gcc/arm-none-eabi/12.2.1/thumb/v7e-m+fp/hard\libg.a(libc_a-__call_atexit.o)
 .text.atexit   0x0800285c        0xc c:/progra~2/armgnu~1/12977f~1.2mp/bin/../lib/gcc/arm-none-eabi/12.2.1/thumb/v7e-m+fp/hard\libg.a(libc_a-atexit.o)
                0x0800285c                atexit
 .text._malloc_trim_r
                0x08002868       0xb8 c:/progra~2/armgnu~1/12977f~1.2mp/bin/../lib/gcc/arm-none-eabi/12.2.1/thumb/v7e-m+fp/hard\libg.a(libc_a-freer.o)
                0x08002868                _malloc_trim_r
 .text._free_r  0x08002920      0x1fc c:/progra~2/armgnu~1/12977f~1.2mp/bin/../lib/gcc/arm-none-eabi/12.2.1/thumb/v7e-m+fp/hard\libg.a(libc_a-freer.o)
                0x08002920                _free_r
 .text.__libc_fini_array
                0x08002b1c       0x28 c:/progra~2/armgnu~1/12977f~1.2mp/bin/../lib/gcc/arm-none-eabi/12.2.1/thumb/v7e-m+fp/hard\libg.a(libc_a-fini.o)
                0x08002b1c                __libc_fini_array
 .text.__register_exitproc
                0x08002b44       0x80 c:/progra~2/armgnu~1/12977f~1.2mp/bin/../lib/gcc/arm-none-eabi/12.2.1/thumb/v7e-m+fp/hard\libg.a(libc_a-__atexit.o)
                0x08002b44                __register_exitproc
 *(.glue_7)
 .glue_7        0x08002bc4        0x0 linker stubs
 *(.glue_7t)
 .glue_7t       0x08002bc4        0x0 linker stubs
 *(.eh_frame)
 .eh_frame      0x08002bc4        0x0 c:/progra~2/armgnu~1/12977f~1.2mp/bin/../lib/gcc/arm-none-eabi/12.2.1/thumb/v7e-m+fp/hard/crtbegin.o
 *(.init)
 .init          0x08002bc4        0x4 c:/progra~2/armgnu~1/12977f~1.2mp/bin/../lib/gcc/arm-none-eabi/12.2.1/thumb/v7e-m+fp/hard/crti.o
                0x08002bc4                _init
 .init          0x08002bc8        0x8 c:/progra~2/armgnu~1/12977f~1.2mp/bin/../lib/gcc/arm-none-eabi/12.2.1/thumb/v7e-m+fp/hard/crtn.o
 *(.fini)
 .fini          0x08002bd0        0x4 c:/progra~2/armgnu~1/12977f~1.2mp/bin/../lib/gcc/arm-none-eabi/12.2.1/thumb/v7e-m+fp/hard/crti.o
                0x08002bd0                _fini
 .fini          0x08002bd4        0x8 c:/progra~2/armgnu~1/12977f~1.2mp/bin/../lib/gcc/arm-none-eabi/12.2.1/thumb/v7e-m+fp/hard/crtn.o
                0x08002bdc                        . = ALIGN (0x4)
                0x08002bdc                        _etext = .

.vfp11_veneer   0x08002bdc        0x0
 .vfp11_veneer  0x08002bdc        0x0 linker stubs

.v4_bx          0x08002bdc        0x0
 .v4_bx         0x08002bdc        0x0 linker stubs

.iplt           0x08002bdc        0x0
 .iplt          0x08002bdc        0x0 c:/progra~2/armgnu~1/12977f~1.2mp/bin/../lib/gcc/arm-none-eabi/12.2.1/thumb/v7e-m+fp/hard/crtbegin.o

.rodata         0x08002bdc       0x10
                0x08002bdc                        . = ALIGN (0x4)
 *(.rodata)
 *(.rodata*)
 .rodata.AHBPrescTable
                0x08002bdc       0x10 CMakeFiles/can.elf.dir/Src/system_stm32f4xx.c.obj
                0x08002bdc                AHBPrescTable
                0x08002bec                        . = ALIGN (0x4)

.ARM.extab      0x08002bec        0x0
                0x08002bec                        . = ALIGN (0x4)
 *(.ARM.extab* .gnu.linkonce.armextab.*)
                0x08002bec                        . = ALIGN (0x4)

.ARM            0x08002bec        0x8
                0x08002bec                        . = ALIGN (0x4)
                0x08002bec                        __exidx_start = .
 *(.ARM.exidx*)
 .ARM.exidx     0x08002bec        0x8 c:/progra~2/armgnu~1/12977f~1.2mp/bin/../lib/gcc/arm-none-eabi/12.2.1/thumb/v7e-m+fp/hard\libg.a(libc_a-memcpy.o)
 .ARM.exidx.text.__udivmoddi4
                0x08002bf4        0x0 c:/progra~2/armgnu~1/12977f~1.2mp/bin/../lib/gcc/arm-none-eabi/12.2.1/thumb/v7e-m+fp/hard\libgcc.a(_udivmoddi4.o)
                                  0x8 (size before relaxing)
                0x08002bf4                        __exidx_end = .
                0x08002bf4                        . = ALIGN (0x4)

.rel.dyn        0x08002bf4        0x0
 .rel.iplt      0x08002bf4        0x0 c:/progra~2/armgnu~1/12977f~1.2mp/bin/../lib/gcc/arm-none-eabi/12.2.1/thumb/v7e-m+fp/hard/crtbegin.o

.preinit_array  0x08002bf4        0x0
                0x08002bf4                        . = ALIGN (0x4)
                0x08002bf4                        PROVIDE (__preinit_array_start = .)
 *(.preinit_array*)
                0x08002bf4                        PROVIDE (__preinit_array_end = .)
                0x08002bf4                        . = ALIGN (0x4)

.init_array     0x08002bf4        0x8
                0x08002bf4                        . = ALIGN (0x4)
                0x08002bf4                        PROVIDE (__init_array_start = .)
 *(SORT_BY_NAME(.init_array.*))
 .init_array.00000
                0x08002bf4        0x4 c:/progra~2/armgnu~1/12977f~1.2mp/bin/../lib/gcc/arm-none-eabi/12.2.1/thumb/v7e-m+fp/hard\libg.a(libc_a-__call_atexit.o)
 *(.init_array*)
 .init_array    0x08002bf8        0x4 c:/progra~2/armgnu~1/12977f~1.2mp/bin/../lib/gcc/arm-none-eabi/12.2.1/thumb/v7e-m+fp/hard/crtbegin.o
                0x08002bfc                        PROVIDE (__init_array_end = .)
                0x08002bfc                        . = ALIGN (0x4)

.fini_array     0x08002bfc        0x4
                0x08002bfc                        . = ALIGN (0x4)
                0x08002bfc                        PROVIDE (__fini_array_start = .)
 *(SORT_BY_NAME(.fini_array.*))
 *(.fini_array*)
 .fini_array    0x08002bfc        0x4 c:/progra~2/armgnu~1/12977f~1.2mp/bin/../lib/gcc/arm-none-eabi/12.2.1/thumb/v7e-m+fp/hard/crtbegin.o
                0x08002c00                        PROVIDE (__fini_array_end = .)
                0x08002c00                        . = ALIGN (0x4)
                0x08002c00                        _sidata = LOADADDR (.data)

.data           0x20000000      0x54c load address 0x08002c00
                0x20000000                        . = ALIGN (0x4)
                0x20000000                        _sdata = .
 *(.data)
 *(.data*)
 .data.uwTickFreq
                0x20000000        0x1 CMakeFiles/can.elf.dir/Drivers/STM32F4xx_HAL_Driver/Src/stm32f4xx_hal.c.obj
                0x20000000                uwTickFreq
 *fill*         0x20000001        0x3 
 .data.uwTickPrio
                0x20000004        0x4 CMakeFiles/can.elf.dir/Drivers/STM32F4xx_HAL_Driver/Src/stm32f4xx_hal.c.obj
                0x20000004                uwTickPrio
 .data.SystemCoreClock
                0x20000008        0x4 CMakeFiles/can.elf.dir/Src/system_stm32f4xx.c.obj
                0x20000008                SystemCoreClock
 .data.__malloc_sbrk_base
                0x2000000c        0x4 c:/progra~2/armgnu~1/12977f~1.2mp/bin/../lib/gcc/arm-none-eabi/12.2.1/thumb/v7e-m+fp/hard\libg.a(libc_a-mallocr.o)
                0x2000000c                __malloc_sbrk_base
 .data.__malloc_trim_threshold
                0x20000010        0x4 c:/progra~2/armgnu~1/12977f~1.2mp/bin/../lib/gcc/arm-none-eabi/12.2.1/thumb/v7e-m+fp/hard\libg.a(libc_a-mallocr.o)
                0x20000010                __malloc_trim_threshold
 *fill*         0x20000014        0x4 
 .data.__malloc_av_
                0x20000018      0x408 c:/progra~2/armgnu~1/12977f~1.2mp/bin/../lib/gcc/arm-none-eabi/12.2.1/thumb/v7e-m+fp/hard\libg.a(libc_a-mallocr.o)
                0x20000018                __malloc_av_
 .data._impure_ptr
                0x20000420        0x4 c:/progra~2/armgnu~1/12977f~1.2mp/bin/../lib/gcc/arm-none-eabi/12.2.1/thumb/v7e-m+fp/hard\libg.a(libc_a-impure.o)
                0x20000420                _impure_ptr
 *fill*         0x20000424        0x4 
 .data._impure_data
                0x20000428      0x120 c:/progra~2/armgnu~1/12977f~1.2mp/bin/../lib/gcc/arm-none-eabi/12.2.1/thumb/v7e-m+fp/hard\libg.a(libc_a-impure.o)
                0x20000428                _impure_data
 .data.__atexit_recursive_mutex
                0x20000548        0x4 c:/progra~2/armgnu~1/12977f~1.2mp/bin/../lib/gcc/arm-none-eabi/12.2.1/thumb/v7e-m+fp/hard\libg.a(libc_a-__call_atexit.o)
                0x20000548                __atexit_recursive_mutex
 *(.RamFunc)
 *(.RamFunc*)
                0x2000054c                        . = ALIGN (0x4)
                0x2000054c                        _edata = .
                0x0800314c                        _siccmram = LOADADDR (.ccmram)

.tm_clone_table
                0x2000054c        0x0 load address 0x0800314c
 .tm_clone_table
                0x2000054c        0x0 c:/progra~2/armgnu~1/12977f~1.2mp/bin/../lib/gcc/arm-none-eabi/12.2.1/thumb/v7e-m+fp/hard/crtbegin.o
 .tm_clone_table
                0x2000054c        0x0 c:/progra~2/armgnu~1/12977f~1.2mp/bin/../lib/gcc/arm-none-eabi/12.2.1/thumb/v7e-m+fp/hard/crtend.o

.igot.plt       0x2000054c        0x0 load address 0x0800314c
 .igot.plt      0x2000054c        0x0 c:/progra~2/armgnu~1/12977f~1.2mp/bin/../lib/gcc/arm-none-eabi/12.2.1/thumb/v7e-m+fp/hard/crtbegin.o

.ccmram         0x10000000        0x0 load address 0x0800314c
                0x10000000                        . = ALIGN (0x4)
                0x10000000                        _sccmram = .
 *(.ccmram)
 *(.ccmram*)
                0x10000000                        . = ALIGN (0x4)
                0x10000000                        _eccmram = .
                0x10000000                        . = ALIGN (0x4)

.bss            0x2000054c      0x3a8
                0x2000054c                        _sbss = .
                0x2000054c                        __bss_start__ = _sbss
 *(.bss)
 *(.bss*)
 .bss.completed.1
                0x2000054c        0x1 c:/progra~2/armgnu~1/12977f~1.2mp/bin/../lib/gcc/arm-none-eabi/12.2.1/thumb/v7e-m+fp/hard/crtbegin.o
 *fill*         0x2000054d        0x3 
 .bss.object.0  0x20000550       0x18 c:/progra~2/armgnu~1/12977f~1.2mp/bin/../lib/gcc/arm-none-eabi/12.2.1/thumb/v7e-m+fp/hard/crtbegin.o
 .bss.uwTick    0x20000568        0x4 CMakeFiles/can.elf.dir/Drivers/STM32F4xx_HAL_Driver/Src/stm32f4xx_hal.c.obj
                0x20000568                uwTick
 .bss.HAL_RCC_CAN1_CLK_ENABLED
                0x2000056c        0x4 CMakeFiles/can.elf.dir/Src/can.c.obj
 .bss.hcan2     0x20000570       0x28 CMakeFiles/can.elf.dir/Src/can.c.obj
                0x20000570                hcan2
 .bss.hcan1     0x20000598       0x28 CMakeFiles/can.elf.dir/Src/can.c.obj
                0x20000598                hcan1
 .bss.od        0x200005c0        0x4 CMakeFiles/can.elf.dir/Src/main.c.obj
                0x200005c0                od
 .bss.__sbrk_heap_end
                0x200005c4        0x4 CMakeFiles/can.elf.dir/Src/sysmem.c.obj
 .bss.chassis_can_send_data
                0x200005c8        0x8 CMakeFiles/can.elf.dir/application/CAN_receive.c.obj
 .bss.chassis_tx_message
                0x200005d0       0x18 CMakeFiles/can.elf.dir/application/CAN_receive.c.obj
 .bss.__malloc_current_mallinfo
                0x200005e8       0x28 c:/progra~2/armgnu~1/12977f~1.2mp/bin/../lib/gcc/arm-none-eabi/12.2.1/thumb/v7e-m+fp/hard\libg.a(libc_a-mallocr.o)
                0x200005e8                __malloc_current_mallinfo
 .bss.__malloc_max_total_mem
                0x20000610        0x4 c:/progra~2/armgnu~1/12977f~1.2mp/bin/../lib/gcc/arm-none-eabi/12.2.1/thumb/v7e-m+fp/hard\libg.a(libc_a-mallocr.o)
                0x20000610                __malloc_max_total_mem
 .bss.__malloc_max_sbrked_mem
                0x20000614        0x4 c:/progra~2/armgnu~1/12977f~1.2mp/bin/../lib/gcc/arm-none-eabi/12.2.1/thumb/v7e-m+fp/hard\libg.a(libc_a-mallocr.o)
                0x20000614                __malloc_max_sbrked_mem
 .bss.__malloc_top_pad
                0x20000618        0x4 c:/progra~2/armgnu~1/12977f~1.2mp/bin/../lib/gcc/arm-none-eabi/12.2.1/thumb/v7e-m+fp/hard\libg.a(libc_a-mallocr.o)
                0x20000618                __malloc_top_pad
 .bss.__sf      0x2000061c      0x138 c:/progra~2/armgnu~1/12977f~1.2mp/bin/../lib/gcc/arm-none-eabi/12.2.1/thumb/v7e-m+fp/hard\libg.a(libc_a-findfp.o)
                0x2000061c                __sf
 .bss.errno     0x20000754        0x4 c:/progra~2/armgnu~1/12977f~1.2mp/bin/../lib/gcc/arm-none-eabi/12.2.1/thumb/v7e-m+fp/hard\libg.a(libc_a-reent.o)
                0x20000754                errno
 .bss.__lock___malloc_recursive_mutex
                0x20000758        0x1 c:/progra~2/armgnu~1/12977f~1.2mp/bin/../lib/gcc/arm-none-eabi/12.2.1/thumb/v7e-m+fp/hard\libg.a(libc_a-lock.o)
                0x20000758                __lock___malloc_recursive_mutex
 *fill*         0x20000759        0x3 
 .bss.__lock___atexit_recursive_mutex
                0x2000075c        0x1 c:/progra~2/armgnu~1/12977f~1.2mp/bin/../lib/gcc/arm-none-eabi/12.2.1/thumb/v7e-m+fp/hard\libg.a(libc_a-lock.o)
                0x2000075c                __lock___atexit_recursive_mutex
 *fill*         0x2000075d        0x3 
 .bss.__atexit  0x20000760        0x4 c:/progra~2/armgnu~1/12977f~1.2mp/bin/../lib/gcc/arm-none-eabi/12.2.1/thumb/v7e-m+fp/hard\libg.a(libc_a-__call_atexit.o)
                0x20000760                __atexit
 .bss.__atexit0
                0x20000764      0x190 c:/progra~2/armgnu~1/12977f~1.2mp/bin/../lib/gcc/arm-none-eabi/12.2.1/thumb/v7e-m+fp/hard\libg.a(libc_a-__atexit.o)
                0x20000764                __atexit0
 *(COMMON)
                0x200008f4                        . = ALIGN (0x4)
                0x200008f4                        _ebss = .
                0x200008f4                        __bss_end__ = _ebss

._user_heap_stack
                0x200008f4      0x604
                0x200008f8                        . = ALIGN (0x8)
 *fill*         0x200008f4        0x4 
                [!provide]                        PROVIDE (end = .)
                0x200008f8                        PROVIDE (_end = .)
                0x20000af8                        . = (. + _Min_Heap_Size)
 *fill*         0x200008f8      0x200 
                0x20000ef8                        . = (. + _Min_Stack_Size)
 *fill*         0x20000af8      0x400 
                0x20000ef8                        . = ALIGN (0x8)

/DISCARD/
 libc.a(*)
 libm.a(*)
 libgcc.a(*)

.ARM.attributes
                0x00000000       0x30
 *(.ARM.attributes)
 .ARM.attributes
                0x00000000       0x22 c:/progra~2/armgnu~1/12977f~1.2mp/bin/../lib/gcc/arm-none-eabi/12.2.1/thumb/v7e-m+fp/hard/crti.o
 .ARM.attributes
                0x00000022       0x34 c:/progra~2/armgnu~1/12977f~1.2mp/bin/../lib/gcc/arm-none-eabi/12.2.1/thumb/v7e-m+fp/hard/crtbegin.o
 .ARM.attributes
                0x00000056       0x34 CMakeFiles/can.elf.dir/Drivers/STM32F4xx_HAL_Driver/Src/stm32f4xx_hal.c.obj
 .ARM.attributes
                0x0000008a       0x34 CMakeFiles/can.elf.dir/Drivers/STM32F4xx_HAL_Driver/Src/stm32f4xx_hal_can.c.obj
 .ARM.attributes
                0x000000be       0x34 CMakeFiles/can.elf.dir/Drivers/STM32F4xx_HAL_Driver/Src/stm32f4xx_hal_cortex.c.obj
 .ARM.attributes
                0x000000f2       0x34 CMakeFiles/can.elf.dir/Drivers/STM32F4xx_HAL_Driver/Src/stm32f4xx_hal_gpio.c.obj
 .ARM.attributes
                0x00000126       0x34 CMakeFiles/can.elf.dir/Drivers/STM32F4xx_HAL_Driver/Src/stm32f4xx_hal_rcc.c.obj
 .ARM.attributes
                0x0000015a       0x34 CMakeFiles/can.elf.dir/Src/can.c.obj
 .ARM.attributes
                0x0000018e       0x34 CMakeFiles/can.elf.dir/Src/gpio.c.obj
 .ARM.attributes
                0x000001c2       0x34 CMakeFiles/can.elf.dir/Src/main.c.obj
 .ARM.attributes
                0x000001f6       0x34 CMakeFiles/can.elf.dir/Src/stm32f4xx_hal_msp.c.obj
 .ARM.attributes
                0x0000022a       0x34 CMakeFiles/can.elf.dir/Src/stm32f4xx_it.c.obj
 .ARM.attributes
                0x0000025e       0x34 CMakeFiles/can.elf.dir/Src/sysmem.c.obj
 .ARM.attributes
                0x00000292       0x34 CMakeFiles/can.elf.dir/Src/system_stm32f4xx.c.obj
 .ARM.attributes
                0x000002c6       0x21 CMakeFiles/can.elf.dir/Startup/startup_stm32f407ighx.s.obj
 .ARM.attributes
                0x000002e7       0x34 CMakeFiles/can.elf.dir/application/CAN_receive.c.obj
 .ARM.attributes
                0x0000031b       0x34 CMakeFiles/can.elf.dir/application/object_dictionary.c.obj
 .ARM.attributes
                0x0000034f       0x34 CMakeFiles/can.elf.dir/bsp/boards/bsp_can.c.obj
 .ARM.attributes
                0x00000383       0x22 c:/progra~2/armgnu~1/12977f~1.2mp/bin/../lib/gcc/arm-none-eabi/12.2.1/thumb/v7e-m+fp/hard\libgcc.a(_aeabi_uldivmod.o)
 .ARM.attributes
                0x000003a5       0x34 c:/progra~2/armgnu~1/12977f~1.2mp/bin/../lib/gcc/arm-none-eabi/12.2.1/thumb/v7e-m+fp/hard\libgcc.a(_udivmoddi4.o)
 .ARM.attributes
                0x000003d9       0x22 c:/progra~2/armgnu~1/12977f~1.2mp/bin/../lib/gcc/arm-none-eabi/12.2.1/thumb/v7e-m+fp/hard\libgcc.a(_dvmd_tls.o)
 .ARM.attributes
                0x000003fb       0x34 c:/progra~2/armgnu~1/12977f~1.2mp/bin/../lib/gcc/arm-none-eabi/12.2.1/thumb/v7e-m+fp/hard\libg.a(libc_a-malloc.o)
 .ARM.attributes
                0x0000042f       0x34 c:/progra~2/armgnu~1/12977f~1.2mp/bin/../lib/gcc/arm-none-eabi/12.2.1/thumb/v7e-m+fp/hard\libg.a(libc_a-mallocr.o)
 .ARM.attributes
                0x00000463       0x34 c:/progra~2/armgnu~1/12977f~1.2mp/bin/../lib/gcc/arm-none-eabi/12.2.1/thumb/v7e-m+fp/hard\libg.a(libc_a-mlock.o)
 .ARM.attributes
                0x00000497       0x34 c:/progra~2/armgnu~1/12977f~1.2mp/bin/../lib/gcc/arm-none-eabi/12.2.1/thumb/v7e-m+fp/hard\libg.a(libc_a-findfp.o)
 .ARM.attributes
                0x000004cb       0x34 c:/progra~2/armgnu~1/12977f~1.2mp/bin/../lib/gcc/arm-none-eabi/12.2.1/thumb/v7e-m+fp/hard\libg.a(libc_a-memset.o)
 .ARM.attributes
                0x000004ff       0x34 c:/progra~2/armgnu~1/12977f~1.2mp/bin/../lib/gcc/arm-none-eabi/12.2.1/thumb/v7e-m+fp/hard\libg.a(libc_a-reent.o)
 .ARM.attributes
                0x00000533       0x34 c:/progra~2/armgnu~1/12977f~1.2mp/bin/../lib/gcc/arm-none-eabi/12.2.1/thumb/v7e-m+fp/hard\libg.a(libc_a-impure.o)
 .ARM.attributes
                0x00000567       0x34 c:/progra~2/armgnu~1/12977f~1.2mp/bin/../lib/gcc/arm-none-eabi/12.2.1/thumb/v7e-m+fp/hard\libg.a(libc_a-sbrkr.o)
 .ARM.attributes
                0x0000059b       0x34 c:/progra~2/armgnu~1/12977f~1.2mp/bin/../lib/gcc/arm-none-eabi/12.2.1/thumb/v7e-m+fp/hard\libg.a(libc_a-errno.o)
 .ARM.attributes
                0x000005cf       0x34 c:/progra~2/armgnu~1/12977f~1.2mp/bin/../lib/gcc/arm-none-eabi/12.2.1/thumb/v7e-m+fp/hard\libg.a(libc_a-init.o)
 .ARM.attributes
                0x00000603       0x34 c:/progra~2/armgnu~1/12977f~1.2mp/bin/../lib/gcc/arm-none-eabi/12.2.1/thumb/v7e-m+fp/hard\libg.a(libc_a-lock.o)
 .ARM.attributes
                0x00000637       0x34 c:/progra~2/armgnu~1/12977f~1.2mp/bin/../lib/gcc/arm-none-eabi/12.2.1/thumb/v7e-m+fp/hard\libg.a(libc_a-sysconf.o)
 .ARM.attributes
                0x0000066b       0x20 c:/progra~2/armgnu~1/12977f~1.2mp/bin/../lib/gcc/arm-none-eabi/12.2.1/thumb/v7e-m+fp/hard\libg.a(libc_a-memcpy.o)
 .ARM.attributes
                0x0000068b       0x34 c:/progra~2/armgnu~1/12977f~1.2mp/bin/../lib/gcc/arm-none-eabi/12.2.1/thumb/v7e-m+fp/hard\libg.a(libc_a-__call_atexit.o)
 .ARM.attributes
                0x000006bf       0x34 c:/progra~2/armgnu~1/12977f~1.2mp/bin/../lib/gcc/arm-none-eabi/12.2.1/thumb/v7e-m+fp/hard\libg.a(libc_a-atexit.o)
 .ARM.attributes
                0x000006f3       0x34 c:/progra~2/armgnu~1/12977f~1.2mp/bin/../lib/gcc/arm-none-eabi/12.2.1/thumb/v7e-m+fp/hard\libg.a(libc_a-freer.o)
 .ARM.attributes
                0x00000727       0x34 c:/progra~2/armgnu~1/12977f~1.2mp/bin/../lib/gcc/arm-none-eabi/12.2.1/thumb/v7e-m+fp/hard\libg.a(libc_a-fini.o)
 .ARM.attributes
                0x0000075b       0x34 c:/progra~2/armgnu~1/12977f~1.2mp/bin/../lib/gcc/arm-none-eabi/12.2.1/thumb/v7e-m+fp/hard\libg.a(libc_a-__atexit.o)
 .ARM.attributes
                0x0000078f       0x34 c:/progra~2/armgnu~1/12977f~1.2mp/bin/../lib/gcc/arm-none-eabi/12.2.1/thumb/v7e-m+fp/hard/crtend.o
 .ARM.attributes
                0x000007c3       0x22 c:/progra~2/armgnu~1/12977f~1.2mp/bin/../lib/gcc/arm-none-eabi/12.2.1/thumb/v7e-m+fp/hard/crtn.o
OUTPUT(can.elf elf32-littlearm)
LOAD linker stubs
LOAD c:/progra~2/armgnu~1/12977f~1.2mp/bin/../lib/gcc/arm-none-eabi/12.2.1/thumb/v7e-m+fp/hard\libc.a
LOAD c:/progra~2/armgnu~1/12977f~1.2mp/bin/../lib/gcc/arm-none-eabi/12.2.1/thumb/v7e-m+fp/hard\libm.a
LOAD c:/progra~2/armgnu~1/12977f~1.2mp/bin/../lib/gcc/arm-none-eabi/12.2.1/thumb/v7e-m+fp/hard\libgcc.a

.debug_info     0x00000000     0x8222
 .debug_info    0x00000000      0x9e6 CMakeFiles/can.elf.dir/Drivers/STM32F4xx_HAL_Driver/Src/stm32f4xx_hal.c.obj
 .debug_info    0x000009e6     0x11ad CMakeFiles/can.elf.dir/Drivers/STM32F4xx_HAL_Driver/Src/stm32f4xx_hal_can.c.obj
 .debug_info    0x00001b93      0xf7d CMakeFiles/can.elf.dir/Drivers/STM32F4xx_HAL_Driver/Src/stm32f4xx_hal_cortex.c.obj
 .debug_info    0x00002b10      0x704 CMakeFiles/can.elf.dir/Drivers/STM32F4xx_HAL_Driver/Src/stm32f4xx_hal_gpio.c.obj
 .debug_info    0x00003214      0xa6f CMakeFiles/can.elf.dir/Drivers/STM32F4xx_HAL_Driver/Src/stm32f4xx_hal_rcc.c.obj
 .debug_info    0x00003c83      0xc8f CMakeFiles/can.elf.dir/Src/can.c.obj
 .debug_info    0x00004912      0x29b CMakeFiles/can.elf.dir/Src/gpio.c.obj
 .debug_info    0x00004bad      0x789 CMakeFiles/can.elf.dir/Src/main.c.obj
 .debug_info    0x00005336      0x265 CMakeFiles/can.elf.dir/Src/stm32f4xx_hal_msp.c.obj
 .debug_info    0x0000559b      0x54b CMakeFiles/can.elf.dir/Src/stm32f4xx_it.c.obj
 .debug_info    0x00005ae6      0x171 CMakeFiles/can.elf.dir/Src/sysmem.c.obj
 .debug_info    0x00005c57      0x527 CMakeFiles/can.elf.dir/Src/system_stm32f4xx.c.obj
 .debug_info    0x0000617e       0x30 CMakeFiles/can.elf.dir/Startup/startup_stm32f407ighx.s.obj
 .debug_info    0x000061ae      0xe1c CMakeFiles/can.elf.dir/application/CAN_receive.c.obj
 .debug_info    0x00006fca      0xc33 CMakeFiles/can.elf.dir/application/object_dictionary.c.obj
 .debug_info    0x00007bfd      0x625 CMakeFiles/can.elf.dir/bsp/boards/bsp_can.c.obj

.debug_abbrev   0x00000000     0x1d3d
 .debug_abbrev  0x00000000      0x23f CMakeFiles/can.elf.dir/Drivers/STM32F4xx_HAL_Driver/Src/stm32f4xx_hal.c.obj
 .debug_abbrev  0x0000023f      0x26a CMakeFiles/can.elf.dir/Drivers/STM32F4xx_HAL_Driver/Src/stm32f4xx_hal_can.c.obj
 .debug_abbrev  0x000004a9      0x39b CMakeFiles/can.elf.dir/Drivers/STM32F4xx_HAL_Driver/Src/stm32f4xx_hal_cortex.c.obj
 .debug_abbrev  0x00000844      0x202 CMakeFiles/can.elf.dir/Drivers/STM32F4xx_HAL_Driver/Src/stm32f4xx_hal_gpio.c.obj
 .debug_abbrev  0x00000a46      0x2c6 CMakeFiles/can.elf.dir/Drivers/STM32F4xx_HAL_Driver/Src/stm32f4xx_hal_rcc.c.obj
 .debug_abbrev  0x00000d0c      0x252 CMakeFiles/can.elf.dir/Src/can.c.obj
 .debug_abbrev  0x00000f5e       0xd6 CMakeFiles/can.elf.dir/Src/gpio.c.obj
 .debug_abbrev  0x00001034      0x23a CMakeFiles/can.elf.dir/Src/main.c.obj
 .debug_abbrev  0x0000126e       0xd6 CMakeFiles/can.elf.dir/Src/stm32f4xx_hal_msp.c.obj
 .debug_abbrev  0x00001344      0x1aa CMakeFiles/can.elf.dir/Src/stm32f4xx_it.c.obj
 .debug_abbrev  0x000014ee       0xea CMakeFiles/can.elf.dir/Src/sysmem.c.obj
 .debug_abbrev  0x000015d8      0x11e CMakeFiles/can.elf.dir/Src/system_stm32f4xx.c.obj
 .debug_abbrev  0x000016f6       0x24 CMakeFiles/can.elf.dir/Startup/startup_stm32f407ighx.s.obj
 .debug_abbrev  0x0000171a      0x298 CMakeFiles/can.elf.dir/application/CAN_receive.c.obj
 .debug_abbrev  0x000019b2      0x1ea CMakeFiles/can.elf.dir/application/object_dictionary.c.obj
 .debug_abbrev  0x00001b9c      0x1a1 CMakeFiles/can.elf.dir/bsp/boards/bsp_can.c.obj

.debug_loclists
                0x00000000     0x1dac
 .debug_loclists
                0x00000000       0xc9 CMakeFiles/can.elf.dir/Drivers/STM32F4xx_HAL_Driver/Src/stm32f4xx_hal.c.obj
 .debug_loclists
                0x000000c9      0x85c CMakeFiles/can.elf.dir/Drivers/STM32F4xx_HAL_Driver/Src/stm32f4xx_hal_can.c.obj
 .debug_loclists
                0x00000925      0x439 CMakeFiles/can.elf.dir/Drivers/STM32F4xx_HAL_Driver/Src/stm32f4xx_hal_cortex.c.obj
 .debug_loclists
                0x00000d5e      0x356 CMakeFiles/can.elf.dir/Drivers/STM32F4xx_HAL_Driver/Src/stm32f4xx_hal_gpio.c.obj
 .debug_loclists
                0x000010b4      0x3a9 CMakeFiles/can.elf.dir/Drivers/STM32F4xx_HAL_Driver/Src/stm32f4xx_hal_rcc.c.obj
 .debug_loclists
                0x0000145d       0x8b CMakeFiles/can.elf.dir/Src/can.c.obj
 .debug_loclists
                0x000014e8       0x46 CMakeFiles/can.elf.dir/Src/sysmem.c.obj
 .debug_loclists
                0x0000152e       0xdb CMakeFiles/can.elf.dir/Src/system_stm32f4xx.c.obj
 .debug_loclists
                0x00001609      0x28e CMakeFiles/can.elf.dir/application/CAN_receive.c.obj
 .debug_loclists
                0x00001897      0x515 CMakeFiles/can.elf.dir/application/object_dictionary.c.obj

.debug_aranges  0x00000000      0x638
 .debug_aranges
                0x00000000       0xf0 CMakeFiles/can.elf.dir/Drivers/STM32F4xx_HAL_Driver/Src/stm32f4xx_hal.c.obj
 .debug_aranges
                0x000000f0      0x138 CMakeFiles/can.elf.dir/Drivers/STM32F4xx_HAL_Driver/Src/stm32f4xx_hal_can.c.obj
 .debug_aranges
                0x00000228       0xd8 CMakeFiles/can.elf.dir/Drivers/STM32F4xx_HAL_Driver/Src/stm32f4xx_hal_cortex.c.obj
 .debug_aranges
                0x00000300       0x58 CMakeFiles/can.elf.dir/Drivers/STM32F4xx_HAL_Driver/Src/stm32f4xx_hal_gpio.c.obj
 .debug_aranges
                0x00000358       0x88 CMakeFiles/can.elf.dir/Drivers/STM32F4xx_HAL_Driver/Src/stm32f4xx_hal_rcc.c.obj
 .debug_aranges
                0x000003e0       0x38 CMakeFiles/can.elf.dir/Src/can.c.obj
 .debug_aranges
                0x00000418       0x20 CMakeFiles/can.elf.dir/Src/gpio.c.obj
 .debug_aranges
                0x00000438       0x30 CMakeFiles/can.elf.dir/Src/main.c.obj
 .debug_aranges
                0x00000468       0x20 CMakeFiles/can.elf.dir/Src/stm32f4xx_hal_msp.c.obj
 .debug_aranges
                0x00000488       0x70 CMakeFiles/can.elf.dir/Src/stm32f4xx_it.c.obj
 .debug_aranges
                0x000004f8       0x20 CMakeFiles/can.elf.dir/Src/sysmem.c.obj
 .debug_aranges
                0x00000518       0x28 CMakeFiles/can.elf.dir/Src/system_stm32f4xx.c.obj
 .debug_aranges
                0x00000540       0x28 CMakeFiles/can.elf.dir/Startup/startup_stm32f407ighx.s.obj
 .debug_aranges
                0x00000568       0x38 CMakeFiles/can.elf.dir/application/CAN_receive.c.obj
 .debug_aranges
                0x000005a0       0x78 CMakeFiles/can.elf.dir/application/object_dictionary.c.obj
 .debug_aranges
                0x00000618       0x20 CMakeFiles/can.elf.dir/bsp/boards/bsp_can.c.obj

.debug_rnglists
                0x00000000      0x4c6
 .debug_rnglists
                0x00000000       0xaf CMakeFiles/can.elf.dir/Drivers/STM32F4xx_HAL_Driver/Src/stm32f4xx_hal.c.obj
 .debug_rnglists
                0x000000af       0xea CMakeFiles/can.elf.dir/Drivers/STM32F4xx_HAL_Driver/Src/stm32f4xx_hal_can.c.obj
 .debug_rnglists
                0x00000199       0x9d CMakeFiles/can.elf.dir/Drivers/STM32F4xx_HAL_Driver/Src/stm32f4xx_hal_cortex.c.obj
 .debug_rnglists
                0x00000236       0x3f CMakeFiles/can.elf.dir/Drivers/STM32F4xx_HAL_Driver/Src/stm32f4xx_hal_gpio.c.obj
 .debug_rnglists
                0x00000275       0x75 CMakeFiles/can.elf.dir/Drivers/STM32F4xx_HAL_Driver/Src/stm32f4xx_hal_rcc.c.obj
 .debug_rnglists
                0x000002ea       0x27 CMakeFiles/can.elf.dir/Src/can.c.obj
 .debug_rnglists
                0x00000311       0x13 CMakeFiles/can.elf.dir/Src/gpio.c.obj
 .debug_rnglists
                0x00000324       0x20 CMakeFiles/can.elf.dir/Src/main.c.obj
 .debug_rnglists
                0x00000344       0x13 CMakeFiles/can.elf.dir/Src/stm32f4xx_hal_msp.c.obj
 .debug_rnglists
                0x00000357       0x4f CMakeFiles/can.elf.dir/Src/stm32f4xx_it.c.obj
 .debug_rnglists
                0x000003a6       0x13 CMakeFiles/can.elf.dir/Src/sysmem.c.obj
 .debug_rnglists
                0x000003b9       0x1a CMakeFiles/can.elf.dir/Src/system_stm32f4xx.c.obj
 .debug_rnglists
                0x000003d3       0x19 CMakeFiles/can.elf.dir/Startup/startup_stm32f407ighx.s.obj
 .debug_rnglists
                0x000003ec       0x65 CMakeFiles/can.elf.dir/application/CAN_receive.c.obj
 .debug_rnglists
                0x00000451       0x62 CMakeFiles/can.elf.dir/application/object_dictionary.c.obj
 .debug_rnglists
                0x000004b3       0x13 CMakeFiles/can.elf.dir/bsp/boards/bsp_can.c.obj

.debug_line     0x00000000     0x584c
 .debug_line    0x00000000      0x625 CMakeFiles/can.elf.dir/Drivers/STM32F4xx_HAL_Driver/Src/stm32f4xx_hal.c.obj
 .debug_line    0x00000625     0x11ca CMakeFiles/can.elf.dir/Drivers/STM32F4xx_HAL_Driver/Src/stm32f4xx_hal_can.c.obj
 .debug_line    0x000017ef      0x8d0 CMakeFiles/can.elf.dir/Drivers/STM32F4xx_HAL_Driver/Src/stm32f4xx_hal_cortex.c.obj
 .debug_line    0x000020bf      0x745 CMakeFiles/can.elf.dir/Drivers/STM32F4xx_HAL_Driver/Src/stm32f4xx_hal_gpio.c.obj
 .debug_line    0x00002804      0xb8a CMakeFiles/can.elf.dir/Drivers/STM32F4xx_HAL_Driver/Src/stm32f4xx_hal_rcc.c.obj
 .debug_line    0x0000338e      0x57b CMakeFiles/can.elf.dir/Src/can.c.obj
 .debug_line    0x00003909      0x1a0 CMakeFiles/can.elf.dir/Src/gpio.c.obj
 .debug_line    0x00003aa9      0x443 CMakeFiles/can.elf.dir/Src/main.c.obj
 .debug_line    0x00003eec      0x1a2 CMakeFiles/can.elf.dir/Src/stm32f4xx_hal_msp.c.obj
 .debug_line    0x0000408e      0x335 CMakeFiles/can.elf.dir/Src/stm32f4xx_it.c.obj
 .debug_line    0x000043c3      0x1c1 CMakeFiles/can.elf.dir/Src/sysmem.c.obj
 .debug_line    0x00004584      0x312 CMakeFiles/can.elf.dir/Src/system_stm32f4xx.c.obj
 .debug_line    0x00004896       0x7a CMakeFiles/can.elf.dir/Startup/startup_stm32f407ighx.s.obj
 .debug_line    0x00004910      0x613 CMakeFiles/can.elf.dir/application/CAN_receive.c.obj
 .debug_line    0x00004f23      0x6a5 CMakeFiles/can.elf.dir/application/object_dictionary.c.obj
 .debug_line    0x000055c8      0x284 CMakeFiles/can.elf.dir/bsp/boards/bsp_can.c.obj

.debug_str      0x00000000     0x29f8
 .debug_str     0x00000000      0xb70 CMakeFiles/can.elf.dir/Drivers/STM32F4xx_HAL_Driver/Src/stm32f4xx_hal.c.obj
                                0xbc9 (size before relaxing)
 .debug_str     0x00000b70      0x7ff CMakeFiles/can.elf.dir/Drivers/STM32F4xx_HAL_Driver/Src/stm32f4xx_hal_can.c.obj
                                0xab0 (size before relaxing)
 .debug_str     0x0000136f      0x4e8 CMakeFiles/can.elf.dir/Drivers/STM32F4xx_HAL_Driver/Src/stm32f4xx_hal_cortex.c.obj
                                0xc91 (size before relaxing)
 .debug_str     0x00001857      0x20c CMakeFiles/can.elf.dir/Drivers/STM32F4xx_HAL_Driver/Src/stm32f4xx_hal_gpio.c.obj
                                0x545 (size before relaxing)
 .debug_str     0x00001a63      0x355 CMakeFiles/can.elf.dir/Drivers/STM32F4xx_HAL_Driver/Src/stm32f4xx_hal_rcc.c.obj
                                0x76b (size before relaxing)
 .debug_str     0x00001db8       0x98 CMakeFiles/can.elf.dir/Src/can.c.obj
                                0xbfd (size before relaxing)
 .debug_str     0x00001e50       0x4f CMakeFiles/can.elf.dir/Src/gpio.c.obj
                                0x30f (size before relaxing)
 .debug_str     0x00001e9f      0x1c2 CMakeFiles/can.elf.dir/Src/main.c.obj
                                0x69a (size before relaxing)
 .debug_str     0x00002061       0x4f CMakeFiles/can.elf.dir/Src/stm32f4xx_hal_msp.c.obj
                                0x31b (size before relaxing)
 .debug_str     0x000020b0      0x102 CMakeFiles/can.elf.dir/Src/stm32f4xx_it.c.obj
                                0x584 (size before relaxing)
 .debug_str     0x000021b2       0xac CMakeFiles/can.elf.dir/Src/sysmem.c.obj
                                0x285 (size before relaxing)
 .debug_str     0x0000225e       0x79 CMakeFiles/can.elf.dir/Src/system_stm32f4xx.c.obj
                                0x3d5 (size before relaxing)
 .debug_str     0x000022d7       0x73 CMakeFiles/can.elf.dir/Startup/startup_stm32f407ighx.s.obj
                                 0xbc (size before relaxing)
 .debug_str     0x0000234a      0x55a CMakeFiles/can.elf.dir/application/CAN_receive.c.obj
                                0xc49 (size before relaxing)
 .debug_str     0x000028a4       0xfa CMakeFiles/can.elf.dir/application/object_dictionary.c.obj
                                0x7f9 (size before relaxing)
 .debug_str     0x0000299e       0x5a CMakeFiles/can.elf.dir/bsp/boards/bsp_can.c.obj
                                0x5fb (size before relaxing)

.comment        0x00000000       0x55
 .comment       0x00000000       0x55 CMakeFiles/can.elf.dir/Drivers/STM32F4xx_HAL_Driver/Src/stm32f4xx_hal.c.obj
                                 0x56 (size before relaxing)
 .comment       0x00000055       0x56 CMakeFiles/can.elf.dir/Drivers/STM32F4xx_HAL_Driver/Src/stm32f4xx_hal_can.c.obj
 .comment       0x00000055       0x56 CMakeFiles/can.elf.dir/Drivers/STM32F4xx_HAL_Driver/Src/stm32f4xx_hal_cortex.c.obj
 .comment       0x00000055       0x56 CMakeFiles/can.elf.dir/Drivers/STM32F4xx_HAL_Driver/Src/stm32f4xx_hal_gpio.c.obj
 .comment       0x00000055       0x56 CMakeFiles/can.elf.dir/Drivers/STM32F4xx_HAL_Driver/Src/stm32f4xx_hal_rcc.c.obj
 .comment       0x00000055       0x56 CMakeFiles/can.elf.dir/Src/can.c.obj
 .comment       0x00000055       0x56 CMakeFiles/can.elf.dir/Src/gpio.c.obj
 .comment       0x00000055       0x56 CMakeFiles/can.elf.dir/Src/main.c.obj
 .comment       0x00000055       0x56 CMakeFiles/can.elf.dir/Src/stm32f4xx_hal_msp.c.obj
 .comment       0x00000055       0x56 CMakeFiles/can.elf.dir/Src/stm32f4xx_it.c.obj
 .comment       0x00000055       0x56 CMakeFiles/can.elf.dir/Src/sysmem.c.obj
 .comment       0x00000055       0x56 CMakeFiles/can.elf.dir/Src/system_stm32f4xx.c.obj
 .comment       0x00000055       0x56 CMakeFiles/can.elf.dir/application/CAN_receive.c.obj
 .comment       0x00000055       0x56 CMakeFiles/can.elf.dir/application/object_dictionary.c.obj
 .comment       0x00000055       0x56 CMakeFiles/can.elf.dir/bsp/boards/bsp_can.c.obj

.debug_frame    0x00000000     0x12b8
 .debug_frame   0x00000000      0x1ec CMakeFiles/can.elf.dir/Drivers/STM32F4xx_HAL_Driver/Src/stm32f4xx_hal.c.obj
 .debug_frame   0x000001ec      0x2d8 CMakeFiles/can.elf.dir/Drivers/STM32F4xx_HAL_Driver/Src/stm32f4xx_hal_can.c.obj
 .debug_frame   0x000004c4      0x1cc CMakeFiles/can.elf.dir/Drivers/STM32F4xx_HAL_Driver/Src/stm32f4xx_hal_cortex.c.obj
 .debug_frame   0x00000690       0xd8 CMakeFiles/can.elf.dir/Drivers/STM32F4xx_HAL_Driver/Src/stm32f4xx_hal_gpio.c.obj
 .debug_frame   0x00000768      0x16c CMakeFiles/can.elf.dir/Drivers/STM32F4xx_HAL_Driver/Src/stm32f4xx_hal_rcc.c.obj
 .debug_frame   0x000008d4       0x78 CMakeFiles/can.elf.dir/Src/can.c.obj
 .debug_frame   0x0000094c       0x28 CMakeFiles/can.elf.dir/Src/gpio.c.obj
 .debug_frame   0x00000974       0x58 CMakeFiles/can.elf.dir/Src/main.c.obj
 .debug_frame   0x000009cc       0x28 CMakeFiles/can.elf.dir/Src/stm32f4xx_hal_msp.c.obj
 .debug_frame   0x000009f4       0xd8 CMakeFiles/can.elf.dir/Src/stm32f4xx_it.c.obj
 .debug_frame   0x00000acc       0x28 CMakeFiles/can.elf.dir/Src/sysmem.c.obj
 .debug_frame   0x00000af4       0x30 CMakeFiles/can.elf.dir/Src/system_stm32f4xx.c.obj
 .debug_frame   0x00000b24       0x90 CMakeFiles/can.elf.dir/application/CAN_receive.c.obj
 .debug_frame   0x00000bb4      0x17c CMakeFiles/can.elf.dir/application/object_dictionary.c.obj
 .debug_frame   0x00000d30       0x30 CMakeFiles/can.elf.dir/bsp/boards/bsp_can.c.obj
 .debug_frame   0x00000d60       0x2c c:/progra~2/armgnu~1/12977f~1.2mp/bin/../lib/gcc/arm-none-eabi/12.2.1/thumb/v7e-m+fp/hard\libgcc.a(_aeabi_uldivmod.o)
 .debug_frame   0x00000d8c       0x34 c:/progra~2/armgnu~1/12977f~1.2mp/bin/../lib/gcc/arm-none-eabi/12.2.1/thumb/v7e-m+fp/hard\libgcc.a(_udivmoddi4.o)
 .debug_frame   0x00000dc0       0x30 c:/progra~2/armgnu~1/12977f~1.2mp/bin/../lib/gcc/arm-none-eabi/12.2.1/thumb/v7e-m+fp/hard\libg.a(libc_a-malloc.o)
 .debug_frame   0x00000df0       0x48 c:/progra~2/armgnu~1/12977f~1.2mp/bin/../lib/gcc/arm-none-eabi/12.2.1/thumb/v7e-m+fp/hard\libg.a(libc_a-mallocr.o)
 .debug_frame   0x00000e38       0x30 c:/progra~2/armgnu~1/12977f~1.2mp/bin/../lib/gcc/arm-none-eabi/12.2.1/thumb/v7e-m+fp/hard\libg.a(libc_a-mlock.o)
 .debug_frame   0x00000e68      0x13c c:/progra~2/armgnu~1/12977f~1.2mp/bin/../lib/gcc/arm-none-eabi/12.2.1/thumb/v7e-m+fp/hard\libg.a(libc_a-findfp.o)
 .debug_frame   0x00000fa4       0x2c c:/progra~2/armgnu~1/12977f~1.2mp/bin/../lib/gcc/arm-none-eabi/12.2.1/thumb/v7e-m+fp/hard\libg.a(libc_a-memset.o)
 .debug_frame   0x00000fd0       0x3c c:/progra~2/armgnu~1/12977f~1.2mp/bin/../lib/gcc/arm-none-eabi/12.2.1/thumb/v7e-m+fp/hard\libg.a(libc_a-reent.o)
 .debug_frame   0x0000100c       0x2c c:/progra~2/armgnu~1/12977f~1.2mp/bin/../lib/gcc/arm-none-eabi/12.2.1/thumb/v7e-m+fp/hard\libg.a(libc_a-sbrkr.o)
 .debug_frame   0x00001038       0x20 c:/progra~2/armgnu~1/12977f~1.2mp/bin/../lib/gcc/arm-none-eabi/12.2.1/thumb/v7e-m+fp/hard\libg.a(libc_a-errno.o)
 .debug_frame   0x00001058       0x2c c:/progra~2/armgnu~1/12977f~1.2mp/bin/../lib/gcc/arm-none-eabi/12.2.1/thumb/v7e-m+fp/hard\libg.a(libc_a-init.o)
 .debug_frame   0x00001084       0xb0 c:/progra~2/armgnu~1/12977f~1.2mp/bin/../lib/gcc/arm-none-eabi/12.2.1/thumb/v7e-m+fp/hard\libg.a(libc_a-lock.o)
 .debug_frame   0x00001134       0x28 c:/progra~2/armgnu~1/12977f~1.2mp/bin/../lib/gcc/arm-none-eabi/12.2.1/thumb/v7e-m+fp/hard\libg.a(libc_a-sysconf.o)
 .debug_frame   0x0000115c       0x5c c:/progra~2/armgnu~1/12977f~1.2mp/bin/../lib/gcc/arm-none-eabi/12.2.1/thumb/v7e-m+fp/hard\libg.a(libc_a-__call_atexit.o)
 .debug_frame   0x000011b8       0x20 c:/progra~2/armgnu~1/12977f~1.2mp/bin/../lib/gcc/arm-none-eabi/12.2.1/thumb/v7e-m+fp/hard\libg.a(libc_a-atexit.o)
 .debug_frame   0x000011d8       0x78 c:/progra~2/armgnu~1/12977f~1.2mp/bin/../lib/gcc/arm-none-eabi/12.2.1/thumb/v7e-m+fp/hard\libg.a(libc_a-freer.o)
 .debug_frame   0x00001250       0x34 c:/progra~2/armgnu~1/12977f~1.2mp/bin/../lib/gcc/arm-none-eabi/12.2.1/thumb/v7e-m+fp/hard\libg.a(libc_a-fini.o)
 .debug_frame   0x00001284       0x34 c:/progra~2/armgnu~1/12977f~1.2mp/bin/../lib/gcc/arm-none-eabi/12.2.1/thumb/v7e-m+fp/hard\libg.a(libc_a-__atexit.o)

.debug_line_str
                0x00000000      0x278
 .debug_line_str
                0x00000000       0xa0 CMakeFiles/can.elf.dir/Startup/startup_stm32f407ighx.s.obj
 .debug_line_str
                0x000000a0       0xd9 c:/progra~2/armgnu~1/12977f~1.2mp/bin/../lib/gcc/arm-none-eabi/12.2.1/thumb/v7e-m+fp/hard\libgcc.a(_aeabi_uldivmod.o)
 .debug_line_str
                0x00000179        0xc c:/progra~2/armgnu~1/12977f~1.2mp/bin/../lib/gcc/arm-none-eabi/12.2.1/thumb/v7e-m+fp/hard\libgcc.a(_dvmd_tls.o)
                                 0xdd (size before relaxing)
 .debug_line_str
                0x00000185       0xf3 c:/progra~2/armgnu~1/12977f~1.2mp/bin/../lib/gcc/arm-none-eabi/12.2.1/thumb/v7e-m+fp/hard\libg.a(libc_a-memcpy.o)
